<html>
<body>
<pre>
<h1>µVision Build Log</h1>
<h2>Project:</h2>
F:\Documents\Kit\RBC\Code\RBC2011\code\robocon.uvproj
Project File Date:  09/01/2010

<h2>Output:</h2>
Build target 'Target 1'
compiling ral_pid.c...
RAL\ral_pid.c(189): warning:  #223-D: function "Encoder_ReadBuffer" declared implicitly
RAL\ral_pid.c:          return (double)Encoder_ReadBuffer(POSS->encoderChannel) - correctPos; 
RAL\ral_pid.c:                         ^
RAL\ral_pid.c(200): warning:  #223-D: function "Encoder_ReadBuffer" declared implicitly
RAL\ral_pid.c:          int newPos = Encoder_ReadBuffer(VELS->encoderChannel);
RAL\ral_pid.c:                       ^
RAL\ral_pid.c: RAL\ral_pid.c: 2 warnings, 0 errors
linking...
robocon.axf: Error: L6218E: Undefined symbol Encoder_ReadBuffer (referred from ral_odometry.o).
robocon.axf: Not enough information to list image symbols.
robocon.axf: Finished: 1 information, 0 warning and 1 error messages.
Target not created
Build target 'Target 1'
compiling aal_213xpwm.c...
compiling aal_adc.c...
compiling aal_gpio.c...
compiling aal_timer.c...
compiling aal_uart.c...
compiling ral_encoder.c...
compiling ral_joystick.c...
compiling ral_linesensor.c...
compiling ral_motor.c...
compiling ral_mux.c...
compiling ral_odometry.c...
RAL\ral_odometry.c(15): warning:  #223-D: function "Encoder_ReadBuffer" declared implicitly
RAL\ral_odometry.c:     Odometry_Pos.encoderLastCntL = Encoder_ReadBuffer(Odometry_Pos.encoderChannelL);
RAL\ral_odometry.c:                                    ^
RAL\ral_odometry.c(31): warning:  #223-D: function "Encoder_ReadBuffer" declared implicitly
RAL\ral_odometry.c:       LnewCount = Encoder_ReadBuffer(Odometry_Pos.encoderChannelL);
RAL\ral_odometry.c:                   ^
RAL\ral_odometry.c: RAL\ral_odometry.c: 2 warnings, 0 errors
compiling ral_pid.c...
RAL\ral_pid.c(189): warning:  #223-D: function "Encoder_ReadBuffer" declared implicitly
RAL\ral_pid.c:          return (double)Encoder_ReadBuffer(POSS->encoderChannel) - correctPos; 
RAL\ral_pid.c:                         ^
RAL\ral_pid.c(200): warning:  #223-D: function "Encoder_ReadBuffer" declared implicitly
RAL\ral_pid.c:          int newPos = Encoder_ReadBuffer(VELS->encoderChannel);
RAL\ral_pid.c:                       ^
RAL\ral_pid.c: RAL\ral_pid.c: 2 warnings, 0 errors
compiling main.c...
compiling arm_math.c...
assembling Startup.s...
linking...
robocon.axf: Error: L6218E: Undefined symbol Encoder_ReadBuffer (referred from ral_odometry.o).
robocon.axf: Not enough information to list image symbols.
robocon.axf: Finished: 1 information, 0 warning and 1 error messages.
Target not created
Build target 'Target 1'
compiling aal_213xpwm.c...
compiling aal_adc.c...
compiling aal_gpio.c...
compiling aal_timer.c...
compiling aal_uart.c...
compiling ral_encoder.c...
RAL\ral_encoder.h(7): warning:  #1295-D: Deprecated declaration Encoder_ReadAll - give arg types
RAL\ral_encoder.h:   void Encoder_ReadAll();
RAL\ral_encoder.h:        ^
RAL\ral_encoder.c(20): error:  #65: expected a ";"
RAL\ral_encoder.c:      int i;
RAL\ral_encoder.c:      ^
RAL\ral_encoder.c(24): error:  #20: identifier "i" is undefined
RAL\ral_encoder.c:      for(i=MUX_ENCODER1 ; i<=MUX_ENCODER10 ;i++)
RAL\ral_encoder.c:          ^
RAL\ral_encoder.c: RAL\ral_encoder.c: 1 warning, 2 errors
compiling ral_joystick.c...
compiling ral_linesensor.c...
compiling ral_motor.c...
compiling ral_mux.c...
compiling ral_odometry.c...
RAL\ral_encoder.h(7): warning:  #1295-D: Deprecated declaration Encoder_ReadAll - give arg types
RAL\ral_encoder.h:   void Encoder_ReadAll();
RAL\ral_encoder.h:        ^
RAL\ral_encoder.h: RAL\ral_odometry.c: 1 warning, 0 errors
compiling ral_pid.c...
RAL\ral_pid.c(189): warning:  #223-D: function "Encoder_ReadBuffer" declared implicitly
RAL\ral_pid.c:          return (double)Encoder_ReadBuffer(POSS->encoderChannel) - correctPos; 
RAL\ral_pid.c:                         ^
RAL\ral_pid.c(200): warning:  #223-D: function "Encoder_ReadBuffer" declared implicitly
RAL\ral_pid.c:          int newPos = Encoder_ReadBuffer(VELS->encoderChannel);
RAL\ral_pid.c:                       ^
RAL\ral_pid.c: RAL\ral_pid.c: 2 warnings, 0 errors
compiling main.c...
compiling arm_math.c...
assembling Startup.s...
compiling aal_spi.c...
AAL\aal_spi.c(2): error:  #3: #include file "AAL\aal_spi.c" includes itself
AAL\aal_spi.c:   #include "aal_spi.c"
AAL\aal_spi.c:                       ^
AAL\aal_spi.c: AAL\aal_spi.c: 0 warnings, 1 error
Target not created
Build target 'Target 1'
compiling ral_encoder.c...
RAL\ral_encoder.h(7): warning:  #1295-D: Deprecated declaration Encoder_ReadAll - give arg types
RAL\ral_encoder.h:   void Encoder_ReadAll();
RAL\ral_encoder.h:        ^
RAL\ral_encoder.c(20): error:  #65: expected a ";"
RAL\ral_encoder.c:      int i;
RAL\ral_encoder.c:      ^
RAL\ral_encoder.c(24): error:  #20: identifier "i" is undefined
RAL\ral_encoder.c:      for(i=MUX_ENCODER1 ; i<=MUX_ENCODER10 ;i++)
RAL\ral_encoder.c:          ^
RAL\ral_encoder.c: RAL\ral_encoder.c: 1 warning, 2 errors
compiling aal_spi.c...
AAL\aal_spi.c(18): error:  #20: identifier "speed_divider" is undefined
AAL\aal_spi.c:          S0SPCCR = speed_divider;        //Clock counter reg, spi clk = PCLK/speed_divider
AAL\aal_spi.c:                    ^
AAL\aal_spi.c(71): error:  #167: argument of type "const char *" is incompatible with parameter of type "char *"
AAL\aal_spi.c:                  Uart_Print(__func__);
AAL\aal_spi.c:                             ^
AAL\aal_spi.c(74): warning:  #223-D: function "exit" declared implicitly
AAL\aal_spi.c:                  exit(0);
AAL\aal_spi.c:                  ^
AAL\aal_spi.c: AAL\aal_spi.c: 1 warning, 2 errors
Target not created
Build target 'Target 1'
compiling aal_213xpwm.c...
compiling aal_adc.c...
compiling aal_gpio.c...
compiling aal_timer.c...
compiling aal_uart.c...
compiling ral_encoder.c...
compiling ral_joystick.c...
compiling ral_linesensor.c...
compiling ral_motor.c...
compiling ral_mux.c...
compiling ral_odometry.c...
compiling ral_pid.c...
RAL\ral_pid.c(189): warning:  #223-D: function "Encoder_ReadBuffer" declared implicitly
RAL\ral_pid.c:          return (double)Encoder_ReadBuffer(POSS->encoderChannel) - correctPos; 
RAL\ral_pid.c:                         ^
RAL\ral_pid.c(200): warning:  #223-D: function "Encoder_ReadBuffer" declared implicitly
RAL\ral_pid.c:          int newPos = Encoder_ReadBuffer(VELS->encoderChannel);
RAL\ral_pid.c:                       ^
RAL\ral_pid.c: RAL\ral_pid.c: 2 warnings, 0 errors
compiling main.c...
compiling arm_math.c...
assembling Startup.s...
compiling aal_spi.c...
AAL\aal_spi.c(71): error:  #167: argument of type "const char *" is incompatible with parameter of type "char *"
AAL\aal_spi.c:                  Uart_Print(__func__);
AAL\aal_spi.c:                             ^
AAL\aal_spi.c(75): error:  #20: identifier "r" is undefined
AAL\aal_spi.c:   r              return ;
AAL\aal_spi.c:   ^
AAL\aal_spi.c(75): error:  #65: expected a ";"
AAL\aal_spi.c:   r              return ;
AAL\aal_spi.c:                  ^
AAL\aal_spi.c: AAL\aal_spi.c: 0 warnings, 3 errors
Target not created
Build target 'Target 1'
compiling aal_213xpwm.c...
compiling aal_adc.c...
compiling aal_gpio.c...
compiling aal_timer.c...
compiling aal_uart.c...
compiling ral_encoder.c...
compiling ral_joystick.c...
compiling ral_linesensor.c...
compiling ral_motor.c...
compiling ral_mux.c...
compiling ral_odometry.c...
compiling ral_pid.c...
compiling main.c...
compiling arm_math.c...
assembling Startup.s...
compiling aal_spi.c...
AAL\aal_spi.c(71): error:  #167: argument of type "const char *" is incompatible with parameter of type "char *"
AAL\aal_spi.c:                  Uart_Print(__func__);
AAL\aal_spi.c:                             ^
AAL\aal_spi.c: AAL\aal_spi.c: 0 warnings, 1 error
Target not created
Build target 'Target 1'
compiling aal_213xpwm.c...
compiling aal_adc.c...
compiling aal_gpio.c...
compiling aal_timer.c...
compiling aal_uart.c...
compiling ral_encoder.c...
compiling ral_joystick.c...
compiling ral_linesensor.c...
compiling ral_motor.c...
compiling ral_mux.c...
compiling ral_odometry.c...
compiling ral_pid.c...
compiling main.c...
compiling arm_math.c...
assembling Startup.s...
compiling aal_spi.c...
linking...
robocon.axf: Error: L6218E: Undefined symbol GPIO_SET (referred from ral_mux.o).
robocon.axf: Not enough information to list image symbols.
robocon.axf: Finished: 1 information, 0 warning and 1 error messages.
Target not created
Build target 'Target 1'
compiling aal_213xpwm.c...
compiling aal_adc.c...
compiling aal_gpio.c...
compiling aal_timer.c...
compiling aal_uart.c...
compiling ral_encoder.c...
compiling ral_joystick.c...
compiling ral_linesensor.c...
compiling ral_motor.c...
compiling ral_mux.c...
RAL\ral_mux.c(28): warning:  #223-D: function "GPIO_Set" declared implicitly
RAL\ral_mux.c:          (channel&0x08) ? GPIO_SET(gpio_[3],1) : GPIO_Set(gpio_[3],0);
RAL\ral_mux.c:                                                  ^
RAL\ral_mux.c(28): error:  #42: operand types are incompatible ("void" and "int")
RAL\ral_mux.c:          (channel&0x08) ? GPIO_SET(gpio_[3],1) : GPIO_Set(gpio_[3],0);
RAL\ral_mux.c:                                                ^
RAL\ral_mux.c(29): error:  #42: operand types are incompatible ("void" and "int")
RAL\ral_mux.c:          (channel&0x04) ? GPIO_SET(gpio_[2],1) : GPIO_Set(gpio_[2],0);
RAL\ral_mux.c:                                                ^
RAL\ral_mux.c(30): error:  #42: operand types are incompatible ("void" and "int")
RAL\ral_mux.c:          (channel&0x02) ? GPIO_SET(gpio_[1],1) : GPIO_Set(gpio_[1],0);
RAL\ral_mux.c:                                                ^
RAL\ral_mux.c(31): error:  #42: operand types are incompatible ("void" and "int")
RAL\ral_mux.c:          (channel&0x01) ? GPIO_SET(gpio_[0],1) : GPIO_Set(gpio_[0],0);
RAL\ral_mux.c:                                                ^
RAL\ral_mux.c(65): warning:  #223-D: function "GPIO_Set" declared implicitly
RAL\ral_mux.c:          GPIO_Set(gpio_[4],1); //set not_EN
RAL\ral_mux.c:          ^
RAL\ral_mux.c: RAL\ral_mux.c: 2 warnings, 4 errors
compiling ral_odometry.c...
compiling ral_pid.c...
compiling main.c...
compiling arm_math.c...
assembling Startup.s...
compiling aal_spi.c...
Target not created
Build target 'Target 1'
compiling ral_mux.c...
RAL\ral_mux.c(28): warning:  #223-D: function "GPIO_Set" declared implicitly
RAL\ral_mux.c:          (channel&0x08) ? GPIO_Set(gpio_[3],1) : GPIO_Set(gpio_[3],0);
RAL\ral_mux.c:                           ^
RAL\ral_mux.c(65): warning:  #223-D: function "GPIO_Set" declared implicitly
RAL\ral_mux.c:          GPIO_Set(gpio_[4],1); //set not_EN
RAL\ral_mux.c:          ^
RAL\ral_mux.c: RAL\ral_mux.c: 2 warnings, 0 errors
linking...
Program Size: Code=5612 RO-data=16 RW-data=0 ZI-data=1256  
FromELF: creating hex file...
"robocon.axf" - 0 Error(s), 2 Warning(s).
Build target 'Target 1'
compiling aal_gpio.c...
compiling ral_joystick.c...
compiling ral_motor.c...
compiling ral_mux.c...
linking...
Program Size: Code=5612 RO-data=16 RW-data=0 ZI-data=1256  
FromELF: creating hex file...
"robocon.axf" - 0 Error(s), 0 Warning(s).
Build target 'Target 1'
compiling aal_213xpwm.c...
compiling aal_adc.c...
compiling aal_gpio.c...
compiling aal_timer.c...
compiling aal_uart.c...
compiling ral_encoder.c...
compiling ral_joystick.c...
compiling ral_linesensor.c...
compiling ral_motor.c...
compiling ral_mux.c...
compiling ral_odometry.c...
compiling ral_pid.c...
compiling main.c...
compiling arm_math.c...
assembling Startup.s...
compiling aal_spi.c...
linking...
Program Size: Code=5612 RO-data=16 RW-data=0 ZI-data=1256  
FromELF: creating hex file...
"robocon.axf" - 0 Error(s), 0 Warning(s).
