<html>
<body>
<pre>
<h1>µVision Build Log</h1>
<h2>Project:</h2>
F:\Documents\Kit\RBC\Code\RBC2011\code\robocon.uvproj
Project File Date:  09/03/2010

<h2>Output:</h2>
Build target 'Target 1'
compiling aal_213xpwm.c...
compiling aal_adc.c...
compiling aal_gpio.c...
compiling aal_timer.c...
compiling aal_uart.c...
compiling arm_math.c...
compiling aal_spi.c...
compiling ral_encoder.c...
compiling ral_joystick.c...
compiling ral_linesensor.c...
compiling ral_motor.c...
compiling ral_mux.c...
compiling ral_odometry.c...
compiling ral_pid.c...
assembling Startup.s...
compiling main.c...
linking...
Program Size: Code=5612 RO-data=16 RW-data=0 ZI-data=1256  
FromELF: creating hex file...
"robocon.axf" - 0 Error(s), 0 Warning(s).
