<html>
<body>
<pre>
<h1>µVision3 Build Log</h1>
<h2>Project:</h2>
C:\Documents and Settings\CEG3430\Desktop\RBC-RBC2011-d6ce781\RBC2011\Line Sensor\Sensor Module\sensor.uv2
Project File Date:  09/14/2010

<h2>Output:</h2>
Build target 'Target 1'
assembling Startup.s...
compiling main.c...
main.c(55): warning:  #111-D: statement is unreachable
compiling aal_213xpwm.c...
compiling aal_adc.c...
compiling aal_gpio.c...
compiling aal_spi.c...
compiling aal_timer.c...
compiling aal_uart.c...
compiling arm_math.c...
compiling ral_encoder.c...
compiling ral_joystick.c...
compiling ral_linesensor.c...
compiling ral_motor.c...
compiling ral_mux.c...
compiling ral_odometry.c...
compiling ral_pid.c...
compiling ral_servo.c...
linking...
Program Size: Code=6024 RO-data=64 RW-data=12 ZI-data=1316  
FromELF: creating hex file...
"sensor.axf" - 0 Error(s), 1 Warning(s).
"C:\Program Files\Philips Semiconductors\Philips Flash Utility\LPC210x_ISP.exe" "C:\Documents and Settings\CEG3430\Desktop\RBC-RBC2011-d6ce781\RBC2011\Line Sensor\Sensor Module\sensor.HEX" 12000 LPC2131 COM1: 57600 1
