<html>
<body>
<pre>
<h1>µVision Build Log</h1>
<h2>Project:</h2>
C:\Documents and Settings\CEG3430\Desktop\RBC-RBC2011-3a05a30\RBC2011\Line Sensor\Sensor Module\sensor.uvproj
Project File Date:  09/23/2010

<h2>Output:</h2>
Build target 'Target 1'
assembling Startup.s...
compiling main.c...
main.c(64): warning:  #111-D: statement is unreachable
main.c:         return 0;
main.c:         ^
main.c: main.c: 1 warning, 0 errors
compiling aal_adc.c...
compiling aal_gpio.c...
compiling aal_spi.c...
compiling aal_timer.c...
compiling aal_uart.c...
compiling arm_math.c...
compiling aal_pwm.c...
compiling ral_encoder.c...
compiling ral_joystick.c...
compiling ral_linesensor.c...
compiling ral_motor.c...
compiling ral_mux.c...
compiling ral_odometry.c...
compiling ral_pid.c...
compiling ral_servo.c...
linking...
Program Size: Code=5720 RO-data=64 RW-data=16 ZI-data=1384  
FromELF: creating hex file...
"sensor.axf" - 0 Error(s), 1 Warning(s).
"C:\Program Files\Philips Semiconductors\Philips Flash Utility\LPC210x_ISP.exe" "C:\Documents and Settings\CEG3430\Desktop\RBC-RBC2011-3a05a30\RBC2011\Line Sensor\Sensor Module\sensor.HEX" 12000 LPC2131 COM1: 57600 1
Build target 'Target 1'
assembling Startup.s...
compiling main.c...
main.c(64): warning:  #111-D: statement is unreachable
main.c:         return 0;
main.c:         ^
main.c: main.c: 1 warning, 0 errors
compiling aal_adc.c...
compiling aal_gpio.c...
compiling aal_spi.c...
compiling aal_timer.c...
compiling aal_uart.c...
compiling arm_math.c...
compiling aal_pwm.c...
compiling ral_encoder.c...
compiling ral_joystick.c...
compiling ral_linesensor.c...
compiling ral_motor.c...
compiling ral_mux.c...
compiling ral_odometry.c...
compiling ral_pid.c...
compiling ral_servo.c...
linking...
Program Size: Code=5696 RO-data=64 RW-data=16 ZI-data=1384  
FromELF: creating hex file...
"sensor.axf" - 0 Error(s), 1 Warning(s).
Build target 'Target 1'
assembling Startup.s...
compiling main.c...
main.c(64): warning:  #111-D: statement is unreachable
main.c:         return 0;
main.c:         ^
main.c: main.c: 1 warning, 0 errors
compiling aal_adc.c...
compiling aal_gpio.c...
compiling aal_spi.c...
compiling aal_timer.c...
compiling aal_uart.c...
compiling arm_math.c...
compiling aal_pwm.c...
compiling ral_encoder.c...
compiling ral_joystick.c...
compiling ral_linesensor.c...
compiling ral_motor.c...
compiling ral_mux.c...
compiling ral_odometry.c...
compiling ral_pid.c...
compiling ral_servo.c...
linking...
Program Size: Code=5696 RO-data=64 RW-data=16 ZI-data=1384  
FromELF: creating hex file...
"sensor.axf" - 0 Error(s), 1 Warning(s).
"C:\Program Files\Philips Semiconductors\Philips Flash Utility\LPC210x_ISP.exe" "C:\Documents and Settings\CEG3430\Desktop\RBC-RBC2011-3a05a30\RBC2011\Line Sensor\Sensor Module\sensor.HEX" 12000 LPC2131 COM1: 57600 1
"C:\Program Files\Philips Semiconductors\Philips Flash Utility\LPC210x_ISP.exe" "C:\Documents and Settings\CEG3430\Desktop\RBC-RBC2011-3a05a30\RBC2011\Line Sensor\Sensor Module\sensor.HEX" 12000 LPC2131 COM1: 57600 1
Build target 'Target 1'
assembling Startup.s...
compiling main.c...
main.c(65): warning:  #111-D: statement is unreachable
main.c:         return 0;
main.c:         ^
main.c: main.c: 1 warning, 0 errors
compiling aal_adc.c...
compiling aal_gpio.c...
compiling aal_spi.c...
compiling aal_timer.c...
compiling aal_uart.c...
compiling arm_math.c...
compiling aal_pwm.c...
compiling ral_encoder.c...
compiling ral_joystick.c...
compiling ral_linesensor.c...
compiling ral_motor.c...
compiling ral_mux.c...
compiling ral_odometry.c...
compiling ral_pid.c...
compiling ral_servo.c...
linking...
Program Size: Code=5716 RO-data=64 RW-data=16 ZI-data=1384  
FromELF: creating hex file...
"sensor.axf" - 0 Error(s), 1 Warning(s).
"C:\Program Files\Philips Semiconductors\Philips Flash Utility\LPC210x_ISP.exe" "C:\Documents and Settings\CEG3430\Desktop\RBC-RBC2011-3a05a30\RBC2011\Line Sensor\Sensor Module\sensor.HEX" 12000 LPC2131 COM1: 57600 1
"C:\Program Files\Philips Semiconductors\Philips Flash Utility\LPC210x_ISP.exe" "C:\Documents and Settings\CEG3430\Desktop\RBC-RBC2011-3a05a30\RBC2011\Line Sensor\Sensor Module\sensor.HEX" 12000 LPC2131 COM1: 57600 1
Build target 'Target 1'
assembling Startup.s...
compiling main.c...
main.c(65): warning:  #111-D: statement is unreachable
main.c:         return 0;
main.c:         ^
main.c: main.c: 1 warning, 0 errors
compiling aal_adc.c...
compiling aal_gpio.c...
compiling aal_spi.c...
compiling aal_timer.c...
compiling aal_uart.c...
compiling arm_math.c...
compiling aal_pwm.c...
compiling ral_encoder.c...
compiling ral_joystick.c...
compiling ral_linesensor.c...
compiling ral_motor.c...
compiling ral_mux.c...
compiling ral_odometry.c...
compiling ral_pid.c...
compiling ral_servo.c...
linking...
Program Size: Code=5716 RO-data=64 RW-data=16 ZI-data=1384  
FromELF: creating hex file...
"sensor.axf" - 0 Error(s), 1 Warning(s).
Build target 'Target 1'
assembling Startup.s...
compiling main.c...
main.c(65): warning:  #111-D: statement is unreachable
main.c:         return 0;
main.c:         ^
main.c: main.c: 1 warning, 0 errors
compiling aal_adc.c...
compiling aal_gpio.c...
compiling aal_spi.c...
compiling aal_timer.c...
compiling aal_uart.c...
compiling arm_math.c...
compiling aal_pwm.c...
compiling ral_encoder.c...
compiling ral_joystick.c...
compiling ral_linesensor.c...
compiling ral_motor.c...
compiling ral_mux.c...
compiling ral_odometry.c...
compiling ral_pid.c...
compiling ral_servo.c...
linking...
Program Size: Code=5716 RO-data=64 RW-data=16 ZI-data=1384  
FromELF: creating hex file...
"sensor.axf" - 0 Error(s), 1 Warning(s).
"C:\Program Files\Philips Semiconductors\Philips Flash Utility\LPC210x_ISP.exe" "C:\Documents and Settings\CEG3430\Desktop\RBC-RBC2011-3a05a30\RBC2011\Line Sensor\Sensor Module\sensor.HEX" 12000 LPC2131 COM1: 57600 1
Build target 'Target 1'
assembling Startup.s...
compiling main.c...
main.c(72): warning:  #111-D: statement is unreachable
main.c:         return 0;
main.c:         ^
main.c: main.c: 1 warning, 0 errors
compiling aal_adc.c...
compiling aal_gpio.c...
compiling aal_spi.c...
compiling aal_timer.c...
compiling aal_uart.c...
compiling arm_math.c...
compiling aal_pwm.c...
compiling ral_encoder.c...
compiling ral_joystick.c...
compiling ral_linesensor.c...
compiling ral_motor.c...
compiling ral_mux.c...
compiling ral_odometry.c...
compiling ral_pid.c...
compiling ral_servo.c...
linking...
Program Size: Code=5784 RO-data=64 RW-data=16 ZI-data=1384  
FromELF: creating hex file...
"sensor.axf" - 0 Error(s), 1 Warning(s).
"C:\Program Files\Philips Semiconductors\Philips Flash Utility\LPC210x_ISP.exe" "C:\Documents and Settings\CEG3430\Desktop\RBC-RBC2011-3a05a30\RBC2011\Line Sensor\Sensor Module\sensor.HEX" 12000 LPC2131 COM1: 57600 1
"C:\Program Files\Philips Semiconductors\Philips Flash Utility\LPC210x_ISP.exe" "C:\Documents and Settings\CEG3430\Desktop\RBC-RBC2011-3a05a30\RBC2011\Line Sensor\Sensor Module\sensor.HEX" 12000 LPC2131 COM1: 57600 1
Build target 'Target 1'
assembling Startup.s...
compiling main.c...
main.c(75): warning:  #111-D: statement is unreachable
main.c:         return 0;
main.c:         ^
main.c: main.c: 1 warning, 0 errors
compiling aal_adc.c...
compiling aal_gpio.c...
compiling aal_spi.c...
compiling aal_timer.c...
compiling aal_uart.c...
compiling arm_math.c...
compiling aal_pwm.c...
compiling ral_encoder.c...
compiling ral_joystick.c...
compiling ral_linesensor.c...
compiling ral_motor.c...
compiling ral_mux.c...
compiling ral_odometry.c...
compiling ral_pid.c...
compiling ral_servo.c...
linking...
Program Size: Code=5804 RO-data=64 RW-data=16 ZI-data=1384  
FromELF: creating hex file...
"sensor.axf" - 0 Error(s), 1 Warning(s).
Build target 'Target 1'
assembling Startup.s...
compiling main.c...
main.c(75): warning:  #111-D: statement is unreachable
main.c:         return 0;
main.c:         ^
main.c: main.c: 1 warning, 0 errors
compiling aal_adc.c...
compiling aal_gpio.c...
compiling aal_spi.c...
compiling aal_timer.c...
compiling aal_uart.c...
compiling arm_math.c...
compiling aal_pwm.c...
compiling ral_encoder.c...
compiling ral_joystick.c...
compiling ral_linesensor.c...
compiling ral_motor.c...
compiling ral_mux.c...
compiling ral_odometry.c...
compiling ral_pid.c...
compiling ral_servo.c...
linking...
Program Size: Code=5804 RO-data=64 RW-data=16 ZI-data=1384  
FromELF: creating hex file...
"sensor.axf" - 0 Error(s), 1 Warning(s).
"C:\Program Files\Philips Semiconductors\Philips Flash Utility\LPC210x_ISP.exe" "C:\Documents and Settings\CEG3430\Desktop\RBC-RBC2011-3a05a30\RBC2011\Line Sensor\Sensor Module\sensor.HEX" 12000 LPC2131 COM1: 57600 1
Build target 'Target 1'
assembling Startup.s...
compiling main.c...
main.c(78): warning:  #111-D: statement is unreachable
main.c:         return 0;
main.c:         ^
main.c: main.c: 1 warning, 0 errors
compiling aal_adc.c...
compiling aal_gpio.c...
compiling aal_spi.c...
compiling aal_timer.c...
compiling aal_uart.c...
compiling arm_math.c...
compiling aal_pwm.c...
compiling ral_encoder.c...
compiling ral_joystick.c...
compiling ral_linesensor.c...
compiling ral_motor.c...
compiling ral_mux.c...
compiling ral_odometry.c...
compiling ral_pid.c...
compiling ral_servo.c...
linking...
Program Size: Code=5764 RO-data=64 RW-data=16 ZI-data=1384  
FromELF: creating hex file...
"sensor.axf" - 0 Error(s), 1 Warning(s).
"C:\Program Files\Philips Semiconductors\Philips Flash Utility\LPC210x_ISP.exe" "C:\Documents and Settings\CEG3430\Desktop\RBC-RBC2011-3a05a30\RBC2011\Line Sensor\Sensor Module\sensor.HEX" 12000 LPC2131 COM1: 57600 1
Build target 'Target 1'
assembling Startup.s...
compiling main.c...
main.c(80): warning:  #111-D: statement is unreachable
main.c:         return 0;
main.c:         ^
main.c: main.c: 1 warning, 0 errors
compiling aal_adc.c...
compiling aal_gpio.c...
compiling aal_spi.c...
compiling aal_timer.c...
compiling aal_uart.c...
compiling arm_math.c...
compiling aal_pwm.c...
compiling ral_encoder.c...
compiling ral_joystick.c...
compiling ral_linesensor.c...
compiling ral_motor.c...
compiling ral_mux.c...
compiling ral_odometry.c...
compiling ral_pid.c...
compiling ral_servo.c...
linking...
Program Size: Code=5804 RO-data=64 RW-data=112 ZI-data=1384  
FromELF: creating hex file...
"sensor.axf" - 0 Error(s), 1 Warning(s).
Build target 'Target 1'
assembling Startup.s...
compiling main.c...
main.c(80): warning:  #111-D: statement is unreachable
main.c:         return 0;
main.c:         ^
main.c: main.c: 1 warning, 0 errors
compiling aal_adc.c...
compiling aal_gpio.c...
compiling aal_spi.c...
compiling aal_timer.c...
compiling aal_uart.c...
compiling arm_math.c...
compiling aal_pwm.c...
compiling ral_encoder.c...
compiling ral_joystick.c...
compiling ral_linesensor.c...
compiling ral_motor.c...
compiling ral_mux.c...
compiling ral_odometry.c...
compiling ral_pid.c...
compiling ral_servo.c...
linking...
Program Size: Code=5804 RO-data=64 RW-data=112 ZI-data=1384  
FromELF: creating hex file...
"sensor.axf" - 0 Error(s), 1 Warning(s).
"C:\Program Files\Philips Semiconductors\Philips Flash Utility\LPC210x_ISP.exe" "C:\Documents and Settings\CEG3430\Desktop\RBC-RBC2011-3a05a30\RBC2011\Line Sensor\Sensor Module\sensor.HEX" 12000 LPC2131 COM1: 57600 1
Build target 'Target 1'
assembling Startup.s...
compiling main.c...
main.c(84): warning:  #111-D: statement is unreachable
main.c:         return 0;
main.c:         ^
main.c: main.c: 1 warning, 0 errors
compiling aal_adc.c...
compiling aal_gpio.c...
compiling aal_spi.c...
compiling aal_timer.c...
compiling aal_uart.c...
compiling arm_math.c...
compiling aal_pwm.c...
compiling ral_encoder.c...
compiling ral_joystick.c...
compiling ral_linesensor.c...
compiling ral_motor.c...
compiling ral_mux.c...
compiling ral_odometry.c...
compiling ral_pid.c...
compiling ral_servo.c...
linking...
Program Size: Code=5828 RO-data=64 RW-data=112 ZI-data=1384  
FromELF: creating hex file...
"sensor.axf" - 0 Error(s), 1 Warning(s).
"C:\Program Files\Philips Semiconductors\Philips Flash Utility\LPC210x_ISP.exe" "C:\Documents and Settings\CEG3430\Desktop\RBC-RBC2011-3a05a30\RBC2011\Line Sensor\Sensor Module\sensor.HEX" 12000 LPC2131 COM1: 57600 1
Build target 'Target 1'
assembling Startup.s...
compiling main.c...
main.c(86): warning:  #111-D: statement is unreachable
main.c:         return 0;
main.c:         ^
main.c: main.c: 1 warning, 0 errors
compiling aal_adc.c...
compiling aal_gpio.c...
compiling aal_spi.c...
compiling aal_timer.c...
compiling aal_uart.c...
compiling arm_math.c...
compiling aal_pwm.c...
compiling ral_encoder.c...
compiling ral_joystick.c...
compiling ral_linesensor.c...
compiling ral_motor.c...
compiling ral_mux.c...
compiling ral_odometry.c...
compiling ral_pid.c...
compiling ral_servo.c...
linking...
Program Size: Code=5836 RO-data=64 RW-data=112 ZI-data=1384  
FromELF: creating hex file...
"sensor.axf" - 0 Error(s), 1 Warning(s).
"C:\Program Files\Philips Semiconductors\Philips Flash Utility\LPC210x_ISP.exe" "C:\Documents and Settings\CEG3430\Desktop\RBC-RBC2011-3a05a30\RBC2011\Line Sensor\Sensor Module\sensor.HEX" 12000 LPC2131 COM1: 57600 1
Build target 'Target 1'
assembling Startup.s...
compiling main.c...
main.c(86): warning:  #111-D: statement is unreachable
main.c:         return 0;
main.c:         ^
main.c: main.c: 1 warning, 0 errors
compiling aal_adc.c...
compiling aal_gpio.c...
compiling aal_spi.c...
compiling aal_timer.c...
compiling aal_uart.c...
compiling arm_math.c...
compiling aal_pwm.c...
compiling ral_encoder.c...
compiling ral_joystick.c...
compiling ral_linesensor.c...
compiling ral_motor.c...
compiling ral_mux.c...
compiling ral_odometry.c...
compiling ral_pid.c...
compiling ral_servo.c...
linking...
Program Size: Code=5836 RO-data=64 RW-data=112 ZI-data=1384  
FromELF: creating hex file...
"sensor.axf" - 0 Error(s), 1 Warning(s).
"C:\Program Files\Philips Semiconductors\Philips Flash Utility\LPC210x_ISP.exe" "C:\Documents and Settings\CEG3430\Desktop\RBC-RBC2011-3a05a30\RBC2011\Line Sensor\Sensor Module\sensor.HEX" 12000 LPC2131 COM1: 57600 1
Build target 'Target 1'
assembling Startup.s...
compiling main.c...
main.c(87): warning:  #111-D: statement is unreachable
main.c:         return 0;
main.c:         ^
main.c: main.c: 1 warning, 0 errors
compiling aal_adc.c...
compiling aal_gpio.c...
compiling aal_spi.c...
compiling aal_timer.c...
compiling aal_uart.c...
compiling arm_math.c...
compiling aal_pwm.c...
compiling ral_encoder.c...
compiling ral_joystick.c...
compiling ral_linesensor.c...
compiling ral_motor.c...
compiling ral_mux.c...
compiling ral_odometry.c...
compiling ral_pid.c...
compiling ral_servo.c...
linking...
Program Size: Code=5836 RO-data=64 RW-data=112 ZI-data=1384  
FromELF: creating hex file...
"sensor.axf" - 0 Error(s), 1 Warning(s).
"C:\Program Files\Philips Semiconductors\Philips Flash Utility\LPC210x_ISP.exe" "C:\Documents and Settings\CEG3430\Desktop\RBC-RBC2011-3a05a30\RBC2011\Line Sensor\Sensor Module\sensor.HEX" 12000 LPC2131 COM1: 57600 1
Build target 'Target 1'
assembling Startup.s...
compiling main.c...
main.c(87): warning:  #111-D: statement is unreachable
main.c:         return 0;
main.c:         ^
main.c: main.c: 1 warning, 0 errors
compiling aal_adc.c...
compiling aal_gpio.c...
compiling aal_spi.c...
compiling aal_timer.c...
compiling aal_uart.c...
compiling arm_math.c...
compiling aal_pwm.c...
compiling ral_encoder.c...
compiling ral_joystick.c...
compiling ral_linesensor.c...
compiling ral_motor.c...
compiling ral_mux.c...
compiling ral_odometry.c...
compiling ral_pid.c...
compiling ral_servo.c...
linking...
Program Size: Code=5836 RO-data=64 RW-data=112 ZI-data=1384  
FromELF: creating hex file...
"sensor.axf" - 0 Error(s), 1 Warning(s).
Build target 'Target 1'
assembling Startup.s...
compiling main.c...
main.c(91): warning:  #111-D: statement is unreachable
main.c:         return 0;
main.c:         ^
main.c: main.c: 1 warning, 0 errors
compiling aal_adc.c...
compiling aal_gpio.c...
compiling aal_spi.c...
compiling aal_timer.c...
compiling aal_uart.c...
compiling arm_math.c...
compiling aal_pwm.c...
compiling ral_encoder.c...
compiling ral_joystick.c...
compiling ral_linesensor.c...
compiling ral_motor.c...
compiling ral_mux.c...
compiling ral_odometry.c...
compiling ral_pid.c...
compiling ral_servo.c...
linking...
Program Size: Code=5892 RO-data=64 RW-data=112 ZI-data=1384  
FromELF: creating hex file...
"sensor.axf" - 0 Error(s), 1 Warning(s).
"C:\Program Files\Philips Semiconductors\Philips Flash Utility\LPC210x_ISP.exe" "C:\Documents and Settings\CEG3430\Desktop\RBC-RBC2011-3a05a30\RBC2011\Line Sensor\Sensor Module\sensor.HEX" 12000 LPC2131 COM1: 57600 1
Build target 'Target 1'
assembling Startup.s...
compiling main.c...
main.c(92): warning:  #111-D: statement is unreachable
main.c:         return 0;
main.c:         ^
main.c: main.c: 1 warning, 0 errors
compiling aal_adc.c...
compiling aal_gpio.c...
compiling aal_spi.c...
compiling aal_timer.c...
compiling aal_uart.c...
compiling arm_math.c...
compiling aal_pwm.c...
compiling ral_encoder.c...
compiling ral_joystick.c...
compiling ral_linesensor.c...
compiling ral_motor.c...
compiling ral_mux.c...
compiling ral_odometry.c...
compiling ral_pid.c...
compiling ral_servo.c...
linking...
Program Size: Code=5892 RO-data=64 RW-data=112 ZI-data=1384  
FromELF: creating hex file...
"sensor.axf" - 0 Error(s), 1 Warning(s).
"C:\Program Files\Philips Semiconductors\Philips Flash Utility\LPC210x_ISP.exe" "C:\Documents and Settings\CEG3430\Desktop\RBC-RBC2011-3a05a30\RBC2011\Line Sensor\Sensor Module\sensor.HEX" 12000 LPC2131 COM1: 57600 1
Build target 'Target 1'
assembling Startup.s...
compiling main.c...
main.c(92): warning:  #111-D: statement is unreachable
main.c:         return 0;
main.c:         ^
main.c: main.c: 1 warning, 0 errors
compiling aal_adc.c...
compiling aal_gpio.c...
compiling aal_spi.c...
compiling aal_timer.c...
compiling aal_uart.c...
compiling arm_math.c...
compiling aal_pwm.c...
compiling ral_encoder.c...
compiling ral_joystick.c...
compiling ral_linesensor.c...
compiling ral_motor.c...
compiling ral_mux.c...
compiling ral_odometry.c...
compiling ral_pid.c...
compiling ral_servo.c...
linking...
Program Size: Code=5892 RO-data=64 RW-data=112 ZI-data=1384  
FromELF: creating hex file...
"sensor.axf" - 0 Error(s), 1 Warning(s).
"C:\Program Files\Philips Semiconductors\Philips Flash Utility\LPC210x_ISP.exe" "C:\Documents and Settings\CEG3430\Desktop\RBC-RBC2011-3a05a30\RBC2011\Line Sensor\Sensor Module\sensor.HEX" 12000 LPC2131 COM1: 57600 1
Build target 'Target 1'
assembling Startup.s...
compiling main.c...
main.c(92): warning:  #111-D: statement is unreachable
main.c:         return 0;
main.c:         ^
main.c: main.c: 1 warning, 0 errors
compiling aal_adc.c...
compiling aal_gpio.c...
compiling aal_spi.c...
compiling aal_timer.c...
compiling aal_uart.c...
compiling arm_math.c...
compiling aal_pwm.c...
compiling ral_encoder.c...
compiling ral_joystick.c...
compiling ral_linesensor.c...
compiling ral_motor.c...
compiling ral_mux.c...
compiling ral_odometry.c...
compiling ral_pid.c...
compiling ral_servo.c...
linking...
Program Size: Code=5892 RO-data=64 RW-data=112 ZI-data=1384  
FromELF: creating hex file...
"sensor.axf" - 0 Error(s), 1 Warning(s).
Build target 'Target 1'
assembling Startup.s...
compiling main.c...
main.c(92): warning:  #111-D: statement is unreachable
main.c:         return 0;
main.c:         ^
main.c: main.c: 1 warning, 0 errors
compiling aal_adc.c...
compiling aal_gpio.c...
compiling aal_spi.c...
compiling aal_timer.c...
compiling aal_uart.c...
compiling arm_math.c...
compiling aal_pwm.c...
compiling ral_encoder.c...
compiling ral_joystick.c...
compiling ral_linesensor.c...
compiling ral_motor.c...
compiling ral_mux.c...
compiling ral_odometry.c...
compiling ral_pid.c...
compiling ral_servo.c...
linking...
Program Size: Code=5892 RO-data=64 RW-data=112 ZI-data=1384  
FromELF: creating hex file...
"sensor.axf" - 0 Error(s), 1 Warning(s).
"C:\Program Files\Philips Semiconductors\Philips Flash Utility\LPC210x_ISP.exe" "C:\Documents and Settings\CEG3430\Desktop\RBC-RBC2011-3a05a30\RBC2011\Line Sensor\Sensor Module\sensor.HEX" 12000 LPC2131 COM1: 57600 1
Build target 'Target 1'
assembling Startup.s...
compiling main.c...
main.c(92): warning:  #111-D: statement is unreachable
main.c:         return 0;
main.c:         ^
main.c: main.c: 1 warning, 0 errors
compiling aal_adc.c...
compiling aal_gpio.c...
compiling aal_spi.c...
compiling aal_timer.c...
compiling aal_uart.c...
compiling arm_math.c...
compiling aal_pwm.c...
compiling ral_encoder.c...
compiling ral_joystick.c...
compiling ral_linesensor.c...
compiling ral_motor.c...
compiling ral_mux.c...
compiling ral_odometry.c...
compiling ral_pid.c...
compiling ral_servo.c...
linking...
Program Size: Code=5884 RO-data=64 RW-data=112 ZI-data=1384  
FromELF: creating hex file...
"sensor.axf" - 0 Error(s), 1 Warning(s).
Build target 'Target 1'
assembling Startup.s...
compiling main.c...
main.c(92): warning:  #111-D: statement is unreachable
main.c:         return 0;
main.c:         ^
main.c: main.c: 1 warning, 0 errors
compiling aal_adc.c...
compiling aal_gpio.c...
compiling aal_spi.c...
compiling aal_timer.c...
compiling aal_uart.c...
compiling arm_math.c...
compiling aal_pwm.c...
compiling ral_encoder.c...
compiling ral_joystick.c...
compiling ral_linesensor.c...
compiling ral_motor.c...
compiling ral_mux.c...
compiling ral_odometry.c...
compiling ral_pid.c...
compiling ral_servo.c...
linking...
Program Size: Code=5884 RO-data=64 RW-data=112 ZI-data=1384  
FromELF: creating hex file...
"sensor.axf" - 0 Error(s), 1 Warning(s).
"C:\Program Files\Philips Semiconductors\Philips Flash Utility\LPC210x_ISP.exe" "C:\Documents and Settings\CEG3430\Desktop\RBC-RBC2011-3a05a30\RBC2011\Line Sensor\Sensor Module\sensor.HEX" 12000 LPC2131 COM1: 57600 1
Build target 'Target 1'
assembling Startup.s...
compiling main.c...
main.c(92): warning:  #111-D: statement is unreachable
main.c:         return 0;
main.c:         ^
main.c: main.c: 1 warning, 0 errors
compiling aal_adc.c...
compiling aal_gpio.c...
compiling aal_spi.c...
compiling aal_timer.c...
compiling aal_uart.c...
compiling arm_math.c...
compiling aal_pwm.c...
compiling ral_encoder.c...
compiling ral_joystick.c...
compiling ral_linesensor.c...
compiling ral_motor.c...
compiling ral_mux.c...
compiling ral_odometry.c...
compiling ral_pid.c...
compiling ral_servo.c...
linking...
Program Size: Code=5884 RO-data=64 RW-data=112 ZI-data=1384  
FromELF: creating hex file...
"sensor.axf" - 0 Error(s), 1 Warning(s).
Build target 'Target 1'
assembling Startup.s...
compiling main.c...
main.c(92): warning:  #111-D: statement is unreachable
main.c:         return 0;
main.c:         ^
main.c: main.c: 1 warning, 0 errors
compiling aal_adc.c...
compiling aal_gpio.c...
compiling aal_spi.c...
compiling aal_timer.c...
compiling aal_uart.c...
compiling arm_math.c...
compiling aal_pwm.c...
compiling ral_encoder.c...
compiling ral_joystick.c...
compiling ral_linesensor.c...
compiling ral_motor.c...
compiling ral_mux.c...
compiling ral_odometry.c...
compiling ral_pid.c...
compiling ral_servo.c...
linking...
Program Size: Code=5872 RO-data=64 RW-data=112 ZI-data=1384  
FromELF: creating hex file...
"sensor.axf" - 0 Error(s), 1 Warning(s).
Build target 'Target 1'
assembling Startup.s...
compiling main.c...
main.c(92): warning:  #111-D: statement is unreachable
main.c:         return 0;
main.c:         ^
main.c: main.c: 1 warning, 0 errors
compiling aal_adc.c...
compiling aal_gpio.c...
compiling aal_spi.c...
compiling aal_timer.c...
compiling aal_uart.c...
compiling arm_math.c...
compiling aal_pwm.c...
compiling ral_encoder.c...
compiling ral_joystick.c...
compiling ral_linesensor.c...
compiling ral_motor.c...
compiling ral_mux.c...
compiling ral_odometry.c...
compiling ral_pid.c...
compiling ral_servo.c...
linking...
Program Size: Code=5848 RO-data=64 RW-data=112 ZI-data=1384  
FromELF: creating hex file...
"sensor.axf" - 0 Error(s), 1 Warning(s).
"C:\Program Files\Philips Semiconductors\Philips Flash Utility\LPC210x_ISP.exe" "C:\Documents and Settings\CEG3430\Desktop\RBC-RBC2011-3a05a30\RBC2011\Line Sensor\Sensor Module\sensor.HEX" 12000 LPC2131 COM1: 57600 1
"C:\Program Files\Philips Semiconductors\Philips Flash Utility\LPC210x_ISP.exe" "C:\Documents and Settings\CEG3430\Desktop\RBC-RBC2011-3a05a30\RBC2011\Line Sensor\Sensor Module\sensor.HEX" 12000 LPC2131 COM1: 57600 1
Build target 'Target 1'
assembling Startup.s...
compiling main.c...
main.c(92): warning:  #111-D: statement is unreachable
main.c:         return 0;
main.c:         ^
main.c: main.c: 1 warning, 0 errors
compiling aal_adc.c...
compiling aal_gpio.c...
compiling aal_spi.c...
compiling aal_timer.c...
compiling aal_uart.c...
compiling arm_math.c...
compiling aal_pwm.c...
compiling ral_encoder.c...
compiling ral_joystick.c...
compiling ral_linesensor.c...
compiling ral_motor.c...
compiling ral_mux.c...
compiling ral_odometry.c...
compiling ral_pid.c...
compiling ral_servo.c...
linking...
Program Size: Code=5848 RO-data=64 RW-data=112 ZI-data=1384  
FromELF: creating hex file...
"sensor.axf" - 0 Error(s), 1 Warning(s).
Build target 'Target 1'
assembling Startup.s...
compiling main.c...
main.c(92): warning:  #111-D: statement is unreachable
main.c:         return 0;
main.c:         ^
main.c: main.c: 1 warning, 0 errors
compiling aal_adc.c...
compiling aal_gpio.c...
compiling aal_spi.c...
compiling aal_timer.c...
compiling aal_uart.c...
compiling arm_math.c...
compiling aal_pwm.c...
compiling ral_encoder.c...
compiling ral_joystick.c...
compiling ral_linesensor.c...
compiling ral_motor.c...
compiling ral_mux.c...
compiling ral_odometry.c...
compiling ral_pid.c...
compiling ral_servo.c...
linking...
Program Size: Code=5856 RO-data=64 RW-data=112 ZI-data=1384  
FromELF: creating hex file...
"sensor.axf" - 0 Error(s), 1 Warning(s).
"C:\Program Files\Philips Semiconductors\Philips Flash Utility\LPC210x_ISP.exe" "C:\Documents and Settings\CEG3430\Desktop\RBC-RBC2011-3a05a30\RBC2011\Line Sensor\Sensor Module\sensor.HEX" 12000 LPC2131 COM1: 57600 1
Build target 'Target 1'
assembling Startup.s...
compiling main.c...
main.c(92): warning:  #111-D: statement is unreachable
main.c:         return 0;
main.c:         ^
main.c: main.c: 1 warning, 0 errors
compiling aal_adc.c...
compiling aal_gpio.c...
compiling aal_spi.c...
compiling aal_timer.c...
compiling aal_uart.c...
compiling arm_math.c...
compiling aal_pwm.c...
compiling ral_encoder.c...
compiling ral_joystick.c...
compiling ral_linesensor.c...
compiling ral_motor.c...
compiling ral_mux.c...
compiling ral_odometry.c...
compiling ral_pid.c...
compiling ral_servo.c...
linking...
Program Size: Code=5856 RO-data=64 RW-data=112 ZI-data=1384  
FromELF: creating hex file...
"sensor.axf" - 0 Error(s), 1 Warning(s).
"C:\Program Files\Philips Semiconductors\Philips Flash Utility\LPC210x_ISP.exe" "C:\Documents and Settings\CEG3430\Desktop\RBC-RBC2011-3a05a30\RBC2011\Line Sensor\Sensor Module\sensor.HEX" 12000 LPC2131 COM1: 57600 1
Build target 'Target 1'
assembling Startup.s...
compiling main.c...
main.c(92): warning:  #111-D: statement is unreachable
main.c:         return 0;
main.c:         ^
main.c: main.c: 1 warning, 0 errors
compiling aal_adc.c...
compiling aal_gpio.c...
compiling aal_spi.c...
compiling aal_timer.c...
compiling aal_uart.c...
compiling arm_math.c...
compiling aal_pwm.c...
compiling ral_encoder.c...
compiling ral_joystick.c...
compiling ral_linesensor.c...
compiling ral_motor.c...
compiling ral_mux.c...
compiling ral_odometry.c...
compiling ral_pid.c...
compiling ral_servo.c...
linking...
Program Size: Code=5856 RO-data=64 RW-data=112 ZI-data=1384  
FromELF: creating hex file...
"sensor.axf" - 0 Error(s), 1 Warning(s).
"C:\Program Files\Philips Semiconductors\Philips Flash Utility\LPC210x_ISP.exe" "C:\Documents and Settings\CEG3430\Desktop\RBC-RBC2011-3a05a30\RBC2011\Line Sensor\Sensor Module\sensor.HEX" 12000 LPC2131 COM1: 57600 1
"C:\Program Files\Philips Semiconductors\Philips Flash Utility\LPC210x_ISP.exe" "C:\Documents and Settings\CEG3430\Desktop\RBC-RBC2011-3a05a30\RBC2011\Line Sensor\Sensor Module\sensor.HEX" 12000 LPC2131 COM1: 57600 1
Build target 'Target 1'
assembling Startup.s...
compiling main.c...
main.c(92): warning:  #111-D: statement is unreachable
main.c:         return 0;
main.c:         ^
main.c: main.c: 1 warning, 0 errors
compiling aal_adc.c...
compiling aal_gpio.c...
compiling aal_spi.c...
compiling aal_timer.c...
compiling aal_uart.c...
compiling arm_math.c...
compiling aal_pwm.c...
compiling ral_encoder.c...
compiling ral_joystick.c...
compiling ral_linesensor.c...
compiling ral_motor.c...
compiling ral_mux.c...
compiling ral_odometry.c...
compiling ral_pid.c...
compiling ral_servo.c...
linking...
Program Size: Code=5856 RO-data=64 RW-data=112 ZI-data=1384  
FromELF: creating hex file...
"sensor.axf" - 0 Error(s), 1 Warning(s).
"C:\Program Files\Philips Semiconductors\Philips Flash Utility\LPC210x_ISP.exe" "C:\Documents and Settings\CEG3430\Desktop\RBC-RBC2011-3a05a30\RBC2011\Line Sensor\Sensor Module\sensor.HEX" 12000 LPC2131 COM1: 57600 1
"C:\Program Files\Philips Semiconductors\Philips Flash Utility\LPC210x_ISP.exe" "C:\Documents and Settings\CEG3430\Desktop\RBC-RBC2011-3a05a30\RBC2011\Line Sensor\Sensor Module\sensor.HEX" 12000 LPC2131 COM1: 57600 1
Build target 'Target 1'
assembling Startup.s...
compiling main.c...
main.c(92): warning:  #111-D: statement is unreachable
main.c:         return 0;
main.c:         ^
main.c: main.c: 1 warning, 0 errors
compiling aal_adc.c...
compiling aal_gpio.c...
compiling aal_spi.c...
compiling aal_timer.c...
compiling aal_uart.c...
compiling arm_math.c...
compiling aal_pwm.c...
compiling ral_encoder.c...
compiling ral_joystick.c...
compiling ral_linesensor.c...
compiling ral_motor.c...
compiling ral_mux.c...
compiling ral_odometry.c...
compiling ral_pid.c...
compiling ral_servo.c...
linking...
Program Size: Code=5856 RO-data=64 RW-data=112 ZI-data=1384  
FromELF: creating hex file...
"sensor.axf" - 0 Error(s), 1 Warning(s).
"C:\Program Files\Philips Semiconductors\Philips Flash Utility\LPC210x_ISP.exe" "C:\Documents and Settings\CEG3430\Desktop\RBC-RBC2011-3a05a30\RBC2011\Line Sensor\Sensor Module\sensor.HEX" 12000 LPC2131 COM1: 57600 1
Build target 'Target 1'
assembling Startup.s...
compiling main.c...
main.c(92): warning:  #111-D: statement is unreachable
main.c:         return 0;
main.c:         ^
main.c: main.c: 1 warning, 0 errors
compiling aal_adc.c...
compiling aal_gpio.c...
compiling aal_spi.c...
compiling aal_timer.c...
compiling aal_uart.c...
compiling arm_math.c...
compiling aal_pwm.c...
compiling ral_encoder.c...
compiling ral_joystick.c...
compiling ral_linesensor.c...
compiling ral_motor.c...
compiling ral_mux.c...
compiling ral_odometry.c...
compiling ral_pid.c...
compiling ral_servo.c...
linking...
Program Size: Code=5856 RO-data=64 RW-data=112 ZI-data=1384  
FromELF: creating hex file...
"sensor.axf" - 0 Error(s), 1 Warning(s).
"C:\Program Files\Philips Semiconductors\Philips Flash Utility\LPC210x_ISP.exe" "C:\Documents and Settings\CEG3430\Desktop\RBC-RBC2011-3a05a30\RBC2011\Line Sensor\Sensor Module\sensor.HEX" 12000 LPC2131 COM1: 57600 1
Build target 'Target 1'
assembling Startup.s...
compiling main.c...
main.c(92): warning:  #111-D: statement is unreachable
main.c:         return 0;
main.c:         ^
main.c: main.c: 1 warning, 0 errors
compiling aal_adc.c...
compiling aal_gpio.c...
compiling aal_spi.c...
compiling aal_timer.c...
compiling aal_uart.c...
compiling arm_math.c...
compiling aal_pwm.c...
compiling ral_encoder.c...
compiling ral_joystick.c...
compiling ral_linesensor.c...
compiling ral_motor.c...
compiling ral_mux.c...
compiling ral_odometry.c...
compiling ral_pid.c...
compiling ral_servo.c...
linking...
Program Size: Code=5856 RO-data=64 RW-data=112 ZI-data=1384  
FromELF: creating hex file...
"sensor.axf" - 0 Error(s), 1 Warning(s).
Build target 'Target 1'
assembling Startup.s...
compiling main.c...
main.c(92): warning:  #111-D: statement is unreachable
main.c:         return 0;
main.c:         ^
main.c: main.c: 1 warning, 0 errors
compiling aal_adc.c...
compiling aal_gpio.c...
compiling aal_spi.c...
compiling aal_timer.c...
compiling aal_uart.c...
compiling arm_math.c...
compiling aal_pwm.c...
compiling ral_encoder.c...
compiling ral_joystick.c...
compiling ral_linesensor.c...
compiling ral_motor.c...
compiling ral_mux.c...
compiling ral_odometry.c...
compiling ral_pid.c...
compiling ral_servo.c...
linking...
Program Size: Code=5856 RO-data=64 RW-data=112 ZI-data=1384  
FromELF: creating hex file...
"sensor.axf" - 0 Error(s), 1 Warning(s).
Build target 'Target 1'
assembling Startup.s...
compiling main.c...
main.c(92): warning:  #111-D: statement is unreachable
main.c:         return 0;
main.c:         ^
main.c: main.c: 1 warning, 0 errors
compiling aal_adc.c...
compiling aal_gpio.c...
compiling aal_spi.c...
compiling aal_timer.c...
compiling aal_uart.c...
compiling arm_math.c...
compiling aal_pwm.c...
compiling ral_encoder.c...
compiling ral_joystick.c...
compiling ral_linesensor.c...
compiling ral_motor.c...
compiling ral_mux.c...
compiling ral_odometry.c...
compiling ral_pid.c...
compiling ral_servo.c...
linking...
Program Size: Code=5856 RO-data=64 RW-data=112 ZI-data=1384  
FromELF: creating hex file...
"sensor.axf" - 0 Error(s), 1 Warning(s).
"C:\Program Files\Philips Semiconductors\Philips Flash Utility\LPC210x_ISP.exe" "C:\Documents and Settings\CEG3430\Desktop\RBC-RBC2011-3a05a30\RBC2011\Line Sensor\Sensor Module\sensor.HEX" 12000 LPC2131 COM1: 57600 1
"C:\Program Files\Philips Semiconductors\Philips Flash Utility\LPC210x_ISP.exe" "C:\Documents and Settings\CEG3430\Desktop\RBC-RBC2011-3a05a30\RBC2011\Line Sensor\Sensor Module\sensor.HEX" 12000 LPC2131 COM1: 57600 1
"C:\Program Files\Philips Semiconductors\Philips Flash Utility\LPC210x_ISP.exe" "C:\Documents and Settings\CEG3430\Desktop\RBC-RBC2011-3a05a30\RBC2011\Line Sensor\Sensor Module\sensor.HEX" 12000 LPC2131 COM1: 57600 1
Build target 'Target 1'
assembling Startup.s...
compiling main.c...
main.c(92): warning:  #111-D: statement is unreachable
main.c:         return 0;
main.c:         ^
main.c: main.c: 1 warning, 0 errors
compiling aal_adc.c...
compiling aal_gpio.c...
compiling aal_spi.c...
compiling aal_timer.c...
compiling aal_uart.c...
compiling arm_math.c...
compiling aal_pwm.c...
compiling ral_encoder.c...
compiling ral_joystick.c...
compiling ral_linesensor.c...
compiling ral_motor.c...
compiling ral_mux.c...
compiling ral_odometry.c...
compiling ral_pid.c...
compiling ral_servo.c...
linking...
Program Size: Code=5856 RO-data=64 RW-data=112 ZI-data=1384  
FromELF: creating hex file...
"sensor.axf" - 0 Error(s), 1 Warning(s).
"C:\Program Files\Philips Semiconductors\Philips Flash Utility\LPC210x_ISP.exe" "C:\Documents and Settings\CEG3430\Desktop\RBC-RBC2011-3a05a30\RBC2011\Line Sensor\Sensor Module\sensor.HEX" 12000 LPC2131 COM1: 57600 1
"C:\Program Files\Philips Semiconductors\Philips Flash Utility\LPC210x_ISP.exe" "C:\Documents and Settings\CEG3430\Desktop\RBC-RBC2011-3a05a30\RBC2011\Line Sensor\Sensor Module\sensor.HEX" 12000 LPC2131 COM1: 57600 1
Build target 'Target 1'
assembling Startup.s...
compiling main.c...
main.c(92): warning:  #111-D: statement is unreachable
main.c:         return 0;
main.c:         ^
main.c: main.c: 1 warning, 0 errors
compiling aal_adc.c...
compiling aal_gpio.c...
compiling aal_spi.c...
compiling aal_timer.c...
compiling aal_uart.c...
compiling arm_math.c...
compiling aal_pwm.c...
compiling ral_encoder.c...
compiling ral_joystick.c...
compiling ral_linesensor.c...
compiling ral_motor.c...
compiling ral_mux.c...
compiling ral_odometry.c...
compiling ral_pid.c...
compiling ral_servo.c...
linking...
Program Size: Code=5856 RO-data=64 RW-data=112 ZI-data=1384  
FromELF: creating hex file...
"sensor.axf" - 0 Error(s), 1 Warning(s).
Build target 'Target 1'
assembling Startup.s...
compiling main.c...
main.c(92): warning:  #111-D: statement is unreachable
main.c:         return 0;
main.c:         ^
main.c: main.c: 1 warning, 0 errors
compiling aal_adc.c...
compiling aal_gpio.c...
compiling aal_spi.c...
compiling aal_timer.c...
compiling aal_uart.c...
compiling arm_math.c...
compiling aal_pwm.c...
compiling ral_encoder.c...
compiling ral_joystick.c...
compiling ral_linesensor.c...
compiling ral_motor.c...
compiling ral_mux.c...
compiling ral_odometry.c...
compiling ral_pid.c...
compiling ral_servo.c...
linking...
Program Size: Code=5888 RO-data=64 RW-data=112 ZI-data=1384  
FromELF: creating hex file...
"sensor.axf" - 0 Error(s), 1 Warning(s).
Build target 'Target 1'
assembling Startup.s...
compiling main.c...
main.c(92): warning:  #111-D: statement is unreachable
main.c:         return 0;
main.c:         ^
main.c: main.c: 1 warning, 0 errors
compiling aal_adc.c...
compiling aal_gpio.c...
compiling aal_spi.c...
compiling aal_timer.c...
compiling aal_uart.c...
compiling arm_math.c...
compiling aal_pwm.c...
compiling ral_encoder.c...
compiling ral_joystick.c...
compiling ral_linesensor.c...
compiling ral_motor.c...
compiling ral_mux.c...
compiling ral_odometry.c...
compiling ral_pid.c...
compiling ral_servo.c...
linking...
Program Size: Code=5888 RO-data=64 RW-data=112 ZI-data=1384  
FromELF: creating hex file...
"sensor.axf" - 0 Error(s), 1 Warning(s).
"C:\Program Files\Philips Semiconductors\Philips Flash Utility\LPC210x_ISP.exe" "C:\Documents and Settings\CEG3430\Desktop\RBC-RBC2011-3a05a30\RBC2011\Line Sensor\Sensor Module\sensor.HEX" 12000 LPC2131 COM1: 57600 1
Build target 'Target 1'
assembling Startup.s...
compiling main.c...
main.c(92): warning:  #111-D: statement is unreachable
main.c:         return 0;
main.c:         ^
main.c: main.c: 1 warning, 0 errors
compiling aal_adc.c...
compiling aal_gpio.c...
compiling aal_spi.c...
compiling aal_timer.c...
compiling aal_uart.c...
compiling arm_math.c...
compiling aal_pwm.c...
compiling ral_encoder.c...
compiling ral_joystick.c...
compiling ral_linesensor.c...
compiling ral_motor.c...
compiling ral_mux.c...
compiling ral_odometry.c...
compiling ral_pid.c...
compiling ral_servo.c...
linking...
Program Size: Code=5888 RO-data=64 RW-data=112 ZI-data=1384  
FromELF: creating hex file...
"sensor.axf" - 0 Error(s), 1 Warning(s).
Build target 'Target 1'
assembling Startup.s...
compiling main.c...
main.c(92): warning:  #111-D: statement is unreachable
main.c:         return 0;
main.c:         ^
main.c: main.c: 1 warning, 0 errors
compiling aal_adc.c...
compiling aal_gpio.c...
compiling aal_spi.c...
compiling aal_timer.c...
compiling aal_uart.c...
compiling arm_math.c...
compiling aal_pwm.c...
compiling ral_encoder.c...
compiling ral_joystick.c...
compiling ral_linesensor.c...
compiling ral_motor.c...
compiling ral_mux.c...
compiling ral_odometry.c...
compiling ral_pid.c...
compiling ral_servo.c...
linking...
Program Size: Code=5888 RO-data=64 RW-data=112 ZI-data=1384  
FromELF: creating hex file...
"sensor.axf" - 0 Error(s), 1 Warning(s).
Build target 'Target 1'
assembling Startup.s...
compiling main.c...
main.c(92): warning:  #111-D: statement is unreachable
main.c:         return 0;
main.c:         ^
main.c: main.c: 1 warning, 0 errors
compiling aal_adc.c...
compiling aal_gpio.c...
compiling aal_spi.c...
compiling aal_timer.c...
compiling aal_uart.c...
compiling arm_math.c...
compiling aal_pwm.c...
compiling ral_encoder.c...
compiling ral_joystick.c...
compiling ral_linesensor.c...
compiling ral_motor.c...
compiling ral_mux.c...
compiling ral_odometry.c...
compiling ral_pid.c...
compiling ral_servo.c...
linking...
Program Size: Code=5888 RO-data=64 RW-data=112 ZI-data=1384  
FromELF: creating hex file...
"sensor.axf" - 0 Error(s), 1 Warning(s).
"C:\Program Files\Philips Semiconductors\Philips Flash Utility\LPC210x_ISP.exe" "C:\Documents and Settings\CEG3430\Desktop\RBC-RBC2011-3a05a30\RBC2011\Line Sensor\Sensor Module\sensor.HEX" 12000 LPC2131 COM1: 57600 1
Build target 'Target 1'
assembling Startup.s...
compiling main.c...
main.c(92): warning:  #111-D: statement is unreachable
main.c:         return 0;
main.c:         ^
main.c: main.c: 1 warning, 0 errors
compiling aal_adc.c...
compiling aal_gpio.c...
compiling aal_spi.c...
compiling aal_timer.c...
compiling aal_uart.c...
compiling arm_math.c...
compiling aal_pwm.c...
compiling ral_encoder.c...
compiling ral_joystick.c...
compiling ral_linesensor.c...
compiling ral_motor.c...
compiling ral_mux.c...
compiling ral_odometry.c...
compiling ral_pid.c...
compiling ral_servo.c...
linking...
Program Size: Code=5888 RO-data=64 RW-data=112 ZI-data=1384  
FromELF: creating hex file...
"sensor.axf" - 0 Error(s), 1 Warning(s).
"C:\Program Files\Philips Semiconductors\Philips Flash Utility\LPC210x_ISP.exe" "C:\Documents and Settings\CEG3430\Desktop\RBC-RBC2011-3a05a30\RBC2011\Line Sensor\Sensor Module\sensor.HEX" 12000 LPC2131 COM1: 57600 1
Build target 'Target 1'
assembling Startup.s...
compiling main.c...
main.c(92): warning:  #111-D: statement is unreachable
main.c:         return 0;
main.c:         ^
main.c: main.c: 1 warning, 0 errors
compiling aal_adc.c...
compiling aal_gpio.c...
compiling aal_spi.c...
compiling aal_timer.c...
compiling aal_uart.c...
compiling arm_math.c...
compiling aal_pwm.c...
compiling ral_encoder.c...
compiling ral_joystick.c...
compiling ral_linesensor.c...
compiling ral_motor.c...
compiling ral_mux.c...
compiling ral_odometry.c...
compiling ral_pid.c...
compiling ral_servo.c...
linking...
Program Size: Code=5832 RO-data=64 RW-data=112 ZI-data=1384  
FromELF: creating hex file...
"sensor.axf" - 0 Error(s), 1 Warning(s).
"C:\Program Files\Philips Semiconductors\Philips Flash Utility\LPC210x_ISP.exe" "C:\Documents and Settings\CEG3430\Desktop\RBC-RBC2011-3a05a30\RBC2011\Line Sensor\Sensor Module\sensor.HEX" 12000 LPC2131 COM1: 57600 1
"C:\Program Files\Philips Semiconductors\Philips Flash Utility\LPC210x_ISP.exe" "C:\Documents and Settings\CEG3430\Desktop\RBC-RBC2011-3a05a30\RBC2011\Line Sensor\Sensor Module\sensor.HEX" 12000 LPC2131 COM1: 57600 1
