<html>
<body>
<pre>
<h1>µVision Build Log</h1>
<h2>Project:</h2>
D:\Wilson\Code\RBC2011\RBC2011\Four Wheel\2103 side\2103.uvproj
Project File Date:  09/25/2010

<h2>Output:</h2>
Build target 'Target 1'
assembling Startup.s...
compiling main.c...
main.c(68): warning:  #111-D: statement is unreachable
main.c:         return 0;
main.c:         ^
main.c: main.c: 1 warning, 0 errors
compiling ral_encoder.c...
compiling ral_joystick.c...
compiling ral_linesensor.c...
compiling ral_motor.c...
compiling ral_mux.c...
compiling ral_odometry.c...
compiling ral_pid.c...
compiling ral_servo.c...
compiling aal_adc.c...
compiling aal_gpio.c...
compiling aal_pwm.c...
compiling aal_spi.c...
compiling aal_timer.c...
compiling aal_uart.c...
compiling arm_math.c...
linking...
Program Size: Code=7268 RO-data=32 RW-data=8 ZI-data=1480  
FromELF: creating hex file...
"2103.axf" - 0 Error(s), 1 Warning(s).
