<html>
<body>
<pre>
<h1>µVision Build Log</h1>
<h2>Project:</h2>
C:\Documents and Settings\CEG3430\Desktop\RBC-RBC2011-3a05a30\RBC2011\Four Wheel\2103 side\2103.uvproj
Project File Date:  09/24/2010

<h2>Output:</h2>
Build target 'Target 1'
compiling main.c...
main.c(66): warning:  #111-D: statement is unreachable
main.c:         return 0;
main.c:         ^
main.c: main.c: 1 warning, 0 errors
linking...
Program Size: Code=7500 RO-data=32 RW-data=8 ZI-data=1480  
FromELF: creating hex file...
"2103.axf" - 0 Error(s), 1 Warning(s).
"C:\Program Files\Philips Semiconductors\Philips Flash Utility\LPC210x_ISP.exe" "C:\Documents and Settings\CEG3430\Desktop\RBC-RBC2011-3a05a30\RBC2011\Four Wheel\2103 side\2103.HEX" 12000 LPC2103 COM1: 57600 1
Build target 'Target 1'
compiling main.c...
main.c(66): warning:  #111-D: statement is unreachable
main.c:         return 0;
main.c:         ^
main.c: main.c: 1 warning, 0 errors
linking...
Program Size: Code=7552 RO-data=32 RW-data=8 ZI-data=1480  
FromELF: creating hex file...
"2103.axf" - 0 Error(s), 1 Warning(s).
Build target 'Target 1'
assembling Startup.s...
compiling main.c...
main.c(66): warning:  #111-D: statement is unreachable
main.c:         return 0;
main.c:         ^
main.c: main.c: 1 warning, 0 errors
compiling ral_encoder.c...
compiling ral_joystick.c...
compiling ral_linesensor.c...
compiling ral_motor.c...
compiling ral_mux.c...
compiling ral_odometry.c...
compiling ral_pid.c...
compiling ral_servo.c...
compiling aal_adc.c...
compiling aal_gpio.c...
compiling aal_pwm.c...
compiling aal_spi.c...
compiling aal_timer.c...
compiling aal_uart.c...
compiling arm_math.c...
linking...
Program Size: Code=7552 RO-data=32 RW-data=8 ZI-data=1480  
FromELF: creating hex file...
"2103.axf" - 0 Error(s), 1 Warning(s).
Build target 'Target 1'
assembling Startup.s...
compiling main.c...
main.c(66): warning:  #111-D: statement is unreachable
main.c:         return 0;
main.c:         ^
main.c: main.c: 1 warning, 0 errors
compiling ral_encoder.c...
compiling ral_joystick.c...
compiling ral_linesensor.c...
compiling ral_motor.c...
compiling ral_mux.c...
compiling ral_odometry.c...
compiling ral_pid.c...
compiling ral_servo.c...
compiling aal_adc.c...
compiling aal_gpio.c...
compiling aal_pwm.c...
compiling aal_spi.c...
compiling aal_timer.c...
compiling aal_uart.c...
compiling arm_math.c...
linking...
Program Size: Code=7516 RO-data=32 RW-data=8 ZI-data=1480  
FromELF: creating hex file...
"2103.axf" - 0 Error(s), 1 Warning(s).
"C:\Program Files\Philips Semiconductors\Philips Flash Utility\LPC210x_ISP.exe" "C:\Documents and Settings\CEG3430\Desktop\RBC-RBC2011-3a05a30\RBC2011\Four Wheel\2103 side\2103.HEX" 12000 LPC2103 COM1: 57600 1
Build target 'Target 1'
compiling main.c...
main.c(66): warning:  #111-D: statement is unreachable
main.c:         return 0;
main.c:         ^
main.c: main.c: 1 warning, 0 errors
compiling ral_motor.c...
linking...
Program Size: Code=7508 RO-data=32 RW-data=8 ZI-data=1480  
FromELF: creating hex file...
"2103.axf" - 0 Error(s), 1 Warning(s).
Build target 'Target 1'
assembling Startup.s...
compiling main.c...
main.c(66): warning:  #111-D: statement is unreachable
main.c:         return 0;
main.c:         ^
main.c: main.c: 1 warning, 0 errors
compiling ral_encoder.c...
compiling ral_joystick.c...
compiling ral_linesensor.c...
compiling ral_motor.c...
compiling ral_mux.c...
compiling ral_odometry.c...
compiling ral_pid.c...
compiling ral_servo.c...
compiling aal_adc.c...
compiling aal_gpio.c...
compiling aal_pwm.c...
compiling aal_spi.c...
compiling aal_timer.c...
compiling aal_uart.c...
compiling arm_math.c...
linking...
Program Size: Code=7524 RO-data=32 RW-data=8 ZI-data=1480  
FromELF: creating hex file...
"2103.axf" - 0 Error(s), 1 Warning(s).
Build target 'Target 1'
assembling Startup.s...
compiling main.c...
main.c(63): warning:  #223-D: function "PWM_InitPeriod" declared implicitly
main.c:         PWM_InitPeriod(2000);
main.c:         ^
main.c(67): warning:  #111-D: statement is unreachable
main.c:         return 0;
main.c:         ^
main.c: main.c: 2 warnings, 0 errors
compiling ral_encoder.c...
compiling ral_joystick.c...
compiling ral_linesensor.c...
compiling ral_motor.c...
compiling ral_mux.c...
compiling ral_odometry.c...
compiling ral_pid.c...
compiling ral_servo.c...
compiling aal_adc.c...
compiling aal_gpio.c...
compiling aal_pwm.c...
compiling aal_spi.c...
compiling aal_timer.c...
compiling aal_uart.c...
compiling arm_math.c...
linking...
Program Size: Code=7532 RO-data=32 RW-data=8 ZI-data=1480  
FromELF: creating hex file...
"2103.axf" - 0 Error(s), 2 Warning(s).
Build target 'Target 1'
assembling Startup.s...
compiling main.c...
main.c(68): warning:  #111-D: statement is unreachable
main.c:         return 0;
main.c:         ^
main.c: main.c: 1 warning, 0 errors
compiling ral_encoder.c...
compiling ral_joystick.c...
compiling ral_linesensor.c...
compiling ral_motor.c...
compiling ral_mux.c...
compiling ral_odometry.c...
compiling ral_pid.c...
compiling ral_servo.c...
compiling aal_adc.c...
compiling aal_gpio.c...
compiling aal_pwm.c...
compiling aal_spi.c...
compiling aal_timer.c...
compiling aal_uart.c...
compiling arm_math.c...
linking...
Program Size: Code=7532 RO-data=32 RW-data=8 ZI-data=1480  
FromELF: creating hex file...
"2103.axf" - 0 Error(s), 1 Warning(s).
Build target 'Target 1'
assembling Startup.s...
compiling main.c...
main.c(68): warning:  #111-D: statement is unreachable
main.c:         return 0;
main.c:         ^
main.c: main.c: 1 warning, 0 errors
compiling ral_encoder.c...
compiling ral_joystick.c...
compiling ral_linesensor.c...
compiling ral_motor.c...
compiling ral_mux.c...
compiling ral_odometry.c...
compiling ral_pid.c...
compiling ral_servo.c...
compiling aal_adc.c...
compiling aal_gpio.c...
compiling aal_pwm.c...
compiling aal_spi.c...
compiling aal_timer.c...
compiling aal_uart.c...
compiling arm_math.c...
linking...
Program Size: Code=7572 RO-data=32 RW-data=8 ZI-data=1480  
FromELF: creating hex file...
"2103.axf" - 0 Error(s), 1 Warning(s).
