<html>
<body>
<pre>
<h1>µVision Build Log</h1>
<h2>Project:</h2>
F:\Documents\Kit\RBC\Code\RBC2011\code\robocon.uvproj
Project File Date:  02/06/2010

<h2>Output:</h2>
Build target 'Target 1'
assembling Startup.s...
compiling main.c...
compiling ral_encoder.c...
compiling ral_joystick.c...
compiling ral_linesensor.c...
compiling ral_motor.c...
compiling ral_mux.c...
compiling ral_odometry.c...
compiling ral_pid.c...
compiling aal_213xpwm.c...
compiling aal_adc.c...
compiling aal_gpio.c...
compiling aal_timer.c...
compiling aal_uart.c...
compiling arm_math.c...
compiling aal_spi.c...
linking...
Program Size: Code=3512 RO-data=16 RW-data=0 ZI-data=1256  
FromELF: creating hex file...
"robocon.axf" - 0 Error(s), 0 Warning(s).
Build target 'Target 1'
assembling Startup.s...
compiling main.c...
compiling ral_encoder.c...
compiling ral_joystick.c...
compiling ral_linesensor.c...
compiling ral_motor.c...
compiling ral_mux.c...
compiling ral_odometry.c...
compiling ral_pid.c...
compiling aal_213xpwm.c...
compiling aal_adc.c...
compiling aal_gpio.c...
compiling aal_timer.c...
compiling aal_uart.c...
compiling arm_math.c...
compiling aal_spi.c...
linking...
robocon.axf: Error: L6218E: Undefined symbol PWM_InitChannel (referred from ral_motor.o).
robocon.axf: Error: L6218E: Undefined symbol PWM_Set (referred from ral_motor.o).
robocon.axf: Not enough information to list image symbols.
robocon.axf: Finished: 1 information, 0 warning and 2 error messages.
Target not created
