<html>
<body>
<pre>
<h1>µVision Build Log</h1>
<h2>Project:</h2>
F:\Documents\Kit\RBC\Code\RBC2011\Library\robocon.uvproj
Project File Date:  09/08/2010

<h2>Output:</h2>
Build target 'Target 1'
compiling main.c...
assembling Startup.s...
compiling ral_encoder.c...
compiling ral_joystick.c...
compiling ral_linesensor.c...
compiling ral_motor.c...
compiling ral_mux.c...
compiling ral_odometry.c...
compiling ral_pid.c...
compiling arm_math.c...
compiling aal_spi.c...
AAL\aal_spi.c(1): error:  #5: cannot open source input file "armversion.h": No such file or directory
AAL\aal_spi.c:   #include "armversion.h"
AAL\aal_spi.c:                          ^
AAL\aal_spi.c: AAL\aal_spi.c: 0 warnings, 1 error
compiling aal_adc.c...
AAL\aal_adc.c(1): error:  #5: cannot open source input file "armversion.h": No such file or directory
AAL\aal_adc.c:   #include "armversion.h"
AAL\aal_adc.c:                          ^
AAL\aal_adc.c: AAL\aal_adc.c: 0 warnings, 1 error
compiling aal_213xpwm.c...
AAL\aal_213xpwm.c(1): error:  #5: cannot open source input file "armversion.h": No such file or directory
AAL\aal_213xpwm.c:   #include "armversion.h"
AAL\aal_213xpwm.c:                          ^
AAL\aal_213xpwm.c: AAL\aal_213xpwm.c: 0 warnings, 1 error
compiling aal_gpio.c...
AAL\aal_gpio.c(1): error:  #5: cannot open source input file "armversion.h": No such file or directory
AAL\aal_gpio.c:   #include "armversion.h"
AAL\aal_gpio.c:                          ^
AAL\aal_gpio.c: AAL\aal_gpio.c: 0 warnings, 1 error
compiling aal_timer.c...
AAL\aal_timer.c(1): error:  #5: cannot open source input file "armversion.h": No such file or directory
AAL\aal_timer.c:   #include "armversion.h"
AAL\aal_timer.c:                          ^
AAL\aal_timer.c: AAL\aal_timer.c: 0 warnings, 1 error
compiling aal_uart.c...
AAL\aal_uart.c(1): error:  #5: cannot open source input file "armversion.h": No such file or directory
AAL\aal_uart.c:   #include "armversion.h"
AAL\aal_uart.c:                          ^
AAL\aal_uart.c: AAL\aal_uart.c: 0 warnings, 1 error
Target not created
Build target 'Target 1'
compiling main.c...
assembling Startup.s...
compiling ral_encoder.c...
compiling ral_joystick.c...
compiling ral_linesensor.c...
compiling ral_motor.c...
compiling ral_mux.c...
compiling ral_odometry.c...
compiling ral_pid.c...
compiling arm_math.c...
compiling aal_spi.c...
compiling aal_adc.c...
compiling aal_213xpwm.c...
compiling aal_gpio.c...
compiling aal_timer.c...
compiling aal_uart.c...
linking...
Program Size: Code=3512 RO-data=16 RW-data=0 ZI-data=1256  
FromELF: creating hex file...
"robocon.axf" - 0 Error(s), 0 Warning(s).
