<html>
<body>
<pre>
<h1>µVision Build Log</h1>
<h2>Project:</h2>
F:\Documents\Kit\RBC\Code\RBC2011\Sample\sample.uvproj
Project File Date:  09/23/2010

<h2>Output:</h2>
Build target 'Target 1'
assembling Startup.s...
compiling main.c...
main.c(14): warning:  #1-D: last line of file ends without a newline
main.c:   }
main.c:    ^
main.c: main.c: 1 warning, 0 errors
compiling ral_encoder.c...
compiling ral_joystick.c...
compiling ral_linesensor.c...
compiling ral_motor.c...
compiling ral_mux.c...
compiling ral_odometry.c...
compiling ral_pid.c...
compiling ral_servo.c...
compiling aal_adc.c...
compiling aal_gpio.c...
compiling aal_pwm.c...
compiling aal_spi.c...
compiling aal_timer.c...
compiling aal_uart.c...
compiling arm_math.c...
linking...
Program Size: Code=3520 RO-data=16 RW-data=0 ZI-data=1256  
FromELF: creating hex file...
"sample.axf" - 0 Error(s), 1 Warning(s).
Build target 'Target 1'
assembling Startup.s...
compiling main.c...
compiling ral_encoder.c...
compiling ral_joystick.c...
compiling ral_linesensor.c...
compiling ral_motor.c...
compiling ral_mux.c...
compiling ral_odometry.c...
compiling ral_pid.c...
compiling ral_servo.c...
compiling aal_adc.c...
compiling aal_gpio.c...
compiling aal_pwm.c...
compiling aal_spi.c...
compiling aal_timer.c...
compiling aal_uart.c...
compiling arm_math.c...
linking...
Program Size: Code=3520 RO-data=16 RW-data=0 ZI-data=1256  
FromELF: creating hex file...
"sample.axf" - 0 Error(s), 0 Warning(s).
