<html>
<body>
<pre>
<h1>µVision Build Log</h1>
<h2>Project:</h2>
C:\Documents and Settings\CEG3430\Desktop\RBC-RBC2011-5dd7014\RBC2011\2400 Cart Port\2400cart.uvproj
Project File Date:  01/09/2011

<h2>Output:</h2>
Build target '2400cart'
assembling Startup.s...
compiling main.c...
main.c(118): warning:  #111-D: statement is unreachable
main.c:         return 0;
main.c:         ^
main.c: main.c: 1 warning, 0 errors
compiling aal_adc.c...
compiling aal_gpio.c...
compiling aal_pwm.c...
compiling aal_spi.c...
compiling aal_timer.c...
compiling aal_uart.c...
compiling arm_math.c...
compiling ral_encoder.c...
compiling ral_joystick.c...
compiling ral_linesensor.c...
compiling ral_motor.c...
compiling ral_mux.c...
compiling ral_odometry.c...
compiling ral_pid.c...
compiling ral_servo.c...
linking...
Program Size: Code=18296 RO-data=320 RW-data=44 ZI-data=5932  
FromELF: creating hex file...
"2400cart.axf" - 0 Error(s), 1 Warning(s).
"C:\Program Files\Philips Semiconductors\Philips Flash Utility\LPC210x_ISP.exe" "C:\Documents and Settings\CEG3430\Desktop\RBC-RBC2011-5dd7014\RBC2011\2400 Cart Port\2400cart.HEX" 12000 LPC2131 COM1: 57600 1
