ARM Linker, 4.1 [Build 481] [Evaluation]

==============================================================================

Section Cross References

    startup.o(RESET) refers to startup.o(STACK) for Stack_Top
    startup.o(RESET) refers to __main.o(!!!main) for __main
    startup.o(.text) refers to startup.o(HEAP) for Heap_Mem
    startup.o(.text) refers to startup.o(STACK) for Stack_Mem
    main.o(.text) refers to aal_gpio.o(.text) for GPIO_Read
    main.o(.text) refers to ral_encoder.o(.text) for Encoder_Set
    main.o(.text) refers to ral_odometry.o(.text) for Odometry_Update
    main.o(.text) refers to ral_pid.o(.text) for PID_UpdateAll
    main.o(.text) refers to aal_uart.o(.text) for Uart_Init
    main.o(.text) refers to aal_pwm.o(.text) for PWM_InitFrequency
    main.o(.text) refers to ral_motor.o(.text) for Motor_Init
    main.o(.text) refers to aal_timer.o(.text) for Timer_Init
    main.o(.text) refers to main.o(.data) for lcur
    main.o(.text) refers to main.o(.bss) for LeftMotor
    ral_encoder.o(.text) refers to aal_spi.o(.text) for SPI_SetLength
    ral_encoder.o(.text) refers to ral_mux.o(.text) for Mux_Set
    ral_encoder.o(.text) refers to ral_encoder.o(.data) for EncoderMux
    ral_encoder.o(.text) refers to ral_encoder.o(.bss) for encoder_value_
    ral_joystick.o(.text) refers to rt_memcpy_w.o(.text) for __aeabi_memcpy4
    ral_joystick.o(.text) refers to aal_gpio.o(.text) for GPIO_Init
    ral_joystick.o(.text) refers to aeabi_sdiv.o(.text) for __aeabi_idivmod
    ral_joystick.o(.text) refers to aal_adc.o(.text) for ADC_InitChannel
    ral_joystick.o(.text) refers to ral_joystick.o(.constdata) for .constdata
    ral_linesensor.o(.text) refers to aal_gpio.o(.text) for GPIO_Init
    ral_linesensor.o(.text) refers to ral_linesensor.o(.data) for _OutputPins
    ral_motor.o(.text) refers to aal_spi.o(.text) for SPI_SetLength
    ral_motor.o(.text) refers to ral_mux.o(.text) for Mux_Set
    ral_motor.o(.text) refers to aal_gpio.o(.text) for GPIO_Set
    ral_motor.o(.text) refers to aal_pwm.o(.text) for PWM_Set213x
    ral_motor.o(.text) refers to main.o(.bss) for MBMux
    ral_mux.o(.text) refers to aal_gpio.o(.text) for GPIO_Set
    ral_odometry.o(.text) refers to ral_encoder.o(.text) for Encoder_ReadBuffer
    ral_odometry.o(.text) refers to dflt_noclz.o(x$fpl$dflt) for __aeabi_i2d
    ral_odometry.o(.text) refers to dmul.o(x$fpl$dmul) for __aeabi_dmul
    ral_odometry.o(.text) refers to daddsub_noclz.o(x$fpl$dadd) for __aeabi_dadd
    ral_odometry.o(.text) refers to ddiv.o(x$fpl$ddiv) for __aeabi_ddiv
    ral_odometry.o(.text) refers to cos.o(i.cos) for cos
    ral_odometry.o(.text) refers to sin.o(i.sin) for sin
    ral_odometry.o(.text) refers to daddsub_noclz.o(x$fpl$dsub) for __aeabi_dsub
    ral_odometry.o(.text) refers to daddsub_noclz.o(x$fpl$drsb) for __aeabi_drsub
    ral_odometry.o(.text) refers to ral_odometry.o(.bss) for Odometry_Pos
    ral_pid.o(.text) refers to dmul.o(x$fpl$dmul) for __aeabi_dmul
    ral_pid.o(.text) refers to daddsub_noclz.o(x$fpl$dadd) for __aeabi_dadd
    ral_pid.o(.text) refers to drleqf.o(x$fpl$drleqf) for __aeabi_cdrcmple
    ral_pid.o(.text) refers to daddsub_noclz.o(x$fpl$dsub) for __aeabi_dsub
    ral_pid.o(.text) refers to aeabi_sdiv.o(.text_udiv) for __aeabi_uidivmod
    ral_pid.o(.text) refers to dflt_noclz.o(x$fpl$dflt) for __aeabi_i2d
    ral_pid.o(.text) refers to ddiv.o(x$fpl$ddiv) for __aeabi_ddiv
    ral_pid.o(.text) refers to ral_encoder.o(.text) for Encoder_ReadBuffer
    ral_pid.o(.text) refers to dfix.o(x$fpl$dfix) for __aeabi_d2iz
    ral_pid.o(.text) refers to ral_motor.o(.text) for Motor_SetPWM
    ral_pid.o(.text) refers to dleqf.o(x$fpl$dleqf) for __aeabi_cdcmple
    ral_pid.o(.text) refers to h1_alloc.o(.text) for malloc
    ral_pid.o(.text) refers to ral_pid.o(.bss) for PIDList
    ral_pid.o(.text) refers to ral_pid.o(.data) for PIDListCount
    ral_servo.o(.text) refers to aeabi_sdiv.o(.text) for __aeabi_idivmod
    ral_servo.o(.text) refers to ral_motor.o(.text) for Motor_SetPWM
    aal_gpio.o(.text) refers to aeabi_sdiv.o(.text) for __aeabi_idivmod
    aal_pwm.o(.text) refers to aeabi_sdiv.o(.text) for __aeabi_idivmod
    aal_pwm.o(.text) refers to aal_pwm.o(.data) for globalperiod
    aal_timer.o(.text) refers to aeabi_sdiv.o(.text) for __aeabi_idivmod
    aal_uart.o(.text) refers to aeabi_sdiv.o(.text) for __aeabi_idivmod
    aal_uart.o(.text) refers to arm_math.o(.text) for numDigi
    aal_uart.o(.text) refers to fleqf.o(x$fpl$fleqf) for __aeabi_cfcmple
    aal_uart.o(.text) refers to fmul.o(x$fpl$fmul) for __aeabi_fmul
    aal_uart.o(.text) refers to ffix.o(x$fpl$ffix) for __aeabi_f2iz
    malloc.o(.text) refers (Special) to hguard.o(.text) for __heap$guard
    malloc.o(.text) refers (Special) to init_alloc.o(.text) for _init_alloc
    malloc.o(.text) refers to rt_heap_descriptor_intlibspace.o(.text) for __rt_heap_descriptor
    h1_alloc.o(.text) refers (Special) to h1_init.o(.text) for __Heap_Initialize
[...]
    rred.o(i.__ieee754_rem_pio2) refers to scalbn.o(x$fpl$scalbn) for scalbn
    rred.o(i.__ieee754_rem_pio2) refers to rred.o(.constdata) for .constdata
    rred.o(i.__use_accurate_range_reduction) refers (Special) to usenofp.o(x$fpl$usenofp) for __I$use$fp
    rred.o(.constdata) refers (Special) to usenofp.o(x$fpl$usenofp) for __I$use$fp
    sin_i.o(i.__kernel_sin) refers (Special) to usenofp.o(x$fpl$usenofp) for __I$use$fp
    sin_i.o(i.__kernel_sin) refers to fpclassify.o(i.__ARM_fpclassify) for __ARM_fpclassify
    sin_i.o(i.__kernel_sin) refers to dunder.o(i.__mathlib_dbl_underflow) for __mathlib_dbl_underflow
    sin_i.o(i.__kernel_sin) refers to dmul.o(x$fpl$dmul) for __aeabi_dmul
    sin_i.o(i.__kernel_sin) refers to poly.o(i.__kernel_poly) for __kernel_poly
    sin_i.o(i.__kernel_sin) refers to scalbn.o(x$fpl$scalbn) for scalbn
    sin_i.o(i.__kernel_sin) refers to daddsub_noclz.o(x$fpl$dsub) for __aeabi_dsub
    sin_i.o(i.__kernel_sin) refers to daddsub_noclz.o(x$fpl$drsb) for __aeabi_drsub
    sin_i.o(i.__kernel_sin) refers to daddsub_noclz.o(x$fpl$dadd) for __aeabi_dadd
    sin_i.o(i.__kernel_sin) refers to sin_i.o(.constdata) for .constdata
    sin_i.o(.constdata) refers (Special) to usenofp.o(x$fpl$usenofp) for __I$use$fp
    sin_i_x.o(i.____kernel_sin$lsc) refers (Special) to usenofp.o(x$fpl$usenofp) for __I$use$fp
    sin_i_x.o(i.____kernel_sin$lsc) refers to dmul.o(x$fpl$dmul) for __aeabi_dmul
    sin_i_x.o(i.____kernel_sin$lsc) refers to poly.o(i.__kernel_poly) for __kernel_poly
    sin_i_x.o(i.____kernel_sin$lsc) refers to scalbn.o(x$fpl$scalbn) for scalbn
    sin_i_x.o(i.____kernel_sin$lsc) refers to daddsub_noclz.o(x$fpl$dsub) for __aeabi_dsub
    sin_i_x.o(i.____kernel_sin$lsc) refers to daddsub_noclz.o(x$fpl$drsb) for __aeabi_drsub
    sin_i_x.o(i.____kernel_sin$lsc) refers to daddsub_noclz.o(x$fpl$dadd) for __aeabi_dadd
    sin_i_x.o(i.____kernel_sin$lsc) refers to sin_i_x.o(.constdata) for .constdata
    sin_i_x.o(.constdata) refers (Special) to usenofp.o(x$fpl$usenofp) for __I$use$fp
    sys_command.o(.text) refers (Special) to use_no_semi.o(.text) for __I$use$semihosting
    libspace.o(.text) refers to libspace.o(.bss) for __libspace_start
    rtentry2.o(.ARM.Collect$$rtentry$$00000008) refers to boardinit2.o(.text) for _platform_post_stackheap_init
    rtentry2.o(.ARM.Collect$$rtentry$$0000000A) refers to libinit.o(.ARM.Collect$$libinit$$00000000) for __rt_lib_init
    rtentry2.o(.ARM.Collect$$rtentry$$0000000B) refers to boardinit3.o(.text) for _platform_post_lib_init
    rtentry2.o(.ARM.Collect$$rtentry$$0000000D) refers to exit.o(.text) for exit
    rtentry2.o(.ARM.Collect$$rtentry$$0000000D) refers to main.o(.text) for main
    rtentry2.o(.ARM.exidx) refers to rtentry2.o(.ARM.Collect$$rtentry$$00000001) for .ARM.Collect$$rtentry$$00000001
    rtentry2.o(.ARM.exidx) refers to rtentry2.o(.ARM.Collect$$rtentry$$00000002) for .ARM.Collect$$rtentry$$00000002
    rtentry2.o(.ARM.exidx) refers to rtentry2.o(.ARM.Collect$$rtentry$$00000008) for .ARM.Collect$$rtentry$$00000008
    rtentry2.o(.ARM.exidx) refers to rtentry2.o(.ARM.Collect$$rtentry$$00000009) for .ARM.Collect$$rtentry$$00000009
    rtentry2.o(.ARM.exidx) refers to rtentry2.o(.ARM.Collect$$rtentry$$0000000A) for .ARM.Collect$$rtentry$$0000000A
    rtentry2.o(.ARM.exidx) refers to rtentry2.o(.ARM.Collect$$rtentry$$0000000B) for .ARM.Collect$$rtentry$$0000000B
    rtentry2.o(.ARM.exidx) refers to rtentry2.o(.ARM.Collect$$rtentry$$0000000C) for .ARM.Collect$$rtentry$$0000000C
    rtentry2.o(.ARM.exidx) refers to rtentry2.o(.ARM.Collect$$rtentry$$0000000D) for .ARM.Collect$$rtentry$$0000000D
    rtentry4.o(.ARM.Collect$$rtentry$$00000004) refers to sys_stackheap_outer.o(.text) for __user_setup_stackheap
    rtentry4.o(.ARM.exidx) refers to rtentry4.o(.ARM.Collect$$rtentry$$00000004) for .ARM.Collect$$rtentry$$00000004
    rt_div0.o(.text) refers to defsig_fpe_outer.o(.text) for __rt_SIGFPE
    rt_errno_addr.o(.text) refers to rt_errno_addr.o(.bss) for __aeabi_errno_addr_data
    rt_errno_addr_intlibspace.o(.text) refers to libspace.o(.bss) for __libspace_start
    maybetermalloc2.o(.emb_text) refers (Special) to term_alloc.o(.text) for _terminate_alloc
    h1_extend.o(.text) refers to h1_free.o(.text) for free
    h1_extend_mt.o(.text) refers to h1_free_mt.o(.text) for _free_internal
    defsig_rtmem_outer.o(.text) refers to defsig_rtmem_inner.o(.text) for __rt_SIGRTMEM_inner
    defsig_rtmem_outer.o(.text) refers to defsig_exit.o(.text) for __sig_exit
    defsig_rtmem_formal.o(.text) refers to rt_raise.o(.text) for __rt_raise
    heapauxa.o(.text) refers to heapauxa.o(.data) for .data
    argv_veneer.o(.emb_text) refers to no_argv.o(.text) for __ARM_get_argv
    dcheck1.o(x$fpl$dcheck1) refers (Special) to usenofp.o(x$fpl$usenofp) for __I$use$fp
    dcheck1.o(x$fpl$dcheck1) refers to retnan.o(x$fpl$retnan) for __fpl_return_NaN
    dunder.o(i.__mathlib_dbl_underflow) refers to scalbn.o(x$fpl$scalbn) for scalbn
    fpclassify.o(i.__ARM_fpclassify) refers (Special) to usenofp.o(x$fpl$usenofp) for __I$use$fp
    poly.o(i.__kernel_poly) refers (Special) to usenofp.o(x$fpl$usenofp) for __I$use$fp
    poly.o(i.__kernel_poly) refers to dmul.o(x$fpl$dmul) for __aeabi_dmul
    poly.o(i.__kernel_poly) refers to daddsub_noclz.o(x$fpl$dadd) for __aeabi_dadd
    sys_stackheap_outer.o(.text) refers to libspace.o(.text) for __user_perproc_libspace
    sys_stackheap_outer.o(.text) refers to startup.o(.text) for __user_initial_stackheap
    rt_raise.o(.text) refers to __raise.o(.text) for __raise
    rt_raise.o(.text) refers to sys_exit.o(.text) for _sys_exit
    term_alloc.o(.text) refers (Special) to libshutdown2.o(.ARM.Collect$$libshutdown$$0000000D) for __rt_lib_shutdown_heap_2
    term_alloc.o(.text) refers to rt_heap_descriptor_intlibspace.o(.text) for __rt_heap_descriptor
    exit.o(.text) refers to rtexit.o(.ARM.Collect$$rtexit$$00000000) for __rt_exit
    defsig_exit.o(.text) refers to sys_exit.o(.text) for _sys_exit
    defsig_fpe_outer.o(.text) refers to defsig_fpe_inner.o(.text) for __rt_SIGFPE_inner
    defsig_fpe_outer.o(.text) refers to defsig_exit.o(.text) for __sig_exit
    defsig_fpe_formal.o(.text) refers to rt_raise.o(.text) for __rt_raise
    defsig_rtmem_inner.o(.text) refers to defsig_general.o(.text) for __default_signal_display
    _get_argv_nomalloc.o(.text) refers (Special) to hrguard.o(.text) for __heap_region$guard
    _get_argv_nomalloc.o(.text) refers to defsig_rtmem_outer.o(.text) for __rt_SIGRTMEM
    _get_argv_nomalloc.o(.text) refers to sys_command.o(.text) for _sys_command_string
    libinit.o(.ARM.Collect$$libinit$$00000000) refers (Special) to libinit2.o(.ARM.Collect$$libinit$$0000002A) for __rt_lib_init_alloca_1
    libinit.o(.ARM.Collect$$libinit$$00000000) refers (Special) to libinit2.o(.ARM.Collect$$libinit$$00000028) for __rt_lib_init_argv_1
    libinit.o(.ARM.Collect$$libinit$$00000000) refers (Special) to libinit2.o(.ARM.Collect$$libinit$$00000017) for __rt_lib_init_atexit_1
    libinit.o(.ARM.Collect$$libinit$$00000000) refers (Special) to libinit2.o(.ARM.Collect$$libinit$$0000001D) for __rt_lib_init_clock_1
    libinit.o(.ARM.Collect$$libinit$$00000000) refers (Special) to libinit2.o(.ARM.Collect$$libinit$$0000002E) for __rt_lib_init_cpp_1
    libinit.o(.ARM.Collect$$libinit$$00000000) refers (Special) to libinit2.o(.ARM.Collect$$libinit$$0000002C) for __rt_lib_init_exceptions_1
    libinit.o(.ARM.Collect$$libinit$$00000000) refers (Special) to libinit2.o(.ARM.Collect$$libinit$$0000001B) for __rt_lib_init_fp_trap_1
    libinit.o(.ARM.Collect$$libinit$$00000000) refers (Special) to libinit2.o(.ARM.Collect$$libinit$$0000001F) for __rt_lib_init_getenv_1
    libinit.o(.ARM.Collect$$libinit$$00000000) refers (Special) to libinit2.o(.ARM.Collect$$libinit$$00000006) for __rt_lib_init_heap_1
    libinit.o(.ARM.Collect$$libinit$$00000000) refers (Special) to libinit2.o(.ARM.Collect$$libinit$$0000000D) for __rt_lib_init_lc_collate_1
    libinit.o(.ARM.Collect$$libinit$$00000000) refers (Special) to libinit2.o(.ARM.Collect$$libinit$$0000000F) for __rt_lib_init_lc_ctype_1
    libinit.o(.ARM.Collect$$libinit$$00000000) refers (Special) to libinit2.o(.ARM.Collect$$libinit$$00000011) for __rt_lib_init_lc_monetary_1
    libinit.o(.ARM.Collect$$libinit$$00000000) refers (Special) to libinit2.o(.ARM.Collect$$libinit$$00000013) for __rt_lib_init_lc_numeric_1
    libinit.o(.ARM.Collect$$libinit$$00000000) refers (Special) to libinit2.o(.ARM.Collect$$libinit$$00000015) for __rt_lib_init_lc_time_1
    libinit.o(.ARM.Collect$$libinit$$00000000) refers (Special) to libinit2.o(.ARM.Collect$$libinit$$0000000A) for __rt_lib_init_rand_1
    libinit.o(.ARM.Collect$$libinit$$00000000) refers (Special) to libinit2.o(.ARM.Collect$$libinit$$0000002F) for __rt_lib_init_return
    libinit.o(.ARM.Collect$$libinit$$00000000) refers (Special) to libinit2.o(.ARM.Collect$$libinit$$00000019) for __rt_lib_init_signal_1
    libinit.o(.ARM.Collect$$libinit$$00000000) refers (Special) to libinit2.o(.ARM.Collect$$libinit$$00000021) for __rt_lib_init_stdio_1
    libinit.o(.ARM.Collect$$libinit$$00000000) refers (Special) to libinit2.o(.ARM.Collect$$libinit$$00000008) for __rt_lib_init_user_alloc_1
    libinit.o(.ARM.Collect$$libinit$$00000000) refers to fpinit.o(x$fpl$fpinit) for _fp_init
    retnan.o(x$fpl$retnan) refers (Special) to usenofp.o(x$fpl$usenofp) for __I$use$fp
    retnan.o(x$fpl$retnan) refers to trapv.o(x$fpl$trapveneer) for __fpl_cmpreturn
    sys_exit.o(.text) refers (Special) to use_no_semi.o(.text) for __I$use$semihosting
    rtexit.o(.ARM.Collect$$rtexit$$00000000) refers (Special) to rtexit2.o(.ARM.Collect$$rtexit$$00000004) for __rt_exit_exit
    rtexit.o(.ARM.Collect$$rtexit$$00000000) refers (Special) to rtexit2.o(.ARM.Collect$$rtexit$$00000003) for __rt_exit_ls
    rtexit.o(.ARM.Collect$$rtexit$$00000000) refers (Special) to rtexit2.o(.ARM.Collect$$rtexit$$00000002) for __rt_exit_prels_1
    rtexit.o(.ARM.exidx) refers (Special) to rtexit2.o(.ARM.Collect$$rtexit$$00000004) for __rt_exit_exit
    rtexit.o(.ARM.exidx) refers (Special) to rtexit2.o(.ARM.Collect$$rtexit$$00000003) for __rt_exit_ls
    rtexit.o(.ARM.exidx) refers (Special) to rtexit2.o(.ARM.Collect$$rtexit$$00000002) for __rt_exit_prels_1
    rtexit.o(.ARM.exidx) refers to rtexit.o(.ARM.Collect$$rtexit$$00000000) for .ARM.Collect$$rtexit$$00000000
    __raise.o(.text) refers to __raise.o(i.__ARM_common_call_via_r2) for __ARM_common_call_via_r2
    __raise.o(.text) refers to defsig.o(CL$$defsig) for __default_signal_handler
    defsig_general.o(.text) refers to sys_wrch.o(.text) for _ttywrch
    defsig_fpe_inner.o(.text) refers to defsig_general.o(.text) for __default_signal_display
    libshutdown2.o(.ARM.Collect$$libshutdown$$0000000C) refers (Weak) to term_alloc.o(.text) for _terminate_alloc
    fpinit.o(x$fpl$fpinit) refers to rt_fp_status_addr_intlibspace.o(.text) for __rt_fp_status_addr
    trapv.o(x$fpl$trapveneer) refers (Special) to usenofp.o(x$fpl$usenofp) for __I$use$fp
    sys_wrch.o(.text) refers (Special) to use_no_semi.o(.text) for __I$use$semihosting
    rtexit2.o(.ARM.Collect$$rtexit$$00000003) refers to libshutdown.o(.ARM.Collect$$libshutdown$$00000000) for __rt_lib_shutdown
    rtexit2.o(.ARM.Collect$$rtexit$$00000004) refers to sys_exit.o(.text) for _sys_exit
    rtexit2.o(.ARM.exidx) refers to rtexit2.o(.ARM.Collect$$rtexit$$00000001) for .ARM.Collect$$rtexit$$00000001
    rtexit2.o(.ARM.exidx) refers to rtexit2.o(.ARM.Collect$$rtexit$$00000002) for .ARM.Collect$$rtexit$$00000002
    rtexit2.o(.ARM.exidx) refers to rtexit2.o(.ARM.Collect$$rtexit$$00000003) for .ARM.Collect$$rtexit$$00000003
    rtexit2.o(.ARM.exidx) refers to rtexit2.o(.ARM.Collect$$rtexit$$00000004) for .ARM.Collect$$rtexit$$00000004
    rt_fp_status_addr.o(.text) refers to rt_fp_status_addr.o(.bss) for __rt_fp_status_addr_data
    rt_fp_status_addr_intlibspace.o(.text) refers to libspace.o(.bss) for __libspace_start
    defsig.o(CL$$defsig) refers to defsig_fpe_inner.o(.text) for __rt_SIGFPE_inner
    defsig.o(CL$$defsig) refers to defsig_rtmem_inner.o(.text) for __rt_SIGRTMEM_inner
    defsig_abrt_inner.o(.text) refers to defsig_general.o(.text) for __default_signal_display
    defsig_rtred_inner.o(.text) refers to defsig_general.o(.text) for __default_signal_display
    defsig_stak_inner.o(.text) refers to defsig_general.o(.text) for __default_signal_display
    defsig_pvfn_inner.o(.text) refers to defsig_general.o(.text) for __default_signal_display
    defsig_cppl_inner.o(.text) refers to defsig_general.o(.text) for __default_signal_display
    defsig_segv_inner.o(.text) refers to defsig_general.o(.text) for __default_signal_display
    defsig_other.o(.text) refers to defsig_general.o(.text) for __default_signal_display
    libshutdown.o(.ARM.Collect$$libshutdown$$00000000) refers (Special) to libshutdown2.o(.ARM.Collect$$libshutdown$$00000006) for __rt_lib_shutdown_fp_trap_1
    libshutdown.o(.ARM.Collect$$libshutdown$$00000000) refers (Special) to libshutdown2.o(.ARM.Collect$$libshutdown$$0000000E) for __rt_lib_shutdown_heap_1
    libshutdown.o(.ARM.Collect$$libshutdown$$00000000) refers (Special) to libshutdown2.o(.ARM.Collect$$libshutdown$$0000000F) for __rt_lib_shutdown_return
    libshutdown.o(.ARM.Collect$$libshutdown$$00000000) refers (Special) to libshutdown2.o(.ARM.Collect$$libshutdown$$00000009) for __rt_lib_shutdown_signal_1
    libshutdown.o(.ARM.Collect$$libshutdown$$00000000) refers (Special) to libshutdown2.o(.ARM.Collect$$libshutdown$$00000003) for __rt_lib_shutdown_stdio_1
    libshutdown.o(.ARM.Collect$$libshutdown$$00000000) refers (Special) to libshutdown2.o(.ARM.Collect$$libshutdown$$0000000B) for __rt_lib_shutdown_user_alloc_1


==============================================================================

Removing Unused input sections from the image.

    Removing ral_joystick.o(.text), (204 bytes).
    Removing ral_joystick.o(.constdata), (56 bytes).
    Removing ral_linesensor.o(.text), (988 bytes).
    Removing ral_linesensor.o(.data), (148 bytes).
    Removing ral_servo.o(.text), (232 bytes).
    Removing aal_adc.o(.text), (368 bytes).

6 unused section(s) (total 1996 bytes) removed from the image.

==============================================================================

Adding Veneers to the image

    Adding AT veneer (8 bytes, Inline) for call to '__rt_lib_init' from rtentry2.o(.ARM.Collect$$rtentry$$0000000A).
    Adding AT veneer (8 bytes, Inline) for call to '__rt_lib_shutdown' from rtexit2.o(.ARM.Collect$$rtexit$$00000003).
    Adding TA veneer (4 bytes, Inline) for call to '__rt_exit' from exit.o(.text).
    Adding AT veneer (8 bytes, Inline) for call to 'malloc' from ral_pid.o(.text).
    Adding TA veneer (4 bytes, Inline) for call to '__rt_heap_descriptor' from h1_alloc.o(.text).
    Adding AT veneer (8 bytes, Inline) for call to '__set_errno' from cos.o(i.cos).
    Adding TA veneer (4 bytes, Inline) for call to '__aeabi_errno_addr' from _rserrno.o(.text).
    Adding AT veneer (8 bytes, Inline) for call to '_sys_exit' from rtexit2.o(.ARM.Collect$$rtexit$$00000004).
    Adding TA veneer (4 bytes, Inline) for call to '_fp_init' from libinit.o(.ARM.Collect$$libinit$$00000000).

9 Veneer(s) (total 56 bytes) added to the image.

==============================================================================

Image Symbol Table

    Local Symbols

    Symbol Name                              Value     Ov Type        Size  Object(Section)

    RESET                                    0x00000000   Section      272  startup.o(RESET)
    ../../angel/boardlib.s                   0x00000000   Number         0  boardinit2.o ABSOLUTE
    ../../angel/boardlib.s                   0x00000000   Number         0  boardinit3.o ABSOLUTE
    ../../angel/boardlib.s                   0x00000000   Number         0  boardinit1.o ABSOLUTE
    ../../angel/boardlib.s                   0x00000000   Number         0  boardshut.o ABSOLUTE
    ../../angel/handlers.s                   0x00000000   Number         0  __scatter_copy.o ABSOLUTE
    ../../angel/handlers.s                   0x00000000   Number         0  __scatter_zi.o ABSOLUTE
    ../../angel/kernel.s                     0x00000000   Number         0  rtentry.o ABSOLUTE
    ../../angel/kernel.s                     0x00000000   Number         0  rtentry2.o ABSOLUTE
    ../../angel/kernel.s                     0x00000000   Number         0  rtentry4.o ABSOLUTE
    ../../angel/kernel.s                     0x00000000   Number         0  rtexit.o ABSOLUTE
    ../../angel/kernel.s                     0x00000000   Number         0  rtexit2.o ABSOLUTE
    ../../angel/rt.s                         0x00000000   Number         0  aeabi_idiv0_sigfpe.o ABSOLUTE
    ../../angel/rt.s                         0x00000000   Number         0  aeabi_idiv0.o ABSOLUTE
    ../../angel/rt.s                         0x00000000   Number         0  rt_heap_descriptor.o ABSOLUTE
    ../../angel/rt.s                         0x00000000   Number         0  rt_div0.o ABSOLUTE
    ../../angel/rt.s                         0x00000000   Number         0  rt_raise.o ABSOLUTE
    ../../angel/rt.s                         0x00000000   Number         0  rt_errno_addr.o ABSOLUTE
    ../../angel/rt.s                         0x00000000   Number         0  rt_heap_descriptor_intlibspace.o ABSOLUTE
    ../../angel/rt.s                         0x00000000   Number         0  rt_fp_status_addr_intlibspace.o ABSOLUTE
    ../../angel/rt.s                         0x00000000   Number         0  rt_errno_addr_intlibspace.o ABSOLUTE
    ../../angel/rt.s                         0x00000000   Number         0  rt_fp_status_addr.o ABSOLUTE
    ../../angel/scatter.s                    0x00000000   Number         0  __scatter.o ABSOLUTE
    ../../angel/startup.s                    0x00000000   Number         0  __main.o ABSOLUTE
    ../../angel/sys.s                        0x00000000   Number         0  mutex_dummy.o ABSOLUTE
    ../../angel/sys.s                        0x00000000   Number         0  sys_stackheap_outer.o ABSOLUTE
    ../../angel/sys.s                        0x00000000   Number         0  libspace.o ABSOLUTE
    ../../angel/sys.s                        0x00000000   Number         0  use_no_semi.o ABSOLUTE
    ../../angel/sysapp.c                     0x00000000   Number         0  sys_command.o ABSOLUTE
    ../../angel/sysapp.c                     0x00000000   Number         0  sys_wrch.o ABSOLUTE
    ../../angel/sysapp.c                     0x00000000   Number         0  sys_exit.o ABSOLUTE
    ../../armsys.c                           0x00000000   Number         0  argv_veneer.o ABSOLUTE
    ../../armsys.c                           0x00000000   Number         0  _get_argv.o ABSOLUTE
    ../../armsys.c                           0x00000000   Number         0  argv_veneer.o ABSOLUTE
    ../../armsys.c                           0x00000000   Number         0  no_argv.o ABSOLUTE
    ../../armsys.c                           0x00000000   Number         0  _get_argv_nomalloc.o ABSOLUTE
    ../../cos.c                              0x00000000   Number         0  cos_x.o ABSOLUTE
    ../../cos.c                              0x00000000   Number         0  cos.o ABSOLUTE
    ../../cos_i.c                            0x00000000   Number         0  cos_i.o ABSOLUTE
    ../../daddsub.s                          0x00000000   Number         0  daddsub_noclz.o ABSOLUTE
    ../../dcheck1.s                          0x00000000   Number         0  dcheck1.o ABSOLUTE
    ../../dcmpi.s                            0x00000000   Number         0  dcmpi.o ABSOLUTE
    ../../ddiv.s                             0x00000000   Number         0  ddiv.o ABSOLUTE
    ../../dfix.s                             0x00000000   Number         0  dfix.o ABSOLUTE
    ../../dflt.s                             0x00000000   Number         0  dflt_noclz.o ABSOLUTE
    ../../division.s                         0x00000000   Number         0  aeabi_sdiv_div0.o ABSOLUTE
    ../../division.s                         0x00000000   Number         0  aeabi_sdiv.o ABSOLUTE
    ../../divrt.s                            0x00000000   Number         0  divrt_7tdmi_div0.o ABSOLUTE
    ../../divrt.s                            0x00000000   Number         0  divrt_7tdmi.o ABSOLUTE
    ../../dleqf.s                            0x00000000   Number         0  dleqf.o ABSOLUTE
    ../../dmul.s                             0x00000000   Number         0  dmul.o ABSOLUTE
    ../../dnaninf.s                          0x00000000   Number         0  dnaninf.o ABSOLUTE
    ../../dretinf.s                          0x00000000   Number         0  dretinf.o ABSOLUTE
    ../../drleqf.s                           0x00000000   Number         0  drleqf.o ABSOLUTE
    ../../dunder.c                           0x00000000   Number         0  dunder.o ABSOLUTE
    ../../fcmpi.s                            0x00000000   Number         0  fcmpi.o ABSOLUTE
    ../../fenv.c                             0x00000000   Number         0  _rserrno.o ABSOLUTE
    ../../ffix.s                             0x00000000   Number         0  ffix.o ABSOLUTE
    ../../fleqf.s                            0x00000000   Number         0  fleqf.o ABSOLUTE
    ../../fmul.s                             0x00000000   Number         0  fmul.o ABSOLUTE
    ../../fnaninf.s                          0x00000000   Number         0  fnaninf.o ABSOLUTE
    ../../fpclassify.c                       0x00000000   Number         0  fpclassify.o ABSOLUTE
    ../../fpinit.s                           0x00000000   Number         0  fpinit.o ABSOLUTE
    ../../fretinf.s                          0x00000000   Number         0  fretinf.o ABSOLUTE
    ../../heap1.c                            0x00000000   Number         0  h1_free_mt.o ABSOLUTE
    ../../heap1.c                            0x00000000   Number         0  h1_alloc_mt.o ABSOLUTE
    ../../heap1.c                            0x00000000   Number         0  h1_alloc.o ABSOLUTE
    ../../heap1.c                            0x00000000   Number         0  h1_final.o ABSOLUTE
    ../../heap1.c                            0x00000000   Number         0  h1_final_mt.o ABSOLUTE
    ../../heap1.c                            0x00000000   Number         0  h1_extend_mt.o ABSOLUTE
    ../../heap1.c                            0x00000000   Number         0  h1_extend.o ABSOLUTE
    ../../heap1.c                            0x00000000   Number         0  h1_init.o ABSOLUTE
    ../../heap1.c                            0x00000000   Number         0  h1_free.o ABSOLUTE
    ../../heap1.c                            0x00000000   Number         0  h1_init_mt.o ABSOLUTE
    ../../heap2.c                            0x00000000   Number         0  heap2.o ABSOLUTE
    ../../heap2.c                            0x00000000   Number         0  heap2mt.o ABSOLUTE
    ../../heap2.c                            0x00000000   Number         0  fdtree.o ABSOLUTE
    ../../heapalloc.c                        0x00000000   Number         0  malloc.o ABSOLUTE
    ../../heapalloc.c                        0x00000000   Number         0  maybetermalloc2.o ABSOLUTE
    ../../heapalloc.c                        0x00000000   Number         0  hguard.o ABSOLUTE
    ../../heapalloc.c                        0x00000000   Number         0  term_alloc.o ABSOLUTE
    ../../heapalloc.c                        0x00000000   Number         0  maybetermalloc2.o ABSOLUTE
    ../../heapalloc.c                        0x00000000   Number         0  maybetermalloc1.o ABSOLUTE
    ../../heapalloc.c                        0x00000000   Number         0  free.o ABSOLUTE
    ../../heapalloc.c                        0x00000000   Number         0  maybetermalloc1.o ABSOLUTE
    ../../heapalloc.c                        0x00000000   Number         0  hrguard.o ABSOLUTE
    ../../heapalloc.c                        0x00000000   Number         0  init_alloc.o ABSOLUTE
    ../../heapalloc.c                        0x00000000   Number         0  heapstubs.o ABSOLUTE
    ../../heapaux.c                          0x00000000   Number         0  heapauxi.o ABSOLUTE
    ../../heapaux.c                          0x00000000   Number         0  heapauxa.o ABSOLUTE
    ../../libinit.s                          0x00000000   Number         0  libinit2.o ABSOLUTE
    ../../libinit.s                          0x00000000   Number         0  libinit.o ABSOLUTE
    ../../libinit.s                          0x00000000   Number         0  libshutdown2.o ABSOLUTE
    ../../libinit.s                          0x00000000   Number         0  libshutdown.o ABSOLUTE
    ../../memcpset.s                         0x00000000   Number         0  rt_memcpy_w.o ABSOLUTE
    ../../poly.c                             0x00000000   Number         0  poly.o ABSOLUTE
    ../../retnan.s                           0x00000000   Number         0  retnan.o ABSOLUTE
    ../../rred.c                             0x00000000   Number         0  rred.o ABSOLUTE
    ../../scalbn.s                           0x00000000   Number         0  scalbn.o ABSOLUTE
    ../../signal.c                           0x00000000   Number         0  defsig_rtred_inner.o ABSOLUTE
    ../../signal.c                           0x00000000   Number         0  defsig_stak_inner.o ABSOLUTE
    ../../signal.c                           0x00000000   Number         0  defsig_pvfn_inner.o ABSOLUTE
    ../../signal.c                           0x00000000   Number         0  defsig_cppl_inner.o ABSOLUTE
    ../../signal.c                           0x00000000   Number         0  defsig_rtmem_formal.o ABSOLUTE
    ../../signal.c                           0x00000000   Number         0  defsig_segv_inner.o ABSOLUTE
    ../../signal.c                           0x00000000   Number         0  defsig_rtmem_outer.o ABSOLUTE
    ../../signal.c                           0x00000000   Number         0  defsig_abrt_inner.o ABSOLUTE
    ../../signal.c                           0x00000000   Number         0  __raise.o ABSOLUTE
    ../../signal.c                           0x00000000   Number         0  defsig_other.o ABSOLUTE
    ../../signal.c                           0x00000000   Number         0  defsig_exit.o ABSOLUTE
    ../../signal.c                           0x00000000   Number         0  defsig_fpe_outer.o ABSOLUTE
    ../../signal.c                           0x00000000   Number         0  defsig_general.o ABSOLUTE
    ../../signal.c                           0x00000000   Number         0  defsig_fpe_formal.o ABSOLUTE
    ../../signal.c                           0x00000000   Number         0  defsig_rtmem_inner.o ABSOLUTE
    ../../signal.c                           0x00000000   Number         0  defsig_fpe_inner.o ABSOLUTE
    ../../signal.s                           0x00000000   Number         0  defsig.o ABSOLUTE
    ../../sin.c                              0x00000000   Number         0  sin_x.o ABSOLUTE
    ../../sin.c                              0x00000000   Number         0  sin.o ABSOLUTE
    ../../sin_i.c                            0x00000000   Number         0  sin_i.o ABSOLUTE
    ../../sin_i.c                            0x00000000   Number         0  sin_i_x.o ABSOLUTE
    ../../stdlib.c                           0x00000000   Number         0  exit.o ABSOLUTE
    ../../trapv.s                            0x00000000   Number         0  trapv.o ABSOLUTE
    ../../usenofp.s                          0x00000000   Number         0  usenofp.o ABSOLUTE
    ..\..\Library\AAL\aal_adc.c              0x00000000   Number         0  aal_adc.o ABSOLUTE
    ..\..\Library\AAL\aal_gpio.c             0x00000000   Number         0  aal_gpio.o ABSOLUTE
    ..\..\Library\AAL\aal_pwm.c              0x00000000   Number         0  aal_pwm.o ABSOLUTE
    ..\..\Library\AAL\aal_spi.c              0x00000000   Number         0  aal_spi.o ABSOLUTE
    ..\..\Library\AAL\aal_timer.c            0x00000000   Number         0  aal_timer.o ABSOLUTE
    ..\..\Library\AAL\aal_uart.c             0x00000000   Number         0  aal_uart.o ABSOLUTE
    ..\..\Library\AAL\arm_math.c             0x00000000   Number         0  arm_math.o ABSOLUTE
    ..\..\Library\RAL\ral_encoder.c          0x00000000   Number         0  ral_encoder.o ABSOLUTE
    ..\..\Library\RAL\ral_joystick.c         0x00000000   Number         0  ral_joystick.o ABSOLUTE
    ..\..\Library\RAL\ral_linesensor.c       0x00000000   Number         0  ral_linesensor.o ABSOLUTE
    ..\..\Library\RAL\ral_motor.c            0x00000000   Number         0  ral_motor.o ABSOLUTE
    ..\..\Library\RAL\ral_mux.c              0x00000000   Number         0  ral_mux.o ABSOLUTE
    ..\..\Library\RAL\ral_odometry.c         0x00000000   Number         0  ral_odometry.o ABSOLUTE
    ..\..\Library\RAL\ral_pid.c              0x00000000   Number         0  ral_pid.o ABSOLUTE
    ..\..\Library\RAL\ral_servo.c            0x00000000   Number         0  ral_servo.o ABSOLUTE
    Startup.s                                0x00000000   Number         0  startup.o ABSOLUTE
    dc.s                                     0x00000000   Number         0  dc.o ABSOLUTE
    main.c                                   0x00000000   Number         0  main.o ABSOLUTE
    Undef_Handler                            0x00000040   ARM Code       4  startup.o(RESET)
    SWI_Handler                              0x00000044   ARM Code       4  startup.o(RESET)
    PAbt_Handler                             0x00000048   ARM Code       4  startup.o(RESET)
    DAbt_Handler                             0x0000004c   ARM Code       4  startup.o(RESET)
    IRQ_Handler                              0x00000050   ARM Code       4  startup.o(RESET)
    FIQ_Handler                              0x00000054   ARM Code       4  startup.o(RESET)
    !!!main                                  0x00000110   Section        8  __main.o(!!!main)
    !!!scatter                               0x00000118   Section       60  __scatter.o(!!!scatter)
    !!handler_copy                           0x00000154   Section       40  __scatter_copy.o(!!handler_copy)
    !!handler_zi                             0x0000017c   Section       44  __scatter_zi.o(!!handler_zi)
    .ARM.Collect$$libinit$$00000000          0x000001b0   Section        6  libinit.o(.ARM.Collect$$libinit$$00000000)
    .ARM.Collect$$libinit$$00000001          0x000001b6   Section        8  libinit2.o(.ARM.Collect$$libinit$$00000001)
    .ARM.Collect$$libinit$$00000006          0x000001be   Section        0  libinit2.o(.ARM.Collect$$libinit$$00000006)
    .ARM.Collect$$libinit$$00000008          0x000001be   Section        0  libinit2.o(.ARM.Collect$$libinit$$00000008)
    .ARM.Collect$$libinit$$0000000A          0x000001be   Section        0  libinit2.o(.ARM.Collect$$libinit$$0000000A)
    .ARM.Collect$$libinit$$0000000D          0x000001be   Section        0  libinit2.o(.ARM.Collect$$libinit$$0000000D)
    .ARM.Collect$$libinit$$0000000F          0x000001be   Section        0  libinit2.o(.ARM.Collect$$libinit$$0000000F)
    .ARM.Collect$$libinit$$00000011          0x000001be   Section        0  libinit2.o(.ARM.Collect$$libinit$$00000011)
    .ARM.Collect$$libinit$$00000013          0x000001be   Section        0  libinit2.o(.ARM.Collect$$libinit$$00000013)
    .ARM.Collect$$libinit$$00000015          0x000001be   Section        0  libinit2.o(.ARM.Collect$$libinit$$00000015)
    .ARM.Collect$$libinit$$00000017          0x000001be   Section        0  libinit2.o(.ARM.Collect$$libinit$$00000017)
    .ARM.Collect$$libinit$$00000019          0x000001be   Section        0  libinit2.o(.ARM.Collect$$libinit$$00000019)
    .ARM.Collect$$libinit$$0000001B          0x000001be   Section        0  libinit2.o(.ARM.Collect$$libinit$$0000001B)
    .ARM.Collect$$libinit$$0000001D          0x000001be   Section        0  libinit2.o(.ARM.Collect$$libinit$$0000001D)
    .ARM.Collect$$libinit$$0000001F          0x000001be   Section        0  libinit2.o(.ARM.Collect$$libinit$$0000001F)
    .ARM.Collect$$libinit$$00000021          0x000001be   Section        0  libinit2.o(.ARM.Collect$$libinit$$00000021)
    .ARM.Collect$$libinit$$00000028          0x000001be   Section        0  libinit2.o(.ARM.Collect$$libinit$$00000028)
    .ARM.Collect$$libinit$$0000002A          0x000001be   Section        0  libinit2.o(.ARM.Collect$$libinit$$0000002A)
    .ARM.Collect$$libinit$$0000002C          0x000001be   Section        0  libinit2.o(.ARM.Collect$$libinit$$0000002C)
    .ARM.Collect$$libinit$$0000002E          0x000001be   Section        0  libinit2.o(.ARM.Collect$$libinit$$0000002E)
    .ARM.Collect$$libinit$$0000002F          0x000001be   Section       12  libinit2.o(.ARM.Collect$$libinit$$0000002F)
    .ARM.Collect$$libshutdown$$00000000      0x000001d4   Section        4  libshutdown.o(.ARM.Collect$$libshutdown$$00000000)
    .ARM.Collect$$libshutdown$$00000003      0x000001d8   Section        0  libshutdown2.o(.ARM.Collect$$libshutdown$$00000003)
    .ARM.Collect$$libshutdown$$00000006      0x000001d8   Section        0  libshutdown2.o(.ARM.Collect$$libshutdown$$00000006)
    .ARM.Collect$$libshutdown$$00000009      0x000001d8   Section        0  libshutdown2.o(.ARM.Collect$$libshutdown$$00000009)
    .ARM.Collect$$libshutdown$$0000000B      0x000001d8   Section        0  libshutdown2.o(.ARM.Collect$$libshutdown$$0000000B)
    .ARM.Collect$$libshutdown$$0000000E      0x000001d8   Section        0  libshutdown2.o(.ARM.Collect$$libshutdown$$0000000E)
    .ARM.Collect$$libshutdown$$0000000F      0x000001d8   Section        6  libshutdown2.o(.ARM.Collect$$libshutdown$$0000000F)
    .ARM.Collect$$rtentry$$00000000          0x000001e0   Section        0  rtentry.o(.ARM.Collect$$rtentry$$00000000)
    .ARM.Collect$$rtentry$$00000002          0x000001e0   Section        0  rtentry2.o(.ARM.Collect$$rtentry$$00000002)
    .ARM.Collect$$rtentry$$00000004          0x000001e0   Section        8  rtentry4.o(.ARM.Collect$$rtentry$$00000004)
    .ARM.Collect$$rtentry$$00000009          0x000001e8   Section        0  rtentry2.o(.ARM.Collect$$rtentry$$00000009)
    .ARM.Collect$$rtentry$$0000000A          0x000001e8   Section        4  rtentry2.o(.ARM.Collect$$rtentry$$0000000A)
    .ARM.Collect$$rtentry$$0000000C          0x000001ec   Section        0  rtentry2.o(.ARM.Collect$$rtentry$$0000000C)
    .ARM.Collect$$rtentry$$0000000D          0x000001ec   Section       40  rtentry2.o(.ARM.Collect$$rtentry$$0000000D)
    .ARM.Collect$$rtexit$$00000000           0x00000218   Section        4  rtexit.o(.ARM.Collect$$rtexit$$00000000)
    .ARM.Collect$$rtexit$$00000002           0x0000021c   Section        0  rtexit2.o(.ARM.Collect$$rtexit$$00000002)
    .ARM.Collect$$rtexit$$00000003           0x0000021c   Section        4  rtexit2.o(.ARM.Collect$$rtexit$$00000003)
    .ARM.Collect$$rtexit$$00000004           0x00000220   Section        8  rtexit2.o(.ARM.Collect$$rtexit$$00000004)
    .emb_text                                0x00000228   Section        0  maybetermalloc1.o(.emb_text)
    .text                                    0x00000228   Section       32  startup.o(.text)
    .text                                    0x00000248   Section        0  main.o(.text)
    .text                                    0x00000584   Section        0  ral_encoder.o(.text)
    .text                                    0x00000780   Section        0  ral_motor.o(.text)
    .text                                    0x0000092c   Section        0  ral_mux.o(.text)
    .text                                    0x00000a5c   Section        0  ral_odometry.o(.text)
    .text                                    0x00000d1c   Section        0  ral_pid.o(.text)
    .text                                    0x00001b08   Section        0  aal_gpio.o(.text)
    .text                                    0x00001e3c   Section        0  aal_pwm.o(.text)
    .text                                    0x000020bc   Section        0  aal_spi.o(.text)
    .text                                    0x00002210   Section        0  aal_timer.o(.text)
    .text                                    0x000022e0   Section        0  aal_uart.o(.text)
    .text                                    0x000025fc   Section        0  arm_math.o(.text)
    .text                                    0x000028cc   Section        0  h1_alloc.o(.text)
    .text                                    0x00002940   Section      384  aeabi_sdiv.o(.text)
    __arm_div8                               0x0000296c   ARM Code       0  aeabi_sdiv.o(.text)
    __arm_div5                               0x00002990   ARM Code       0  aeabi_sdiv.o(.text)
    __arm_div2                               0x000029b4   ARM Code       0  aeabi_sdiv.o(.text)
    __arm_div_large                          0x000029f0   ARM Code       0  aeabi_sdiv.o(.text)
    .text                                    0x00002ac4   Section       16  rt_heap_descriptor_intlibspace.o(.text)
    .text                                    0x00002ad4   Section        0  hguard.o(.text)
    .text                                    0x00002ad8   Section        0  init_alloc.o(.text)
    .text                                    0x00002b6c   Section        0  h1_init.o(.text)
    .text                                    0x00002b7a   Section        0  h1_free.o(.text)
    .text                                    0x00002bd8   Section        0  _rserrno.o(.text)
    .text                                    0x00002bf4   Section       12  libspace.o(.text)
    .text                                    0x00002c04   Section       16  rt_errno_addr_intlibspace.o(.text)
    .text                                    0x00002c14   Section        0  h1_extend.o(.text)
    .text                                    0x00002c4c   Section        0  defsig_rtmem_outer.o(.text)
    .text                                    0x00002c5c   Section        0  heapauxa.o(.text)
    .text                                    0x00002ca8   Section        4  use_no_semi.o(.text)
    .text                                    0x00002cac   Section       96  sys_stackheap_outer.o(.text)
    .text                                    0x00002d0c   Section        0  exit.o(.text)
    .text                                    0x00002d18   Section        0  defsig_exit.o(.text)
    .text                                    0x00002d28   Section        0  defsig_rtmem_inner.o(.text)
    .text                                    0x00002d80   Section        0  sys_exit.o(.text)
    .text                                    0x00002d8c   Section        0  defsig_general.o(.text)
    .text                                    0x00002dc4   Section        0  sys_wrch.o(.text)
    .text                                    0x00002dd4   Section       16  rt_fp_status_addr_intlibspace.o(.text)
    .text_udiv                               0x00002de4   Section       36  aeabi_sdiv.o(.text_udiv)
    i.__ARM_fpclassify                       0x00002e08   Section        0  fpclassify.o(i.__ARM_fpclassify)
    i.__ieee754_rem_pio2                     0x00002e38   Section        0  rred.o(i.__ieee754_rem_pio2)
    i.__kernel_cos                           0x00003338   Section        0  cos_i.o(i.__kernel_cos)
    i.__kernel_poly                          0x000034d4   Section        0  poly.o(i.__kernel_poly)
    i.__kernel_sin                           0x000035d4   Section        0  sin_i.o(i.__kernel_sin)
    i.__mathlib_dbl_underflow                0x00003754   Section        0  dunder.o(i.__mathlib_dbl_underflow)
    i.cos                                    0x00003768   Section        0  cos.o(i.cos)
    i.sin                                    0x00003868   Section        0  sin.o(i.sin)
    x$fpl$dadd                               0x00003970   Section      336  daddsub_noclz.o(x$fpl$dadd)
    _dadd1                                   0x00003980   ARM Code       0  daddsub_noclz.o(x$fpl$dadd)
    x$fpl$dcheck1                            0x00003ac0   Section       16  dcheck1.o(x$fpl$dcheck1)
    x$fpl$dcmpinf                            0x00003ad0   Section       28  dcmpi.o(x$fpl$dcmpinf)
    x$fpl$ddiv                               0x00003aec   Section      736  ddiv.o(x$fpl$ddiv)
    ddiv_entry                               0x00003af4   ARM Code       0  ddiv.o(x$fpl$ddiv)
    x$fpl$dfix                               0x00003dcc   Section      112  dfix.o(x$fpl$dfix)
    x$fpl$dflt                               0x00003e3c   Section       88  dflt_noclz.o(x$fpl$dflt)
    x$fpl$dfltu                              0x00003e94   Section       12  dflt_noclz.o(x$fpl$dfltu)
    x$fpl$dleqf                              0x00003ea0   Section      148  dleqf.o(x$fpl$dleqf)
    x$fpl$dmul                               0x00003f34   Section      384  dmul.o(x$fpl$dmul)
    x$fpl$dnaninf                            0x000040b4   Section      192  dnaninf.o(x$fpl$dnaninf)
    x$fpl$dretinf                            0x00004174   Section       16  dretinf.o(x$fpl$dretinf)
    x$fpl$drleqf                             0x00004184   Section      140  drleqf.o(x$fpl$drleqf)
    x$fpl$drsb                               0x00004210   Section       24  daddsub_noclz.o(x$fpl$drsb)
    x$fpl$dsub                               0x00004228   Section      580  daddsub_noclz.o(x$fpl$dsub)
    _dsub1                                   0x00004238   ARM Code       0  daddsub_noclz.o(x$fpl$dsub)
    x$fpl$fcmpinf                            0x0000446c   Section       28  fcmpi.o(x$fpl$fcmpinf)
    x$fpl$ffix                               0x00004488   Section       68  ffix.o(x$fpl$ffix)
    x$fpl$fleqf                              0x000044cc   Section      132  fleqf.o(x$fpl$fleqf)
    x$fpl$fmul                               0x00004550   Section      256  fmul.o(x$fpl$fmul)
    x$fpl$fnaninf                            0x00004650   Section      168  fnaninf.o(x$fpl$fnaninf)
    x$fpl$fpinit                             0x000046fc   Section       24  fpinit.o(x$fpl$fpinit)
    x$fpl$fretinf                            0x00004714   Section       16  fretinf.o(x$fpl$fretinf)
    x$fpl$retnan                             0x00004724   Section      116  retnan.o(x$fpl$retnan)
    x$fpl$scalbn                             0x00004798   Section      108  scalbn.o(x$fpl$scalbn)
    x$fpl$trapveneer                         0x00004804   Section       60  trapv.o(x$fpl$trapveneer)
    .constdata                               0x00004840   Section       48  cos_i.o(.constdata)
    x$fpl$usenofp                            0x00004840   Section        0  usenofp.o(x$fpl$usenofp)
    C                                        0x00004840   Data          48  cos_i.o(.constdata)
    .constdata                               0x00004870   Section      200  rred.o(.constdata)
    pio2s                                    0x00004870   Data          48  rred.o(.constdata)
    twooverpi                                0x000048a0   Data         152  rred.o(.constdata)
    .constdata                               0x00004938   Section       40  sin_i.o(.constdata)
    S                                        0x00004938   Data          40  sin_i.o(.constdata)
    .data                                    0x40000000   Section       28  main.o(.data)
    .data                                    0x4000001c   Section        4  ral_encoder.o(.data)
    EncoderMux                               0x4000001c   Data           4  ral_encoder.o(.data)
    .data                                    0x40000020   Section       12  ral_pid.o(.data)
    PIDListCount                             0x40000020   Data           4  ral_pid.o(.data)
    PIDUpdateCount                           0x40000024   Data           4  ral_pid.o(.data)
    MaxCount                                 0x40000028   Data           4  ral_pid.o(.data)
    .data                                    0x4000002c   Section        4  aal_pwm.o(.data)
    .data                                    0x40000030   Section        4  heapauxa.o(.data)
    __rt_heap_escrow_base                    0x40000030   Data           4  heapauxa.o(.data)
    .bss                                     0x40000038   Section      352  main.o(.bss)
    .bss                                     0x40000198   Section       80  ral_encoder.o(.bss)
    encoder_value_                           0x40000198   Data          80  ral_encoder.o(.bss)
    .bss                                     0x400001e8   Section       40  ral_odometry.o(.bss)
    .bss                                     0x40000210   Section       40  ral_pid.o(.bss)
    PIDList                                  0x40000210   Data          40  ral_pid.o(.bss)
    .bss                                     0x40000238   Section       96  libspace.o(.bss)
    HEAP                                     0x40000298   Section        0  startup.o(HEAP)
    STACK                                    0x40000298   Section     1160  startup.o(STACK)
    Heap_Mem                                 0x40000298   Data           0  startup.o(HEAP)
    Stack_Mem                                0x40000298   Data        1024  startup.o(STACK)
    Stack_Top                                0x40000720   Data           0  startup.o(STACK)

    Global Symbols

    Symbol Name                              Value     Ov Type        Size  Object(Section)

    BuildAttributes$$THM_ISAv1$ARM_ISAv4$S$PE$A:L22$X:L11$S22$IEEE1$IW$USESV6$~STKCKD$USESV7$~SHL$OTIME$ROPI$IEEEX$EBA8$UX$STANDARDLIB$REQ8$PRES8$EABIv2 0x00000000   Number         0  anon$$obj.o ABSOLUTE
    __ARM_use_no_argv                        0x00000000   Number         0  main.o ABSOLUTE
    __ARM_exceptions_init                     - Undefined Weak Reference
    __alloca_initialize                       - Undefined Weak Reference
    __cpp_initialize__aeabi_                  - Undefined Weak Reference
    __cxa_finalize                            - Undefined Weak Reference
    __fpl_infinity                            - Undefined Weak Reference
    __rt_locale                               - Undefined Weak Reference
    __sigvec_lookup                           - Undefined Weak Reference
    __user_heap_extent                        - Undefined Weak Reference
    _atexit_init                              - Undefined Weak Reference
    _call_atexit_fns                          - Undefined Weak Reference
    _clock_init                               - Undefined Weak Reference
    _fp_trap_init                             - Undefined Weak Reference
    _fp_trap_shutdown                         - Undefined Weak Reference
    _get_lc_collate                           - Undefined Weak Reference
    _get_lc_ctype                             - Undefined Weak Reference
    _get_lc_monetary                          - Undefined Weak Reference
    _get_lc_numeric                           - Undefined Weak Reference
    _get_lc_time                              - Undefined Weak Reference
    _getenv_init                              - Undefined Weak Reference
    _handle_redirection                       - Undefined Weak Reference
    _initio                                   - Undefined Weak Reference
    _mutex_acquire                            - Undefined Weak Reference
    _mutex_free                               - Undefined Weak Reference
    _mutex_release                            - Undefined Weak Reference
    _rand_init                                - Undefined Weak Reference
    _signal_finish                            - Undefined Weak Reference
    _signal_init                              - Undefined Weak Reference
    _terminateio                              - Undefined Weak Reference
    Reset_Handler                            0x00000058   ARM Code       0  startup.o(RESET)
    __main                                   0x00000110   ARM Code       8  __main.o(!!!main)
    __scatterload                            0x00000118   ARM Code       0  __scatter.o(!!!scatter)
    __scatterload_rt2                        0x00000118   ARM Code      52  __scatter.o(!!!scatter)
    __scatterload_null                       0x0000012c   ARM Code       0  __scatter.o(!!!scatter)
    __scatterload_copy                       0x00000154   ARM Code      40  __scatter_copy.o(!!handler_copy)
    __scatterload_zeroinit                   0x0000017c   ARM Code      44  __scatter_zi.o(!!handler_zi)
    Inline ARM to Thumb Veneer to __rt_lib_init 0x000001a8   ARM Code       8  libinit.o(.ARM.Collect$$libinit$$00000000)
    __rt_lib_init                            0x000001b1   Thumb Code     0  libinit.o(.ARM.Collect$$libinit$$00000000)
    __rt_lib_init_heap_2                     0x000001b7   Thumb Code     0  libinit2.o(.ARM.Collect$$libinit$$00000001)
    __rt_lib_init_alloca_1                   0x000001bf   Thumb Code     0  libinit2.o(.ARM.Collect$$libinit$$0000002A)
    __rt_lib_init_argv_1                     0x000001bf   Thumb Code     0  libinit2.o(.ARM.Collect$$libinit$$00000028)
    __rt_lib_init_atexit_1                   0x000001bf   Thumb Code     0  libinit2.o(.ARM.Collect$$libinit$$00000017)
    __rt_lib_init_clock_1                    0x000001bf   Thumb Code     0  libinit2.o(.ARM.Collect$$libinit$$0000001D)
    __rt_lib_init_cpp_1                      0x000001bf   Thumb Code     0  libinit2.o(.ARM.Collect$$libinit$$0000002E)
    __rt_lib_init_exceptions_1               0x000001bf   Thumb Code     0  libinit2.o(.ARM.Collect$$libinit$$0000002C)
    __rt_lib_init_fp_trap_1                  0x000001bf   Thumb Code     0  libinit2.o(.ARM.Collect$$libinit$$0000001B)
    __rt_lib_init_getenv_1                   0x000001bf   Thumb Code     0  libinit2.o(.ARM.Collect$$libinit$$0000001F)
    __rt_lib_init_heap_1                     0x000001bf   Thumb Code     0  libinit2.o(.ARM.Collect$$libinit$$00000006)
    __rt_lib_init_lc_collate_1               0x000001bf   Thumb Code     0  libinit2.o(.ARM.Collect$$libinit$$0000000D)
    __rt_lib_init_lc_ctype_1                 0x000001bf   Thumb Code     0  libinit2.o(.ARM.Collect$$libinit$$0000000F)
    __rt_lib_init_lc_monetary_1              0x000001bf   Thumb Code     0  libinit2.o(.ARM.Collect$$libinit$$00000011)
    __rt_lib_init_lc_numeric_1               0x000001bf   Thumb Code     0  libinit2.o(.ARM.Collect$$libinit$$00000013)
    __rt_lib_init_lc_time_1                  0x000001bf   Thumb Code     0  libinit2.o(.ARM.Collect$$libinit$$00000015)
    __rt_lib_init_rand_1                     0x000001bf   Thumb Code     0  libinit2.o(.ARM.Collect$$libinit$$0000000A)
    __rt_lib_init_return                     0x000001bf   Thumb Code     0  libinit2.o(.ARM.Collect$$libinit$$0000002F)
    __rt_lib_init_signal_1                   0x000001bf   Thumb Code     0  libinit2.o(.ARM.Collect$$libinit$$00000019)
    __rt_lib_init_stdio_1                    0x000001bf   Thumb Code     0  libinit2.o(.ARM.Collect$$libinit$$00000021)
    __rt_lib_init_user_alloc_1               0x000001bf   Thumb Code     0  libinit2.o(.ARM.Collect$$libinit$$00000008)
    Inline ARM to Thumb Veneer to __rt_lib_shutdown 0x000001cc   ARM Code       8  libshutdown.o(.ARM.Collect$$libshutdown$$00000000)
    __rt_lib_shutdown                        0x000001d5   Thumb Code     0  libshutdown.o(.ARM.Collect$$libshutdown$$00000000)
    __rt_lib_shutdown_fp_trap_1              0x000001d9   Thumb Code     0  libshutdown2.o(.ARM.Collect$$libshutdown$$00000006)
    __rt_lib_shutdown_heap_1                 0x000001d9   Thumb Code     0  libshutdown2.o(.ARM.Collect$$libshutdown$$0000000E)
    __rt_lib_shutdown_return                 0x000001d9   Thumb Code     0  libshutdown2.o(.ARM.Collect$$libshutdown$$0000000F)
    __rt_lib_shutdown_signal_1               0x000001d9   Thumb Code     0  libshutdown2.o(.ARM.Collect$$libshutdown$$00000009)
    __rt_lib_shutdown_stdio_1                0x000001d9   Thumb Code     0  libshutdown2.o(.ARM.Collect$$libshutdown$$00000003)
    __rt_lib_shutdown_user_alloc_1           0x000001d9   Thumb Code     0  libshutdown2.o(.ARM.Collect$$libshutdown$$0000000B)
    __rt_entry                               0x000001e0   ARM Code       0  rtentry.o(.ARM.Collect$$rtentry$$00000000)
    __rt_entry_presh_1                       0x000001e0   ARM Code       0  rtentry2.o(.ARM.Collect$$rtentry$$00000002)
    __rt_entry_sh                            0x000001e0   ARM Code       0  rtentry4.o(.ARM.Collect$$rtentry$$00000004)
    __rt_entry_li                            0x000001e8   ARM Code       0  rtentry2.o(.ARM.Collect$$rtentry$$0000000A)
    __rt_entry_postsh_1                      0x000001e8   ARM Code       0  rtentry2.o(.ARM.Collect$$rtentry$$00000009)
    __rt_entry_main                          0x000001ec   ARM Code       0  rtentry2.o(.ARM.Collect$$rtentry$$0000000D)
    __rt_entry_postli_1                      0x000001ec   ARM Code       0  rtentry2.o(.ARM.Collect$$rtentry$$0000000C)
    Inline Thumb to ARM Veneer to __rt_exit  0x00000215   Thumb Code     4  rtexit.o(.ARM.Collect$$rtexit$$00000000)
    __rt_exit                                0x00000218   ARM Code       0  rtexit.o(.ARM.Collect$$rtexit$$00000000)
    __rt_exit_ls                             0x0000021c   ARM Code       0  rtexit2.o(.ARM.Collect$$rtexit$$00000003)
    __rt_exit_prels_1                        0x0000021c   ARM Code       0  rtexit2.o(.ARM.Collect$$rtexit$$00000002)
    __rt_exit_exit                           0x00000220   ARM Code       0  rtexit2.o(.ARM.Collect$$rtexit$$00000004)
    __user_initial_stackheap                 0x00000228   ARM Code       0  startup.o(.text)
    _maybe_terminate_alloc                   0x00000229   Thumb Code     0  maybetermalloc1.o(.emb_text)
    Timer0_Routine                           0x00000248   ARM Code     268  main.o(.text)
    Timer1_Routine                           0x00000354   ARM Code      36  main.o(.text)
    main                                     0x00000378   ARM Code     436  main.o(.text)
    Encoder_Reset                            0x00000584   ARM Code     232  ral_encoder.o(.text)
    Encoder_Init                             0x0000066c   ARM Code      60  ral_encoder.o(.text)
    Encoder_Read                             0x000006a8   ARM Code     132  ral_encoder.o(.text)
    Encoder_Set                              0x0000072c   ARM Code      12  ral_encoder.o(.text)
    Encoder_ReadAll                          0x00000738   ARM Code      48  ral_encoder.o(.text)
    Encoder_ReadBuffer                       0x00000768   ARM Code      16  ral_encoder.o(.text)
    Motor_Set2103PWM                         0x00000780   ARM Code     164  ral_motor.o(.text)
    Motor_SetOwnPWM                          0x00000824   ARM Code     100  ral_motor.o(.text)
    Motor_Init                               0x00000888   ARM Code     120  ral_motor.o(.text)
    Motor_SetPWM                             0x00000900   ARM Code      40  ral_motor.o(.text)
    Mux_Unset                                0x0000092c   ARM Code      28  ral_mux.o(.text)
    Mux_Init                                 0x00000948   ARM Code      96  ral_mux.o(.text)
    Mux_Set                                  0x000009a8   ARM Code     180  ral_mux.o(.text)
    Odometry_Init                            0x00000a5c   ARM Code     104  ral_odometry.o(.text)
    Odometry_Update_Pos                      0x00000ac4   ARM Code     460  ral_odometry.o(.text)
    Odometry_Update                          0x00000c90   ARM Code      60  ral_odometry.o(.text)
    Odometry_Set                             0x00000ccc   ARM Code      48  ral_odometry.o(.text)
    PID_Init                                 0x00000d1c   ARM Code     128  ral_pid.o(.text)
    PID_SetParameter                         0x00000d9c   ARM Code      56  ral_pid.o(.text)
    PID_Calc                                 0x00000dd4   ARM Code     344  ral_pid.o(.text)
    PID_Update                               0x00000f2c   ARM Code     104  ral_pid.o(.text)
    PID_Start                                0x00000f94   ARM Code      12  ral_pid.o(.text)
    PID_Stop                                 0x00000fa0   ARM Code      12  ral_pid.o(.text)
    PID_Search_List                          0x00000fac   ARM Code      64  ral_pid.o(.text)
    PID_Push                                 0x00000fec   ARM Code     104  ral_pid.o(.text)
    PID_UpdateAll                            0x00001054   ARM Code     140  ral_pid.o(.text)
    POS_ComputerTarget                       0x000010e0   ARM Code    1232  ral_pid.o(.text)
    PosInfoErrCal                            0x000015b0   ARM Code      68  ral_pid.o(.text)
    PosInfoOutFunc                           0x000015f4   ARM Code      56  ral_pid.o(.text)
    VelInfoErrCal                            0x0000162c   ARM Code      80  ral_pid.o(.text)
    VelInfoOutFunc                           0x0000167c   ARM Code      56  ral_pid.o(.text)
    ThetaInfoErrCal                          0x000016b4   ARM Code      52  ral_pid.o(.text)
    ThetaInfoOutFunc                         0x000016e8   ARM Code     128  ral_pid.o(.text)
    PID_Init_Pos                             0x00001768   ARM Code     576  ral_pid.o(.text)
    PID_Init_Vel                             0x000019a8   ARM Code      88  ral_pid.o(.text)
    PID_Init_RealVel                         0x00001a00   ARM Code     156  ral_pid.o(.text)
    PID_Init_Theta                           0x00001a9c   ARM Code      84  ral_pid.o(.text)
    GPIO_Init                                0x00001b08   ARM Code     392  aal_gpio.o(.text)
    GPIO_Read                                0x00001c90   ARM Code     136  aal_gpio.o(.text)
    GPIO_Set                                 0x00001d18   ARM Code     284  aal_gpio.o(.text)
    PWM_InitPeriod213x                       0x00001e3c   ARM Code      56  aal_pwm.o(.text)
    PWM_InitFrequency                        0x00001e74   ARM Code      36  aal_pwm.o(.text)
    PWM_Set213x                              0x00001e98   ARM Code     204  aal_pwm.o(.text)
    PWM_SetPercentage                        0x00001f64   ARM Code      56  aal_pwm.o(.text)
    PWM_InitChannel213x                      0x00001f9c   ARM Code     272  aal_pwm.o(.text)
    SPI_SetLength                            0x000020bc   ARM Code      60  aal_spi.o(.text)
    SPI_InitMaster                           0x000020f8   ARM Code      84  aal_spi.o(.text)
    SPI_InitSlave                            0x0000214c   ARM Code     120  aal_spi.o(.text)
    SPI_Send                                 0x000021c4   ARM Code      48  aal_spi.o(.text)
    SPI_Recieve                              0x000021f4   ARM Code      20  aal_spi.o(.text)
    Timer_Init                               0x00002210   ARM Code     196  aal_timer.o(.text)
    Uart_Init                                0x000022e0   ARM Code     100  aal_uart.o(.text)
    Uart_SendChar                            0x00002344   ARM Code      32  aal_uart.o(.text)
    Uart_Print                               0x00002364   ARM Code      40  aal_uart.o(.text)
    Uart_SendInt                             0x0000238c   ARM Code     120  aal_uart.o(.text)
    Uart_GetChar                             0x00002404   ARM Code      36  aal_uart.o(.text)
    Uart_SendBit                             0x00002428   ARM Code      28  aal_uart.o(.text)
    Uart_SendFloat                           0x00002444   ARM Code     276  aal_uart.o(.text)
    Uart_FixSendInt                          0x00002558   ARM Code     164  aal_uart.o(.text)
    numDigi                                  0x000025fc   ARM Code     208  arm_math.o(.text)
    pow2                                     0x000026cc   ARM Code     296  arm_math.o(.text)
    pow10                                    0x000027f4   ARM Code     184  arm_math.o(.text)
    Inline ARM to Thumb Veneer to malloc     0x000028c4   ARM Code       8  h1_alloc.o(.text)
    malloc                                   0x000028cd   Thumb Code   116  h1_alloc.o(.text)
    __aeabi_idiv                             0x00002940   ARM Code       0  aeabi_sdiv.o(.text)
    __aeabi_idivmod                          0x00002940   ARM Code     384  aeabi_sdiv.o(.text)
    Inline Thumb to ARM Veneer to __rt_heap_descriptor 0x00002ac1   Thumb Code     4  rt_heap_descriptor_intlibspace.o(.text)
    __rt_heap_descriptor                     0x00002ac4   ARM Code      16  rt_heap_descriptor_intlibspace.o(.text)
    __use_no_heap                            0x00002ad5   Thumb Code     2  hguard.o(.text)
    __heap$guard                             0x00002ad7   Thumb Code     2  hguard.o(.text)
    _terminate_user_alloc                    0x00002ad9   Thumb Code     2  init_alloc.o(.text)
    _init_user_alloc                         0x00002adb   Thumb Code     2  init_alloc.o(.text)
    __Heap_Full                              0x00002add   Thumb Code    36  init_alloc.o(.text)
    __Heap_Broken                            0x00002b01   Thumb Code    14  init_alloc.o(.text)
    _init_alloc                              0x00002b0f   Thumb Code    94  init_alloc.o(.text)
    __Heap_Initialize                        0x00002b6d   Thumb Code    10  h1_init.o(.text)
    __Heap_DescSize                          0x00002b77   Thumb Code     4  h1_init.o(.text)
    free                                     0x00002b7b   Thumb Code    84  h1_free.o(.text)
    Inline ARM to Thumb Veneer to __set_errno 0x00002bd0   ARM Code       8  _rserrno.o(.text)
    __read_errno                             0x00002bd9   Thumb Code    14  _rserrno.o(.text)
    __set_errno                              0x00002be7   Thumb Code    12  _rserrno.o(.text)
    __user_libspace                          0x00002bf4   ARM Code      12  libspace.o(.text)
    __user_perproc_libspace                  0x00002bf4   ARM Code       0  libspace.o(.text)
    __user_perthread_libspace                0x00002bf4   ARM Code       0  libspace.o(.text)
    Inline Thumb to ARM Veneer to __aeabi_errno_addr 0x00002c01   Thumb Code     4  rt_errno_addr_intlibspace.o(.text)
    __aeabi_errno_addr                       0x00002c04   ARM Code      16  rt_errno_addr_intlibspace.o(.text)
    __errno$intlibspace                      0x00002c04   ARM Code       0  rt_errno_addr_intlibspace.o(.text)
    __rt_errno_addr$intlibspace              0x00002c04   ARM Code       0  rt_errno_addr_intlibspace.o(.text)
    __Heap_ProvideMemory                     0x00002c15   Thumb Code    56  h1_extend.o(.text)
    __rt_SIGRTMEM                            0x00002c4d   Thumb Code    16  defsig_rtmem_outer.o(.text)
    __rt_heap_escrow                         0x00002c5d   Thumb Code    22  heapauxa.o(.text)
    __rt_heap_expand                         0x00002c73   Thumb Code    50  heapauxa.o(.text)
    __I$use$semihosting                      0x00002ca8   ARM Code       0  use_no_semi.o(.text)
    __use_no_semihosting_swi                 0x00002ca8   ARM Code       4  use_no_semi.o(.text)
    __user_setup_stackheap                   0x00002cac   ARM Code      96  sys_stackheap_outer.o(.text)
    exit                                     0x00002d0d   Thumb Code    12  exit.o(.text)
    __sig_exit                               0x00002d19   Thumb Code    16  defsig_exit.o(.text)
    __rt_SIGRTMEM_inner                      0x00002d29   Thumb Code    24  defsig_rtmem_inner.o(.text)
    Inline ARM to Thumb Veneer to _sys_exit  0x00002d78   ARM Code       8  sys_exit.o(.text)
    _sys_exit                                0x00002d81   Thumb Code     8  sys_exit.o(.text)
    __default_signal_display                 0x00002d8d   Thumb Code    56  defsig_general.o(.text)
    _ttywrch                                 0x00002dc5   Thumb Code    16  sys_wrch.o(.text)
    __rt_fp_status_addr                      0x00002dd4   ARM Code      16  rt_fp_status_addr_intlibspace.o(.text)
    __aeabi_uidiv                            0x00002de4   ARM Code       0  aeabi_sdiv.o(.text_udiv)
    __aeabi_uidivmod                         0x00002de4   ARM Code      36  aeabi_sdiv.o(.text_udiv)
    __ARM_fpclassify                         0x00002e08   ARM Code      48  fpclassify.o(i.__ARM_fpclassify)
    __ieee754_rem_pio2                       0x00002e38   ARM Code    1216  rred.o(i.__ieee754_rem_pio2)
    __kernel_cos                             0x00003338   ARM Code     404  cos_i.o(i.__kernel_cos)
    __kernel_poly                            0x000034d4   ARM Code     256  poly.o(i.__kernel_poly)
    __kernel_sin                             0x000035d4   ARM Code     372  sin_i.o(i.__kernel_sin)
    __mathlib_dbl_underflow                  0x00003754   ARM Code      20  dunder.o(i.__mathlib_dbl_underflow)
    cos                                      0x00003768   ARM Code     252  cos.o(i.cos)
    sin                                      0x00003868   ARM Code     260  sin.o(i.sin)
    __aeabi_dadd                             0x00003970   ARM Code       0  daddsub_noclz.o(x$fpl$dadd)
    _dadd                                    0x00003970   ARM Code     332  daddsub_noclz.o(x$fpl$dadd)
    __fpl_dcheck_NaN1                        0x00003ac0   ARM Code      12  dcheck1.o(x$fpl$dcheck1)
    __fpl_dcmp_Inf                           0x00003ad0   ARM Code      28  dcmpi.o(x$fpl$dcmpinf)
    __aeabi_ddiv                             0x00003aec   ARM Code       0  ddiv.o(x$fpl$ddiv)
    _ddiv                                    0x00003aec   ARM Code     600  ddiv.o(x$fpl$ddiv)
    __aeabi_d2iz                             0x00003dcc   ARM Code       0  dfix.o(x$fpl$dfix)
    _dfix                                    0x00003dcc   ARM Code     112  dfix.o(x$fpl$dfix)
    __aeabi_i2d                              0x00003e3c   ARM Code       0  dflt_noclz.o(x$fpl$dflt)
    _dflt                                    0x00003e3c   ARM Code      88  dflt_noclz.o(x$fpl$dflt)
    __dflt_normalise                         0x00003e4c   ARM Code       0  dflt_noclz.o(x$fpl$dflt)
    __aeabi_ui2d                             0x00003e94   ARM Code       0  dflt_noclz.o(x$fpl$dfltu)
    _dfltu                                   0x00003e94   ARM Code      12  dflt_noclz.o(x$fpl$dfltu)
    __aeabi_cdcmple                          0x00003ea0   ARM Code       0  dleqf.o(x$fpl$dleqf)
    _dcmple                                  0x00003ea0   ARM Code     148  dleqf.o(x$fpl$dleqf)
    __fpl_dcmple_InfNaN                      0x00003f1c   ARM Code       0  dleqf.o(x$fpl$dleqf)
    __aeabi_dmul                             0x00003f34   ARM Code       0  dmul.o(x$fpl$dmul)
    _dmul                                    0x00003f34   ARM Code     372  dmul.o(x$fpl$dmul)
    __fpl_dnaninf                            0x000040b4   ARM Code     192  dnaninf.o(x$fpl$dnaninf)
    __fpl_dretinf                            0x00004174   ARM Code      16  dretinf.o(x$fpl$dretinf)
    __aeabi_cdrcmple                         0x00004184   ARM Code       0  drleqf.o(x$fpl$drleqf)
    _drcmple                                 0x00004184   ARM Code     140  drleqf.o(x$fpl$drleqf)
    __aeabi_drsub                            0x00004210   ARM Code       0  daddsub_noclz.o(x$fpl$drsb)
    _drsb                                    0x00004210   ARM Code      24  daddsub_noclz.o(x$fpl$drsb)
    __aeabi_dsub                             0x00004228   ARM Code       0  daddsub_noclz.o(x$fpl$dsub)
    _dsub                                    0x00004228   ARM Code     576  daddsub_noclz.o(x$fpl$dsub)
    __fpl_fcmp_Inf                           0x0000446c   ARM Code      28  fcmpi.o(x$fpl$fcmpinf)
    __aeabi_f2iz                             0x00004488   ARM Code       0  ffix.o(x$fpl$ffix)
    _ffix                                    0x00004488   ARM Code      68  ffix.o(x$fpl$ffix)
    __aeabi_cfcmple                          0x000044cc   ARM Code       0  fleqf.o(x$fpl$fleqf)
    _fcmple                                  0x000044cc   ARM Code     132  fleqf.o(x$fpl$fleqf)
    __fpl_fcmple_InfNaN                      0x00004538   ARM Code       0  fleqf.o(x$fpl$fleqf)
    __aeabi_fmul                             0x00004550   ARM Code       0  fmul.o(x$fpl$fmul)
    _fmul                                    0x00004550   ARM Code     256  fmul.o(x$fpl$fmul)
    __fpl_fnaninf                            0x00004650   ARM Code     168  fnaninf.o(x$fpl$fnaninf)
    Inline Thumb to ARM Veneer to _fp_init   0x000046f9   Thumb Code     4  fpinit.o(x$fpl$fpinit)
    _fp_init                                 0x000046fc   ARM Code      24  fpinit.o(x$fpl$fpinit)
    __fplib_config_pureend_doubles           0x0000470c   ARM Code       0  fpinit.o(x$fpl$fpinit)
    __fpl_fretinf                            0x00004714   ARM Code      16  fretinf.o(x$fpl$fretinf)
    __fpl_return_NaN                         0x00004724   ARM Code     116  retnan.o(x$fpl$retnan)
    __ARM_scalbn                             0x00004798   ARM Code       0  scalbn.o(x$fpl$scalbn)
    scalbn                                   0x00004798   ARM Code     108  scalbn.o(x$fpl$scalbn)
    __fpl_inf_scalbn                         0x00004800   ARM Code       0  scalbn.o(x$fpl$scalbn)
    __fpl_cmpreturn                          0x00004804   ARM Code      60  trapv.o(x$fpl$trapveneer)
    __I$use$fp                               0x00004840   ARM Code       0  usenofp.o(x$fpl$usenofp)
    Region$$Table$$Base                      0x00004960   Number         0  anon$$obj.o(Region$$Table)
    Region$$Table$$Limit                     0x00004980   Number         0  anon$$obj.o(Region$$Table)
    rcount                                   0x40000000   Data           4  main.o(.data)
    counter                                  0x40000004   Data           4  main.o(.data)
    lold                                     0x40000008   Data           4  main.o(.data)
    lcur                                     0x4000000c   Data           4  main.o(.data)
    rold                                     0x40000010   Data           4  main.o(.data)
    rcur                                     0x40000014   Data           4  main.o(.data)
    lcount                                   0x40000018   Data           4  main.o(.data)
    globalperiod                             0x4000002c   Data           4  aal_pwm.o(.data)
    MBMux                                    0x40000038   Data          20  main.o(.bss)
    LeftMotor                                0x4000004c   Data          20  main.o(.bss)
    RightMotor                               0x40000060   Data          20  main.o(.bss)
    LMotorPID                                0x40000078   Data          96  main.o(.bss)
    RMotorPID                                0x400000d8   Data          96  main.o(.bss)
    ThetaPID                                 0x40000138   Data          96  main.o(.bss)
    Odometry_Pos                             0x400001e8   Data          40  ral_odometry.o(.bss)
    __libspace_start                         0x40000238   Data          96  libspace.o(.bss)
    __temporary_stack_top$libspace           0x40000298   Data           0  libspace.o(.bss)



==============================================================================

Memory Map of the image

  Image Entry point : 0x00000110

  Load Region LR_IROM1 (Base: 0x00000000, Size: 0x000049b4, Max: 0x00008000, ABSOLUTE)

    Execution Region ER_IROM1 (Base: 0x00000000, Size: 0x00004980, Max: 0x00008000, ABSOLUTE)

    Base Addr    Size         Type   Attr      Idx    E Section Name        Object

    0x00000000   0x00000110   Code   RO            3    RESET               startup.o
    0x00000110   0x00000008   Code   RO          404  * !!!main             c_t.l(__main.o)(c_t.l)
    0x00000118   0x0000003c   Code   RO          734    !!!scatter          c_t.l(__scatter.o)(c_t.l)
    0x00000154   0x00000028   Code   RO          736    !!handler_copy      c_t.l(__scatter_copy.o)(c_t.l)
    0x0000017c   0x0000002c   Code   RO          738    !!handler_zi        c_t.l(__scatter_zi.o)(c_t.l)
    0x000001a8   0x00000008   Ven    RO          660    .ARM.Collect$$libinit$$00000000  c_t.l(libinit.o)(c_t.l)
    0x000001b0   0x00000006   Code   RO          660    .ARM.Collect$$libinit$$00000000  c_t.l(libinit.o)(c_t.l)
    0x000001b6   0x00000008   Code   RO          497    .ARM.Collect$$libinit$$00000001  c_t.l(libinit2.o)(c_t.l)
    0x000001be   0x00000000   Code   RO          499    .ARM.Collect$$libinit$$00000006  c_t.l(libinit2.o)(c_t.l)
    0x000001be   0x00000000   Code   RO          501    .ARM.Collect$$libinit$$00000008  c_t.l(libinit2.o)(c_t.l)
    0x000001be   0x00000000   Code   RO          503    .ARM.Collect$$libinit$$0000000A  c_t.l(libinit2.o)(c_t.l)
    0x000001be   0x00000000   Code   RO          506    .ARM.Collect$$libinit$$0000000D  c_t.l(libinit2.o)(c_t.l)
    0x000001be   0x00000000   Code   RO          508    .ARM.Collect$$libinit$$0000000F  c_t.l(libinit2.o)(c_t.l)
    0x000001be   0x00000000   Code   RO          510    .ARM.Collect$$libinit$$00000011  c_t.l(libinit2.o)(c_t.l)
    0x000001be   0x00000000   Code   RO          512    .ARM.Collect$$libinit$$00000013  c_t.l(libinit2.o)(c_t.l)
    0x000001be   0x00000000   Code   RO          514    .ARM.Collect$$libinit$$00000015  c_t.l(libinit2.o)(c_t.l)
    0x000001be   0x00000000   Code   RO          516    .ARM.Collect$$libinit$$00000017  c_t.l(libinit2.o)(c_t.l)
    0x000001be   0x00000000   Code   RO          518    .ARM.Collect$$libinit$$00000019  c_t.l(libinit2.o)(c_t.l)
    0x000001be   0x00000000   Code   RO          520    .ARM.Collect$$libinit$$0000001B  c_t.l(libinit2.o)(c_t.l)
    0x000001be   0x00000000   Code   RO          522    .ARM.Collect$$libinit$$0000001D  c_t.l(libinit2.o)(c_t.l)
    0x000001be   0x00000000   Code   RO          524    .ARM.Collect$$libinit$$0000001F  c_t.l(libinit2.o)(c_t.l)
    0x000001be   0x00000000   Code   RO          526    .ARM.Collect$$libinit$$00000021  c_t.l(libinit2.o)(c_t.l)
    0x000001be   0x00000000   Code   RO          530    .ARM.Collect$$libinit$$00000028  c_t.l(libinit2.o)(c_t.l)
    0x000001be   0x00000000   Code   RO          532    .ARM.Collect$$libinit$$0000002A  c_t.l(libinit2.o)(c_t.l)
    0x000001be   0x00000000   Code   RO          534    .ARM.Collect$$libinit$$0000002C  c_t.l(libinit2.o)(c_t.l)
    0x000001be   0x00000000   Code   RO          536    .ARM.Collect$$libinit$$0000002E  c_t.l(libinit2.o)(c_t.l)
    0x000001be   0x0000000c   Code   RO          537    .ARM.Collect$$libinit$$0000002F  c_t.l(libinit2.o)(c_t.l)
    0x000001ca   0x00000002   PAD
    0x000001cc   0x00000008   Ven    RO          731    .ARM.Collect$$libshutdown$$00000000  c_t.l(libshutdown.o)(c_t.l)
    0x000001d4   0x00000004   Code   RO          731    .ARM.Collect$$libshutdown$$00000000  c_t.l(libshutdown.o)(c_t.l)
    0x000001d8   0x00000000   Code   RO          681    .ARM.Collect$$libshutdown$$00000003  c_t.l(libshutdown2.o)(c_t.l)
    0x000001d8   0x00000000   Code   RO          684    .ARM.Collect$$libshutdown$$00000006  c_t.l(libshutdown2.o)(c_t.l)
    0x000001d8   0x00000000   Code   RO          687    .ARM.Collect$$libshutdown$$00000009  c_t.l(libshutdown2.o)(c_t.l)
    0x000001d8   0x00000000   Code   RO          689    .ARM.Collect$$libshutdown$$0000000B  c_t.l(libshutdown2.o)(c_t.l)
    0x000001d8   0x00000000   Code   RO          692    .ARM.Collect$$libshutdown$$0000000E  c_t.l(libshutdown2.o)(c_t.l)
    0x000001d8   0x00000006   Code   RO          693    .ARM.Collect$$libshutdown$$0000000F  c_t.l(libshutdown2.o)(c_t.l)
    0x000001de   0x00000002   PAD
    0x000001e0   0x00000000   Code   RO          456    .ARM.Collect$$rtentry$$00000000  c_t.l(rtentry.o)(c_t.l)
    0x000001e0   0x00000000   Code   RO          579    .ARM.Collect$$rtentry$$00000002  c_t.l(rtentry2.o)(c_t.l)
    0x000001e0   0x00000008   Code   RO          594    .ARM.Collect$$rtentry$$00000004  c_t.l(rtentry4.o)(c_t.l)
    0x000001e8   0x00000000   Code   RO          581    .ARM.Collect$$rtentry$$00000009  c_t.l(rtentry2.o)(c_t.l)
    0x000001e8   0x00000004   Code   RO          582    .ARM.Collect$$rtentry$$0000000A  c_t.l(rtentry2.o)(c_t.l)
    0x000001ec   0x00000000   Code   RO          584    .ARM.Collect$$rtentry$$0000000C  c_t.l(rtentry2.o)(c_t.l)
    0x000001ec   0x00000028   Code   RO          585    .ARM.Collect$$rtentry$$0000000D  c_t.l(rtentry2.o)(c_t.l)
    0x00000214   0x00000004   Ven    RO          665    .ARM.Collect$$rtexit$$00000000  c_t.l(rtexit.o)(c_t.l)
    0x00000218   0x00000004   Code   RO          665    .ARM.Collect$$rtexit$$00000000  c_t.l(rtexit.o)(c_t.l)
    0x0000021c   0x00000000   Code   RO          701    .ARM.Collect$$rtexit$$00000002  c_t.l(rtexit2.o)(c_t.l)
    0x0000021c   0x00000004   Code   RO          702    .ARM.Collect$$rtexit$$00000003  c_t.l(rtexit2.o)(c_t.l)
    0x00000220   0x00000008   Code   RO          703    .ARM.Collect$$rtexit$$00000004  c_t.l(rtexit2.o)(c_t.l)
    0x00000228   0x00000000   Code   RO          605    .emb_text           c_t.l(maybetermalloc1.o)(c_t.l)
    0x00000228   0x00000020   Code   RO            4    .text               startup.o
    0x00000248   0x0000033c   Code   RO           11    .text               main.o
    0x00000584   0x000001fc   Code   RO           61    .text               ral_encoder.o
    0x00000780   0x000001ac   Code   RO          121    .text               ral_motor.o
    0x0000092c   0x00000130   Code   RO          143    .text               ral_mux.o
    0x00000a5c   0x000002c0   Code   RO          155    .text               ral_odometry.o
    0x00000d1c   0x00000dec   Code   RO          180    .text               ral_pid.o
    0x00001b08   0x00000334   Code   RO          228    .text               aal_gpio.o
    0x00001e3c   0x00000280   Code   RO          243    .text               aal_pwm.o
    0x000020bc   0x00000154   Code   RO          261    .text               aal_spi.o
    0x00002210   0x000000d0   Code   RO          279    .text               aal_timer.o
    0x000022e0   0x0000031c   Code   RO          294    .text               aal_uart.o
    0x000025fc   0x000002c8   Code   RO          312    .text               arm_math.o
    0x000028c4   0x00000008   Ven    RO          328    .text               c_t.l(h1_alloc.o)(c_t.l)
    0x000028cc   0x00000074   Code   RO          328    .text               c_t.l(h1_alloc.o)(c_t.l)
    0x00002940   0x00000180   Code   RO          388    .text               c_t.l(aeabi_sdiv.o)(c_t.l)
    0x00002ac0   0x00000004   Ven    RO          465    .text               c_t.l(rt_heap_descriptor_intlibspace.o)(c_t.l)
    0x00002ac4   0x00000010   Code   RO          465    .text               c_t.l(rt_heap_descriptor_intlibspace.o)(c_t.l)
    0x00002ad4   0x00000004   Code   RO          467    .text               c_t.l(hguard.o)(c_t.l)
    0x00002ad8   0x00000094   Code   RO          469    .text               c_t.l(init_alloc.o)(c_t.l)
    0x00002b6c   0x0000000e   Code   RO          475    .text               c_t.l(h1_init.o)(c_t.l)
    0x00002b7a   0x00000054   Code   RO          477    .text               c_t.l(h1_free.o)(c_t.l)
    0x00002bce   0x00000002   PAD
    0x00002bd0   0x00000008   Ven    RO          493    .text               c_t.l(_rserrno.o)(c_t.l)
    0x00002bd8   0x0000001a   Code   RO          493    .text               c_t.l(_rserrno.o)(c_t.l)
    0x00002bf2   0x00000002   PAD
    0x00002bf4   0x0000000c   Code   RO          575    .text               c_t.l(libspace.o)(c_t.l)
    0x00002c00   0x00000004   Ven    RO          601    .text               c_t.l(rt_errno_addr_intlibspace.o)(c_t.l)
    0x00002c04   0x00000010   Code   RO          601    .text               c_t.l(rt_errno_addr_intlibspace.o)(c_t.l)
    0x00002c14   0x00000038   Code   RO          609    .text               c_t.l(h1_extend.o)(c_t.l)
    0x00002c4c   0x00000010   Code   RO          613    .text               c_t.l(defsig_rtmem_outer.o)(c_t.l)
    0x00002c5c   0x0000004c   Code   RO          617    .text               c_t.l(heapauxa.o)(c_t.l)
    0x00002ca8   0x00000004   Code   RO          632    .text               c_t.l(use_no_semi.o)(c_t.l)
    0x00002cac   0x00000060   Code   RO          634    .text               c_t.l(sys_stackheap_outer.o)(c_t.l)
    0x00002d0c   0x0000000c   Code   RO          640    .text               c_t.l(exit.o)(c_t.l)
    0x00002d18   0x00000010   Code   RO          642    .text               c_t.l(defsig_exit.o)(c_t.l)
    0x00002d28   0x00000050   Code   RO          648    .text               c_t.l(defsig_rtmem_inner.o)(c_t.l)
    0x00002d78   0x00000008   Ven    RO          663    .text               c_t.l(sys_exit.o)(c_t.l)
    0x00002d80   0x0000000c   Code   RO          663    .text               c_t.l(sys_exit.o)(c_t.l)
    0x00002d8c   0x00000038   Code   RO          675    .text               c_t.l(defsig_general.o)(c_t.l)
    0x00002dc4   0x00000010   Code   RO          698    .text               c_t.l(sys_wrch.o)(c_t.l)
    0x00002dd4   0x00000010   Code   RO          711    .text               c_t.l(rt_fp_status_addr_intlibspace.o)(c_t.l)
    0x00002de4   0x00000024   Code   RO          389    .text_udiv          c_t.l(aeabi_sdiv.o)(c_t.l)
    0x00002e08   0x00000030   Code   RO          628    i.__ARM_fpclassify  m_ts.l(fpclassify.o)(m_ts.l)
    0x00002e38   0x00000500   Code   RO          562    i.__ieee754_rem_pio2  m_ts.l(rred.o)(m_ts.l)
    0x00003338   0x0000019c   Code   RO          559    i.__kernel_cos      m_ts.l(cos_i.o)(m_ts.l)
    0x000034d4   0x00000100   Code   RO          630    i.__kernel_poly     m_ts.l(poly.o)(m_ts.l)
    0x000035d4   0x00000180   Code   RO          567    i.__kernel_sin      m_ts.l(sin_i.o)(m_ts.l)
    0x00003754   0x00000014   Code   RO          626    i.__mathlib_dbl_underflow  m_ts.l(dunder.o)(m_ts.l)
    0x00003768   0x00000100   Code   RO          439    i.cos               m_ts.l(cos.o)(m_ts.l)
    0x00003868   0x00000108   Code   RO          447    i.sin               m_ts.l(sin.o)(m_ts.l)
    0x00003970   0x00000150   Code   RO          406    x$fpl$dadd          fz_ts.l(daddsub_noclz.o)(fz_ts.l)
    0x00003ac0   0x00000010   Code   RO          624    x$fpl$dcheck1       fz_ts.l(dcheck1.o)(fz_ts.l)
    0x00003ad0   0x0000001c   Code   RO          538    x$fpl$dcmpinf       fz_ts.l(dcmpi.o)(fz_ts.l)
    0x00003aec   0x000002e0   Code   RO          413    x$fpl$ddiv          fz_ts.l(ddiv.o)(fz_ts.l)
    0x00003dcc   0x00000070   Code   RO          416    x$fpl$dfix          fz_ts.l(dfix.o)(fz_ts.l)
    0x00003e3c   0x00000058   Code   RO          421    x$fpl$dflt          fz_ts.l(dflt_noclz.o)(fz_ts.l)
    0x00003e94   0x0000000c   Code   RO          420    x$fpl$dfltu         fz_ts.l(dflt_noclz.o)(fz_ts.l)
    0x00003ea0   0x00000094   Code   RO          424    x$fpl$dleqf         fz_ts.l(dleqf.o)(fz_ts.l)
    0x00003f34   0x00000180   Code   RO          426    x$fpl$dmul          fz_ts.l(dmul.o)(fz_ts.l)
    0x000040b4   0x000000c0   Code   RO          540    x$fpl$dnaninf       fz_ts.l(dnaninf.o)(fz_ts.l)
    0x00004174   0x00000010   Code   RO          542    x$fpl$dretinf       fz_ts.l(dretinf.o)(fz_ts.l)
    0x00004184   0x0000008c   Code   RO          428    x$fpl$drleqf        fz_ts.l(drleqf.o)(fz_ts.l)
    0x00004210   0x00000018   Code   RO          407    x$fpl$drsb          fz_ts.l(daddsub_noclz.o)(fz_ts.l)
    0x00004228   0x00000244   Code   RO          408    x$fpl$dsub          fz_ts.l(daddsub_noclz.o)(fz_ts.l)
    0x0000446c   0x0000001c   Code   RO          544    x$fpl$fcmpinf       fz_ts.l(fcmpi.o)(fz_ts.l)
    0x00004488   0x00000044   Code   RO          430    x$fpl$ffix          fz_ts.l(ffix.o)(fz_ts.l)
    0x000044cc   0x00000084   Code   RO          434    x$fpl$fleqf         fz_ts.l(fleqf.o)(fz_ts.l)
    0x00004550   0x00000100   Code   RO          436    x$fpl$fmul          fz_ts.l(fmul.o)(fz_ts.l)
    0x00004650   0x000000a8   Code   RO          546    x$fpl$fnaninf       fz_ts.l(fnaninf.o)(fz_ts.l)
    0x000046f8   0x00000004   Ven    RO          694    x$fpl$fpinit        fz_ts.l(fpinit.o)(fz_ts.l)
    0x000046fc   0x00000018   Code   RO          694    x$fpl$fpinit        fz_ts.l(fpinit.o)(fz_ts.l)
    0x00004714   0x00000010   Code   RO          548    x$fpl$fretinf       fz_ts.l(fretinf.o)(fz_ts.l)
    0x00004724   0x00000074   Code   RO          661    x$fpl$retnan        fz_ts.l(retnan.o)(fz_ts.l)
    0x00004798   0x0000006c   Code   RO          553    x$fpl$scalbn        fz_ts.l(scalbn.o)(fz_ts.l)
    0x00004804   0x0000003c   Code   RO          696    x$fpl$trapveneer    fz_ts.l(trapv.o)(fz_ts.l)
    0x00004840   0x00000000   Code   RO          558    x$fpl$usenofp       fz_ts.l(usenofp.o)(fz_ts.l)
    0x00004840   0x00000030   Data   RO          560    .constdata          m_ts.l(cos_i.o)(m_ts.l)
    0x00004870   0x000000c8   Data   RO          564    .constdata          m_ts.l(rred.o)(m_ts.l)
    0x00004938   0x00000028   Data   RO          568    .constdata          m_ts.l(sin_i.o)(m_ts.l)
    0x00004960   0x00000020   Data   RO          732    Region$$Table       anon$$obj.o


    Execution Region RW_IRAM1 (Base: 0x40000000, Size: 0x00000720, Max: 0x00002000, ABSOLUTE)

    Base Addr    Size         Type   Attr      Idx    E Section Name        Object

    0x40000000   0x0000001c   Data   RW           13    .data               main.o
    0x4000001c   0x00000004   Data   RW           63    .data               ral_encoder.o
    0x40000020   0x0000000c   Data   RW          182    .data               ral_pid.o
    0x4000002c   0x00000004   Data   RW          244    .data               aal_pwm.o
    0x40000030   0x00000004   Data   RW          618    .data               c_t.l(heapauxa.o)(c_t.l)
    0x40000034   0x00000004   PAD
    0x40000038   0x00000160   Zero   RW           12    .bss                main.o
    0x40000198   0x00000050   Zero   RW           62    .bss                ral_encoder.o
    0x400001e8   0x00000028   Zero   RW          156    .bss                ral_odometry.o
    0x40000210   0x00000028   Zero   RW          181    .bss                ral_pid.o
    0x40000238   0x00000060   Zero   RW          576    .bss                c_t.l(libspace.o)(c_t.l)
    0x40000298   0x00000000   Zero   RW            2    HEAP                startup.o
    0x40000298   0x00000488   Zero   RW            1    STACK               startup.o


==============================================================================

Image component sizes


      Code (inc. data)   RO Data    RW Data    ZI Data      Debug   Object Name

       820          8          0          0          0          0   aal_gpio.o
       640         16          0          4          0          0   aal_pwm.o
       340          8          0          0          0          0   aal_spi.o
       208         12          0          0          0          0   aal_timer.o
       796         36          0          0          0          0   aal_uart.o
       712         24          0          0          0          0   arm_math.o
       828         88          0         28        352          0   main.o
       508          8          0          4         80          0   ral_encoder.o
       428          4          0          0          0          0   ral_motor.o
       304          0          0          0          0          0   ral_mux.o
       704         32          0          0         40          0   ral_odometry.o
      3564         24          0         12         40          0   ral_pid.o
       304         60          0          0       1160          0   startup.o

    ----------------------------------------------------------------------
     10156        320         32         48       1672          0   Object Totals
         0          0         32          0          0          0   (incl. Generated)
         0          0          0          0          0          2   (incl. Padding)

    ----------------------------------------------------------------------

      Code (inc. data)   RO Data    RW Data    ZI Data      Debug   Library Member Name

         8          0          0          0          0          0   __main.o
        60          8          0          0          0          0   __scatter.o
        40          0          0          0          0          0   __scatter_copy.o
        44          0          0          0          0          0   __scatter_zi.o
        34          0          0          0          0          0   _rserrno.o
       420          0          0          0          0          0   aeabi_sdiv.o
        16          0          0          0          0          0   defsig_exit.o
        56          0          0          0          0          0   defsig_general.o
        80         56          0          0          0          0   defsig_rtmem_inner.o
        16          0          0          0          0          0   defsig_rtmem_outer.o
        12          0          0          0          0          0   exit.o
       124          0          0          0          0          0   h1_alloc.o
        56          0          0          0          0          0   h1_extend.o
        84          0          0          0          0          0   h1_free.o
        14          0          0          0          0          0   h1_init.o
        76          4          0          4          0          0   heapauxa.o
         4          0          0          0          0          0   hguard.o
       148          0          0          0          0          0   init_alloc.o
        14          0          0          0          0          0   libinit.o
        20          0          0          0          0          0   libinit2.o
        12          0          0          0          0          0   libshutdown.o
         6          0          0          0          0          0   libshutdown2.o
        12          4          0          0         96          0   libspace.o
         0          0          0          0          0          0   maybetermalloc1.o
        20          4          0          0          0          0   rt_errno_addr_intlibspace.o
        16          4          0          0          0          0   rt_fp_status_addr_intlibspace.o
        20          4          0          0          0          0   rt_heap_descriptor_intlibspace.o
         0          0          0          0          0          0   rtentry.o
        44          4          0          0          0          0   rtentry2.o
         8          0          0          0          0          0   rtentry4.o
         8          0          0          0          0          0   rtexit.o
        12          0          0          0          0          0   rtexit2.o
        20          4          0          0          0          0   sys_exit.o
        96          0          0          0          0          0   sys_stackheap_outer.o
        16          0          0          0          0          0   sys_wrch.o
         4          0          0          0          0          0   use_no_semi.o
       940         16          0          0          0          0   daddsub_noclz.o
        16          4          0          0          0          0   dcheck1.o
        28          0          0          0          0          0   dcmpi.o
       736        140          0          0          0          0   ddiv.o
       112          4          0          0          0          0   dfix.o
       100          0          0          0          0          0   dflt_noclz.o
       148          4          0          0          0          0   dleqf.o
       384         16          0          0          0          0   dmul.o
       192          0          0          0          0          0   dnaninf.o
        16          0          0          0          0          0   dretinf.o
       140          0          0          0          0          0   drleqf.o
        28          0          0          0          0          0   fcmpi.o
        68          4          0          0          0          0   ffix.o
       132          4          0          0          0          0   fleqf.o
       256          4          0          0          0          0   fmul.o
       168          0          0          0          0          0   fnaninf.o
        28          0          0          0          0          0   fpinit.o
        16          0          0          0          0          0   fretinf.o
       116          0          0          0          0          0   retnan.o
       108          0          0          0          0          0   scalbn.o
        60          0          0          0          0          0   trapv.o
         0          0          0          0          0          0   usenofp.o
       256          4          0          0          0          0   cos.o
       412          8         48          0          0          0   cos_i.o
        20          0          0          0          0          0   dunder.o
        48          0          0          0          0          0   fpclassify.o
       256          0          0          0          0          0   poly.o
      1280         64        200          0          0          0   rred.o
       264          4          0          0          0          0   sin.o
       384         12         40          0          0          0   sin_i.o

    ----------------------------------------------------------------------
      8340        380        288          4        100          0   Library Totals
         8          0          0          0          4          0   (incl. Padding)

    ----------------------------------------------------------------------

      Code (inc. data)   RO Data    RW Data    ZI Data      Debug   Library Name

      1620         92          0          4         96       2108   c_t.l
      3792        196          0          0          0       2204   fz_ts.l
      2920         92        288          0          0        960   m_ts.l

    ----------------------------------------------------------------------
      8340        380        288          4        100          0   Library Totals

    ----------------------------------------------------------------------

==============================================================================


      Code (inc. data)   RO Data    RW Data    ZI Data      Debug   

     18496        700        320         52       1772      33696   Grand Totals
     18496        700        320         52       1772      33696   ELF Image Totals
     18496        700        320         52          0          0   ROM Totals

==============================================================================

    Total RO  Size (Code + RO Data)                18816 (  18.38kB)
    Total RW  Size (RW Data + ZI Data)              1824 (   1.78kB)
    Total ROM Size (Code + RO Data + RW Data)      18868 (  18.43kB)

==============================================================================

