<html>
<body>
<pre>
<h1>µVision Build Log</h1>
<h2>Project:</h2>
F:\Documents\Kit\RBC\Code\RBC2011\RBC2011\Line Sensor\Dec Module\sensor.uvproj
Project File Date:  12/23/2010

<h2>Output:</h2>
Build target 'Target 1'
assembling Startup.s...
compiling main.c...
main.c(134): warning:  #111-D: statement is unreachable
main.c:         return 0;
main.c:         ^
main.c: main.c: 1 warning, 0 errors
compiling aal_adc.c...
compiling aal_gpio.c...
compiling aal_spi.c...
compiling aal_timer.c...
compiling aal_uart.c...
compiling arm_math.c...
compiling aal_pwm.c...
compiling ral_encoder.c...
compiling ral_joystick.c...
compiling ral_linesensor.c...
compiling ral_motor.c...
compiling ral_mux.c...
compiling ral_odometry.c...
compiling ral_pid.c...
compiling ral_servo.c...
linking...
Program Size: Code=7604 RO-data=32 RW-data=40 ZI-data=1336  
FromELF: creating hex file...
"sensor.axf" - 0 Error(s), 1 Warning(s).
