<html>
<body>
<pre>
<h1>µVision Build Log</h1>
<h2>Project:</h2>
C:\Documents and Settings\ced\Desktop\RBC-RBC2011-d2565e6\RBC2011\Line Sensor\Dec Module\sensor.uvproj
Project File Date:  12/28/2010

<h2>Output:</h2>
Build target 'Target 1'
assembling Startup.s...
compiling main.c...
main.c(29): error:  #18: expected a ")"
main.c(59): warning:  #111-D: statement is unreachable
compiling aal_adc.c...
compiling aal_gpio.c...
compiling aal_spi.c...
compiling aal_timer.c...
compiling aal_uart.c...
compiling arm_math.c...
compiling aal_pwm.c...
compiling ral_encoder.c...
compiling ral_joystick.c...
compiling ral_linesensor.c...
compiling ral_motor.c...
compiling ral_mux.c...
compiling ral_odometry.c...
compiling ral_pid.c...
compiling ral_servo.c...
Target not created
Build target 'Target 1'
assembling Startup.s...
compiling main.c...
main.c(59): warning:  #111-D: statement is unreachable
compiling aal_adc.c...
compiling aal_gpio.c...
compiling aal_spi.c...
compiling aal_timer.c...
compiling aal_uart.c...
compiling arm_math.c...
compiling aal_pwm.c...
compiling ral_encoder.c...
compiling ral_joystick.c...
compiling ral_linesensor.c...
compiling ral_motor.c...
compiling ral_mux.c...
compiling ral_odometry.c...
compiling ral_pid.c...
compiling ral_servo.c...
linking...
Program Size: Code=7892 RO-data=128 RW-data=152 ZI-data=1320  
FromELF: creating hex file...
"sensor.axf" - 0 Error(s), 1 Warning(s).
Build target 'Target 1'
assembling Startup.s...
compiling main.c...
main.c(59): warning:  #111-D: statement is unreachable
compiling aal_adc.c...
compiling aal_gpio.c...
compiling aal_spi.c...
compiling aal_timer.c...
compiling aal_uart.c...
compiling arm_math.c...
compiling aal_pwm.c...
compiling ral_encoder.c...
compiling ral_joystick.c...
compiling ral_linesensor.c...
compiling ral_motor.c...
compiling ral_mux.c...
compiling ral_odometry.c...
compiling ral_pid.c...
compiling ral_servo.c...
linking...
Program Size: Code=7892 RO-data=128 RW-data=152 ZI-data=1320  
FromELF: creating hex file...
"sensor.axf" - 0 Error(s), 1 Warning(s).
"C:\Program Files\Philips Semiconductors\Philips Flash Utility\LPC210x_ISP.exe" "C:\Documents and Settings\ced\Desktop\RBC-RBC2011-d2565e6\RBC2011\Line Sensor\Dec Module\sensor.HEX" 12000 LPC2131 COM1: 57600 1
"C:\Program Files\Philips Semiconductors\Philips Flash Utility\LPC210x_ISP.exe" "C:\Documents and Settings\ced\Desktop\RBC-RBC2011-d2565e6\RBC2011\Line Sensor\Dec Module\sensor.HEX" 12000 LPC2131 COM1: 57600 1
Build target 'Target 1'
assembling Startup.s...
compiling main.c...
main.c(59): warning:  #111-D: statement is unreachable
compiling aal_adc.c...
compiling aal_gpio.c...
compiling aal_spi.c...
compiling aal_timer.c...
compiling aal_uart.c...
compiling arm_math.c...
compiling aal_pwm.c...
compiling ral_encoder.c...
compiling ral_joystick.c...
compiling ral_linesensor.c...
compiling ral_motor.c...
compiling ral_mux.c...
compiling ral_odometry.c...
compiling ral_pid.c...
compiling ral_servo.c...
linking...
Program Size: Code=7892 RO-data=128 RW-data=152 ZI-data=1320  
FromELF: creating hex file...
"sensor.axf" - 0 Error(s), 1 Warning(s).
Build target 'Target 1'
assembling Startup.s...
compiling main.c...
main.c(59): warning:  #111-D: statement is unreachable
compiling aal_adc.c...
compiling aal_gpio.c...
compiling aal_spi.c...
compiling aal_timer.c...
compiling aal_uart.c...
compiling arm_math.c...
compiling aal_pwm.c...
compiling ral_encoder.c...
compiling ral_joystick.c...
compiling ral_linesensor.c...
compiling ral_motor.c...
compiling ral_mux.c...
compiling ral_odometry.c...
compiling ral_pid.c...
compiling ral_servo.c...
linking...
Program Size: Code=7892 RO-data=128 RW-data=152 ZI-data=1320  
FromELF: creating hex file...
"sensor.axf" - 0 Error(s), 1 Warning(s).
Build target 'Target 1'
assembling Startup.s...
compiling main.c...
main.c(59): warning:  #111-D: statement is unreachable
compiling aal_adc.c...
compiling aal_gpio.c...
compiling aal_spi.c...
compiling aal_timer.c...
compiling aal_uart.c...
compiling arm_math.c...
compiling aal_pwm.c...
compiling ral_encoder.c...
compiling ral_joystick.c...
compiling ral_linesensor.c...
compiling ral_motor.c...
compiling ral_mux.c...
compiling ral_odometry.c...
compiling ral_pid.c...
compiling ral_servo.c...
linking...
Program Size: Code=7892 RO-data=128 RW-data=152 ZI-data=1320  
FromELF: creating hex file...
"sensor.axf" - 0 Error(s), 1 Warning(s).
"C:\Program Files\Philips Semiconductors\Philips Flash Utility\LPC210x_ISP.exe" "C:\Documents and Settings\ced\Desktop\RBC-RBC2011-d2565e6\RBC2011\Line Sensor\Dec Module\sensor.HEX" 12000 LPC2131 COM1: 57600 1
"C:\Program Files\Philips Semiconductors\Philips Flash Utility\LPC210x_ISP.exe" "C:\Documents and Settings\ced\Desktop\RBC-RBC2011-d2565e6\RBC2011\Line Sensor\Dec Module\sensor.HEX" 12000 LPC2131 COM1: 57600 1
