<html>
<body>
<pre>
<h1>µVision Build Log</h1>
<h2>Project:</h2>
F:\Documents\Kit\RBC\Code\RBC2011\RBC2010\Phrase 1\213x side\213x.uvproj
Project File Date:  09/08/2010

<h2>Output:</h2>
Build target 'Target 1'
assembling Startup.s...
compiling main.c...
compiling aal_213xpwm.c...
compiling aal_adc.c...
compiling aal_gpio.c...
compiling aal_spi.c...
compiling aal_timer.c...
compiling aal_uart.c...
compiling arm_math.c...
compiling ral_encoder.c...
compiling ral_joystick.c...
compiling ral_linesensor.c...
compiling ral_motor.c...
compiling ral_mux.c...
compiling ral_odometry.c...
compiling ral_pid.c...
compiling ral_servo.c...
..\..\..\Library\RAL\ral_servo.c(13): error:  #393: pointer to incomplete class type is not allowed
..\..\..\Library\RAL\ral_servo.c:       int currPWM = SS->MS->currPWM;
..\..\..\Library\RAL\ral_servo.c:                     ^
..\..\..\Library\RAL\ral_servo.c(14): error:  #20: identifier "angel" is undefined
..\..\..\Library\RAL\ral_servo.c:       int newPWM = currPWM + angel * SS->PWMEach;
..\..\..\Library\RAL\ral_servo.c:                              ^
..\..\..\Library\RAL\ral_servo.c(17): error:  #393: pointer to incomplete class type is not allowed
..\..\..\Library\RAL\ral_servo.c:       SS->MS->Motor_SetPWM(SS->MS,newPWM);
..\..\..\Library\RAL\ral_servo.c:       ^
..\..\..\Library\RAL\ral_servo.c(25): error:  #393: pointer to incomplete class type is not allowed
..\..\..\Library\RAL\ral_servo.c:       SS->MS->Motor_SetPWM(SS->MS,newPWM);
..\..\..\Library\RAL\ral_servo.c:       ^
..\..\..\Library\RAL\ral_servo.c: ..\..\..\Library\RAL\ral_servo.c: 0 warnings, 4 errors
Target not created
Build target 'Target 1'
assembling Startup.s...
compiling main.c...
compiling aal_213xpwm.c...
compiling aal_adc.c...
compiling aal_gpio.c...
compiling aal_spi.c...
compiling aal_timer.c...
compiling aal_uart.c...
compiling arm_math.c...
compiling ral_encoder.c...
compiling ral_joystick.c...
compiling ral_linesensor.c...
compiling ral_motor.c...
compiling ral_mux.c...
compiling ral_odometry.c...
compiling ral_pid.c...
compiling ral_servo.c...
..\..\..\Library\RAL\ral_servo.c(13): error:  #393: pointer to incomplete class type is not allowed
..\..\..\Library\RAL\ral_servo.c:       int currPWM = SS->MS->currPWM;
..\..\..\Library\RAL\ral_servo.c:                     ^
..\..\..\Library\RAL\ral_servo.c(17): error:  #393: pointer to incomplete class type is not allowed
..\..\..\Library\RAL\ral_servo.c:       SS->MS->Motor_SetPWM(SS->MS,newPWM);
..\..\..\Library\RAL\ral_servo.c:       ^
..\..\..\Library\RAL\ral_servo.c(25): error:  #393: pointer to incomplete class type is not allowed
..\..\..\Library\RAL\ral_servo.c:       SS->MS->Motor_SetPWM(SS->MS,newPWM);
..\..\..\Library\RAL\ral_servo.c:       ^
..\..\..\Library\RAL\ral_servo.c: ..\..\..\Library\RAL\ral_servo.c: 0 warnings, 3 errors
Target not created
Build target 'Target 1'
assembling Startup.s...
compiling main.c...
compiling aal_213xpwm.c...
compiling aal_adc.c...
compiling aal_gpio.c...
compiling aal_spi.c...
compiling aal_timer.c...
compiling aal_uart.c...
compiling arm_math.c...
compiling ral_encoder.c...
compiling ral_joystick.c...
compiling ral_linesensor.c...
compiling ral_motor.c...
compiling ral_mux.c...
compiling ral_odometry.c...
compiling ral_pid.c...
compiling ral_servo.c...
..\..\..\Library\RAL\ral_servo.h(13): warning:  #231-D: declaration is not visible outside of function
..\..\..\Library\RAL\ral_servo.h:   struct Servo_Struct* Servo_Init(struct Servo_Struct* SS, struct Motor_Struct* MS, int PWMLowerSide, int PWMUpperSide, int range);
..\..\..\Library\RAL\ral_servo.h:                                                                   ^
..\..\..\Library\RAL\ral_servo.c(3): warning:  #231-D: declaration is not visible outside of function
..\..\..\Library\RAL\ral_servo.c:   struct Servo_Struct* Servo_Init(struct Servo_Struct* SS, struct Motor_Struct* MS, int PWMLowerSide, int PWMUpperSide, int range){
..\..\..\Library\RAL\ral_servo.c:                                                                   ^
..\..\..\Library\RAL\ral_servo.c(3): error:  #147-D: declaration is incompatible with "struct Servo_Struct *Servo_Init(struct Servo_Struct *, struct Motor_Struct *, int, int, int)" (declared at line 13 of "..\..\..\Library\RAL\ral_servo.h")
..\..\..\Library\RAL\ral_servo.c:   struct Servo_Struct* Servo_Init(struct Servo_Struct* SS, struct Motor_Struct* MS, int PWMLowerSide, int PWMUpperSide, int range){
..\..\..\Library\RAL\ral_servo.c:                        ^
..\..\..\Library\RAL\ral_servo.c(4): error:  #513: a value of type "struct Motor_Struct *" cannot be assigned to an entity of type "struct Motor_Setting *"
..\..\..\Library\RAL\ral_servo.c:       SS->MS = MS;
..\..\..\Library\RAL\ral_servo.c:              ^
..\..\..\Library\RAL\ral_servo.c: ..\..\..\Library\RAL\ral_servo.c: 2 warnings, 2 errors
Target not created
Build target 'Target 1'
assembling Startup.s...
compiling main.c...
compiling aal_213xpwm.c...
compiling aal_adc.c...
compiling aal_gpio.c...
compiling aal_spi.c...
compiling aal_timer.c...
compiling aal_uart.c...
compiling arm_math.c...
compiling ral_encoder.c...
compiling ral_joystick.c...
compiling ral_linesensor.c...
compiling ral_motor.c...
compiling ral_mux.c...
compiling ral_odometry.c...
compiling ral_pid.c...
compiling ral_servo.c...
linking...
Program Size: Code=6604 RO-data=104 RW-data=4 ZI-data=1356  
FromELF: creating hex file...
"213x.axf" - 0 Error(s), 0 Warning(s).
