<html>
<body>
<pre>
<h1>µVision Build Log</h1>
<h2>Project:</h2>
F:\Documents\Kit\RBC\Code\RBC2011\RBC2011\Four Wheel\213x side\213x.uvproj
Project File Date:  01/09/2011

<h2>Output:</h2>
Build target 'Target 1'
compiling fourwheel.c...
compiling main.c...
main.c(166): warning:  #111-D: statement is unreachable
main.c:         return 0;
main.c:         ^
main.c: main.c: 1 warning, 0 errors
assembling Startup.s...
compiling ral_encoder.c...
compiling ral_joystick.c...
compiling ral_linesensor.c...
compiling ral_motor.c...
compiling ral_mux.c...
compiling ral_odometry.c...
compiling ral_pid.c...
compiling ral_servo.c...
compiling aal_adc.c...
compiling aal_gpio.c...
compiling aal_spi.c...
compiling aal_timer.c...
compiling aal_uart.c...
compiling arm_math.c...
compiling aal_pwm.c...
linking...
Program Size: Code=13328 RO-data=136 RW-data=48 ZI-data=1520  
FromELF: creating hex file...
"213x.axf" - 0 Error(s), 1 Warning(s).
Build target 'Target 1'
compiling fourwheel.c...
compiling main.c...
main.c(166): warning:  #111-D: statement is unreachable
main.c:         return 0;
main.c:         ^
main.c: main.c: 1 warning, 0 errors
assembling Startup.s...
compiling ral_encoder.c...
compiling ral_joystick.c...
compiling ral_linesensor.c...
compiling ral_motor.c...
compiling ral_mux.c...
compiling ral_odometry.c...
compiling ral_pid.c...
compiling ral_servo.c...
compiling aal_adc.c...
compiling aal_gpio.c...
compiling aal_spi.c...
compiling aal_timer.c...
compiling aal_uart.c...
compiling arm_math.c...
compiling aal_pwm.c...
linking...
Program Size: Code=13328 RO-data=136 RW-data=48 ZI-data=1520  
FromELF: creating hex file...
"213x.axf" - 0 Error(s), 1 Warning(s).
Build target 'Target 1'
compiling fourwheel.c...
compiling main.c...
main.c(170): warning:  #111-D: statement is unreachable
main.c:         return 0;
main.c:         ^
main.c: main.c: 1 warning, 0 errors
assembling Startup.s...
compiling ral_encoder.c...
compiling ral_joystick.c...
compiling ral_linesensor.c...
compiling ral_motor.c...
compiling ral_mux.c...
compiling ral_odometry.c...
compiling ral_pid.c...
compiling ral_servo.c...
compiling aal_adc.c...
compiling aal_gpio.c...
compiling aal_spi.c...
compiling aal_timer.c...
compiling aal_uart.c...
compiling arm_math.c...
compiling aal_pwm.c...
linking...
Program Size: Code=13392 RO-data=136 RW-data=48 ZI-data=1520  
FromELF: creating hex file...
"213x.axf" - 0 Error(s), 1 Warning(s).
Build target 'Target 1'
compiling fourwheel.c...
compiling main.c...
main.c(49): error:  #20: identifier "UPMotor" is undefined
main.c:                 Motor_SetPercentage(&UPMotor,UPPercentage);     
main.c:                                      ^
main.c(50): error:  #20: identifier "Button" is undefined
main.c:         } else if(Button L2 == 1){
main.c:                   ^
main.c(50): error:  #18: expected a ")"
main.c:         } else if(Button L2 == 1){
main.c:                          ^
main.c(52): error:  #20: identifier "UPMotor" is undefined
main.c:                 Motor_SetPercentage(&UPMotor,UPPercentage);
main.c:                                      ^
main.c(181): warning:  #111-D: statement is unreachable
main.c:         return 0;
main.c:         ^
main.c: main.c: 1 warning, 4 errors
assembling Startup.s...
compiling ral_encoder.c...
compiling ral_joystick.c...
compiling ral_linesensor.c...
compiling ral_motor.c...
compiling ral_mux.c...
compiling ral_odometry.c...
compiling ral_pid.c...
compiling ral_servo.c...
compiling aal_adc.c...
compiling aal_gpio.c...
compiling aal_spi.c...
compiling aal_timer.c...
compiling aal_uart.c...
compiling arm_math.c...
compiling aal_pwm.c...
Target not created
Build target 'Target 1'
compiling fourwheel.c...
compiling main.c...
main.c(49): error:  #20: identifier "UPMotor" is undefined
main.c:                 Motor_SetPercentage(&UPMotor,UPPercentage);     
main.c:                                      ^
main.c(50): error:  #20: identifier "Button" is undefined
main.c:         } else if(Button L2 == 1){
main.c:                   ^
main.c(50): error:  #18: expected a ")"
main.c:         } else if(Button L2 == 1){
main.c:                          ^
main.c(52): error:  #20: identifier "UPMotor" is undefined
main.c:                 Motor_SetPercentage(&UPMotor,UPPercentage);
main.c:                                      ^
main.c(181): warning:  #111-D: statement is unreachable
main.c:         return 0;
main.c:         ^
main.c: main.c: 1 warning, 4 errors
assembling Startup.s...
compiling ral_encoder.c...
compiling ral_joystick.c...
compiling ral_linesensor.c...
compiling ral_motor.c...
compiling ral_mux.c...
compiling ral_odometry.c...
compiling ral_pid.c...
compiling ral_servo.c...
compiling aal_adc.c...
compiling aal_gpio.c...
compiling aal_spi.c...
compiling aal_timer.c...
compiling aal_uart.c...
compiling arm_math.c...
compiling aal_pwm.c...
Target not created
Build target 'Target 1'
compiling fourwheel.c...
compiling main.c...
main.c(48): error:  #20: identifier "UPPercentage" is undefined
main.c:                 UPPercentage += 0.05;
main.c:                 ^
main.c(50): error:  #20: identifier "Button" is undefined
main.c:         } else if(Button L2 == 1){
main.c:                   ^
main.c(50): error:  #18: expected a ")"
main.c:         } else if(Button L2 == 1){
main.c:                          ^
main.c(51): error:  #20: identifier "UPPercentage" is undefined
main.c:                 UPPercentage -= 0.05;
main.c:                 ^
main.c(181): warning:  #111-D: statement is unreachable
main.c:         return 0;
main.c:         ^
main.c: main.c: 1 warning, 4 errors
assembling Startup.s...
compiling ral_encoder.c...
compiling ral_joystick.c...
compiling ral_linesensor.c...
compiling ral_motor.c...
compiling ral_mux.c...
compiling ral_odometry.c...
compiling ral_pid.c...
compiling ral_servo.c...
compiling aal_adc.c...
compiling aal_gpio.c...
compiling aal_spi.c...
compiling aal_timer.c...
compiling aal_uart.c...
compiling arm_math.c...
compiling aal_pwm.c...
Target not created
Build target 'Target 1'
compiling fourwheel.c...
compiling main.c...
main.c(48): error:  #20: identifier "UPPercentage" is undefined
main.c:                 UPPercentage += 0.05;
main.c:                 ^
main.c(51): error:  #20: identifier "UPPercentage" is undefined
main.c:                 UPPercentage -= 0.05;
main.c:                 ^
main.c(181): warning:  #111-D: statement is unreachable
main.c:         return 0;
main.c:         ^
main.c: main.c: 1 warning, 2 errors
assembling Startup.s...
compiling ral_encoder.c...
compiling ral_joystick.c...
compiling ral_linesensor.c...
compiling ral_motor.c...
compiling ral_mux.c...
compiling ral_odometry.c...
compiling ral_pid.c...
compiling ral_servo.c...
compiling aal_adc.c...
compiling aal_gpio.c...
compiling aal_spi.c...
compiling aal_timer.c...
compiling aal_uart.c...
compiling arm_math.c...
compiling aal_pwm.c...
Target not created
Build target 'Target 1'
compiling fourwheel.c...
compiling main.c...
main.c(181): warning:  #111-D: statement is unreachable
main.c:         return 0;
main.c:         ^
main.c: main.c: 1 warning, 0 errors
assembling Startup.s...
compiling ral_encoder.c...
compiling ral_joystick.c...
compiling ral_linesensor.c...
compiling ral_motor.c...
compiling ral_mux.c...
compiling ral_odometry.c...
compiling ral_pid.c...
compiling ral_servo.c...
compiling aal_adc.c...
compiling aal_gpio.c...
compiling aal_spi.c...
compiling aal_timer.c...
compiling aal_uart.c...
compiling arm_math.c...
compiling aal_pwm.c...
linking...
Program Size: Code=13576 RO-data=136 RW-data=52 ZI-data=1540  
FromELF: creating hex file...
"213x.axf" - 0 Error(s), 1 Warning(s).
Build target 'Target 1'
compiling fourwheel.c...
compiling main.c...
main.c(187): warning:  #111-D: statement is unreachable
main.c:         return 0;
main.c:         ^
main.c: main.c: 1 warning, 0 errors
assembling Startup.s...
compiling ral_encoder.c...
compiling ral_joystick.c...
compiling ral_linesensor.c...
compiling ral_motor.c...
compiling ral_mux.c...
compiling ral_odometry.c...
compiling ral_pid.c...
compiling ral_servo.c...
compiling aal_adc.c...
compiling aal_gpio.c...
compiling aal_spi.c...
compiling aal_timer.c...
compiling aal_uart.c...
compiling arm_math.c...
compiling aal_pwm.c...
linking...
Program Size: Code=14184 RO-data=136 RW-data=52 ZI-data=1540  
FromELF: creating hex file...
"213x.axf" - 0 Error(s), 1 Warning(s).
Build target 'Target 1'
compiling fourwheel.c...
compiling main.c...
main.c(194): warning:  #111-D: statement is unreachable
main.c:         return 0;
main.c:         ^
main.c: main.c: 1 warning, 0 errors
assembling Startup.s...
compiling ral_encoder.c...
compiling ral_joystick.c...
compiling ral_linesensor.c...
compiling ral_motor.c...
compiling ral_mux.c...
compiling ral_odometry.c...
compiling ral_pid.c...
compiling ral_servo.c...
compiling aal_adc.c...
compiling aal_gpio.c...
compiling aal_spi.c...
compiling aal_timer.c...
compiling aal_uart.c...
compiling arm_math.c...
compiling aal_pwm.c...
linking...
Program Size: Code=14280 RO-data=136 RW-data=52 ZI-data=1620  
FromELF: creating hex file...
"213x.axf" - 0 Error(s), 1 Warning(s).
Build target 'Target 1'
compiling fourwheel.c...
compiling main.c...
main.c(204): warning:  #111-D: statement is unreachable
main.c:         return 0;
main.c:         ^
main.c: main.c: 1 warning, 0 errors
assembling Startup.s...
compiling ral_encoder.c...
compiling ral_joystick.c...
compiling ral_linesensor.c...
compiling ral_motor.c...
compiling ral_mux.c...
compiling ral_odometry.c...
compiling ral_pid.c...
compiling ral_servo.c...
compiling aal_adc.c...
compiling aal_gpio.c...
compiling aal_spi.c...
compiling aal_timer.c...
compiling aal_uart.c...
compiling arm_math.c...
compiling aal_pwm.c...
linking...
Program Size: Code=14332 RO-data=136 RW-data=56 ZI-data=1616  
FromELF: creating hex file...
"213x.axf" - 0 Error(s), 1 Warning(s).
Build target 'Target 1'
compiling fourwheel.c...
compiling main.c...
main.c(208): warning:  #111-D: statement is unreachable
main.c:         return 0;
main.c:         ^
main.c: main.c: 1 warning, 0 errors
assembling Startup.s...
compiling ral_encoder.c...
compiling ral_joystick.c...
compiling ral_linesensor.c...
compiling ral_motor.c...
compiling ral_mux.c...
compiling ral_odometry.c...
compiling ral_pid.c...
compiling ral_servo.c...
compiling aal_adc.c...
compiling aal_gpio.c...
compiling aal_spi.c...
compiling aal_timer.c...
compiling aal_uart.c...
compiling arm_math.c...
compiling aal_pwm.c...
linking...
Program Size: Code=14452 RO-data=136 RW-data=56 ZI-data=1616  
FromELF: creating hex file...
"213x.axf" - 0 Error(s), 1 Warning(s).
Build target 'Target 1'
compiling fourwheel.c...
compiling main.c...
main.c(210): warning:  #111-D: statement is unreachable
main.c:         return 0;
main.c:         ^
main.c: main.c: 1 warning, 0 errors
assembling Startup.s...
compiling ral_encoder.c...
compiling ral_joystick.c...
compiling ral_linesensor.c...
compiling ral_motor.c...
compiling ral_mux.c...
compiling ral_odometry.c...
compiling ral_pid.c...
compiling ral_servo.c...
compiling aal_adc.c...
compiling aal_gpio.c...
compiling aal_spi.c...
compiling aal_timer.c...
compiling aal_uart.c...
compiling arm_math.c...
compiling aal_pwm.c...
linking...
Program Size: Code=14480 RO-data=136 RW-data=56 ZI-data=1616  
FromELF: creating hex file...
"213x.axf" - 0 Error(s), 1 Warning(s).
Build target 'Target 1'
compiling fourwheel.c...
compiling main.c...
main.c(212): warning:  #111-D: statement is unreachable
main.c:         return 0;
main.c:         ^
main.c: main.c: 1 warning, 0 errors
assembling Startup.s...
compiling ral_encoder.c...
compiling ral_joystick.c...
compiling ral_linesensor.c...
compiling ral_motor.c...
compiling ral_mux.c...
compiling ral_odometry.c...
compiling ral_pid.c...
compiling ral_servo.c...
compiling aal_adc.c...
compiling aal_gpio.c...
compiling aal_spi.c...
compiling aal_timer.c...
compiling aal_uart.c...
compiling arm_math.c...
compiling aal_pwm.c...
linking...
Program Size: Code=14480 RO-data=136 RW-data=56 ZI-data=1616  
FromELF: creating hex file...
"213x.axf" - 0 Error(s), 1 Warning(s).
Build target 'Target 1'
compiling fourwheel.c...
compiling main.c...
main.c(212): warning:  #111-D: statement is unreachable
main.c:         return 0;
main.c:         ^
main.c: main.c: 1 warning, 0 errors
assembling Startup.s...
compiling ral_encoder.c...
compiling ral_joystick.c...
compiling ral_linesensor.c...
compiling ral_motor.c...
compiling ral_mux.c...
compiling ral_odometry.c...
compiling ral_pid.c...
compiling ral_servo.c...
compiling aal_adc.c...
compiling aal_gpio.c...
compiling aal_spi.c...
compiling aal_timer.c...
compiling aal_uart.c...
compiling arm_math.c...
compiling aal_pwm.c...
linking...
Program Size: Code=14480 RO-data=136 RW-data=56 ZI-data=1616  
FromELF: creating hex file...
"213x.axf" - 0 Error(s), 1 Warning(s).
